Component: ARM Compiler 5.06 update 7 (build 960) Tool: armlink [4d3601]

==============================================================================

Section Cross References

    adafruit_802.o(i.MX_ADAFRUIT_802_ADC_Init) refers to stm32h7xx_hal_adc.o(i.HAL_ADC_Init) for HAL_ADC_Init
    adafruit_802.o(i.MX_ADAFRUIT_802_ADC_Init) refers to stm32h7xx_hal_adc.o(i.HAL_ADC_ConfigChannel) for HAL_ADC_ConfigChannel
    adafruit_802_lcd.o(i.ADAFRUIT_802_LCD_DeInit) refers to adafruit_802_lcd.o(i.LCD_IO_DeInit) for LCD_IO_DeInit
    adafruit_802_lcd.o(i.ADAFRUIT_802_LCD_DisplayOff) refers to adafruit_802_lcd.o(.data) for Lcd_Drv
    adafruit_802_lcd.o(i.ADAFRUIT_802_LCD_DisplayOn) refers to adafruit_802_lcd.o(.data) for Lcd_Drv
    adafruit_802_lcd.o(i.ADAFRUIT_802_LCD_DrawBitmap) refers to adafruit_802_lcd.o(.data) for Lcd_Drv
    adafruit_802_lcd.o(i.ADAFRUIT_802_LCD_DrawHLine) refers to adafruit_802_lcd.o(.data) for Lcd_Drv
    adafruit_802_lcd.o(i.ADAFRUIT_802_LCD_DrawVLine) refers to adafruit_802_lcd.o(.data) for Lcd_Drv
    adafruit_802_lcd.o(i.ADAFRUIT_802_LCD_FillRGBRect) refers to adafruit_802_lcd.o(.data) for Lcd_Drv
    adafruit_802_lcd.o(i.ADAFRUIT_802_LCD_FillRect) refers to adafruit_802_lcd.o(.data) for Lcd_Drv
    adafruit_802_lcd.o(i.ADAFRUIT_802_LCD_GetBrightness) refers to adafruit_802_lcd.o(.data) for Lcd_Drv
    adafruit_802_lcd.o(i.ADAFRUIT_802_LCD_GetXSize) refers to adafruit_802_lcd.o(.data) for Lcd_Drv
    adafruit_802_lcd.o(i.ADAFRUIT_802_LCD_GetYSize) refers to adafruit_802_lcd.o(.data) for Lcd_Drv
    adafruit_802_lcd.o(i.ADAFRUIT_802_LCD_Init) refers to adafruit_seesaw.o(i.Adafruit_seesaw_init) for Adafruit_seesaw_init
    adafruit_802_lcd.o(i.ADAFRUIT_802_LCD_Init) refers to adafruit_seesaw.o(i.Adafruit_seesaw_pinModeBulk) for Adafruit_seesaw_pinModeBulk
    adafruit_802_lcd.o(i.ADAFRUIT_802_LCD_Init) refers to adafruit_802_lcd.o(i.BSP_LCD_SetBacklight) for BSP_LCD_SetBacklight
    adafruit_802_lcd.o(i.ADAFRUIT_802_LCD_Init) refers to adafruit_802_lcd.o(i.BSP_LCD_Reset) for BSP_LCD_Reset
    adafruit_802_lcd.o(i.ADAFRUIT_802_LCD_Init) refers to adafruit_802_lcd.o(i.ST7735_Probe) for ST7735_Probe
    adafruit_802_lcd.o(i.ADAFRUIT_802_LCD_Init) refers to adafruit_802_lcd.o(i.ADAFRUIT_802_LCD_GetXSize) for ADAFRUIT_802_LCD_GetXSize
    adafruit_802_lcd.o(i.ADAFRUIT_802_LCD_Init) refers to adafruit_802_lcd.o(i.ADAFRUIT_802_LCD_GetYSize) for ADAFRUIT_802_LCD_GetYSize
    adafruit_802_lcd.o(i.ADAFRUIT_802_LCD_Init) refers to adafruit_802_lcd.o(i.ADAFRUIT_802_LCD_FillRect) for ADAFRUIT_802_LCD_FillRect
    adafruit_802_lcd.o(i.ADAFRUIT_802_LCD_Init) refers to adafruit_802_lcd.o(.bss) for Lcd_Ctx
    adafruit_802_lcd.o(i.ADAFRUIT_802_LCD_SetBrightness) refers to adafruit_802_lcd.o(.data) for Lcd_Drv
    adafruit_802_lcd.o(i.ADAFRUIT_802_LCD_WritePixel) refers to adafruit_802_lcd.o(.data) for Lcd_Drv
    adafruit_802_lcd.o(i.BSP_LCD_Reset) refers to adafruit_seesaw.o(i.Adafruit_seesaw_digitalWrite) for Adafruit_seesaw_digitalWrite
    adafruit_802_lcd.o(i.BSP_LCD_SetBacklight) refers to adafruit_seesaw.o(i.Adafruit_seesaw_write) for Adafruit_seesaw_write
    adafruit_802_lcd.o(i.LCD_IO_DeInit) refers to stm32h7xx_hal_gpio.o(i.HAL_GPIO_WritePin) for HAL_GPIO_WritePin
    adafruit_802_lcd.o(i.LCD_IO_DeInit) refers to stm32h7xx_hal_gpio.o(i.HAL_GPIO_DeInit) for HAL_GPIO_DeInit
    adafruit_802_lcd.o(i.LCD_IO_Init) refers to stm32h7xx_hal_gpio.o(i.HAL_GPIO_Init) for HAL_GPIO_Init
    adafruit_802_lcd.o(i.LCD_IO_Init) refers to stm32h7xx_hal_gpio.o(i.HAL_GPIO_WritePin) for HAL_GPIO_WritePin
    adafruit_802_lcd.o(i.LCD_IO_Init) refers to stm32h7xx_nucleo_bus_1.o(i.BSP_SPI1_Init) for BSP_SPI1_Init
    adafruit_802_lcd.o(i.LCD_IO_SendData) refers to stm32h7xx_hal_gpio.o(i.HAL_GPIO_WritePin) for HAL_GPIO_WritePin
    adafruit_802_lcd.o(i.LCD_IO_SendData) refers to stm32h7xx_nucleo_bus_1.o(i.BSP_SPI1_Send) for BSP_SPI1_Send
    adafruit_802_lcd.o(i.LCD_IO_WriteReg) refers to stm32h7xx_hal_gpio.o(i.HAL_GPIO_WritePin) for HAL_GPIO_WritePin
    adafruit_802_lcd.o(i.LCD_IO_WriteReg) refers to stm32h7xx_nucleo_bus_1.o(i.BSP_SPI1_Send) for BSP_SPI1_Send
    adafruit_802_lcd.o(i.LCD_IO_WriteReg) refers to adafruit_802_lcd.o(i.LCD_IO_SendData) for LCD_IO_SendData
    adafruit_802_lcd.o(i.ST7735_Probe) refers to st7735.o(i.ST7735_RegisterBusIO) for ST7735_RegisterBusIO
    adafruit_802_lcd.o(i.ST7735_Probe) refers to adafruit_802_lcd.o(i.LCD_IO_Init) for LCD_IO_Init
    adafruit_802_lcd.o(i.ST7735_Probe) refers to adafruit_802_lcd.o(i.LCD_IO_DeInit) for LCD_IO_DeInit
    adafruit_802_lcd.o(i.ST7735_Probe) refers to stm32h7xx_nucleo_bus_1.o(i.BSP_GetTick) for BSP_GetTick
    adafruit_802_lcd.o(i.ST7735_Probe) refers to adafruit_802_lcd.o(i.LCD_IO_WriteReg) for LCD_IO_WriteReg
    adafruit_802_lcd.o(i.ST7735_Probe) refers to adafruit_802_lcd.o(i.LCD_IO_SendData) for LCD_IO_SendData
    adafruit_802_lcd.o(i.ST7735_Probe) refers to adafruit_802_lcd.o(.bss) for ST7735Obj
[...]
    .data                                    0x240000ac   Section        9  stm32h7xx_hal.o(.data)
    .data                                    0x240000b8   Section        8  fatfs_storage.o(.data)
    .data                                    0x240000c0   Section       28  main_1.o(.data)
    .data                                    0x240000dc   Section        1  sd_diskio.o(.data)
    Stat                                     0x240000dc   Data           1  sd_diskio.o(.data)
    .data                                    0x240000de   Section        7  fatfs_sd.o(.data)
    Stat                                     0x240000e2   Data           1  fatfs_sd.o(.data)
    CardType                                 0x240000e3   Data           1  fatfs_sd.o(.data)
    PowerFlag                                0x240000e4   Data           1  fatfs_sd.o(.data)
    .data                                    0x240000e8   Section        6  ff.o(.data)
    FatFs                                    0x240000e8   Data           4  ff.o(.data)
    Fsid                                     0x240000ec   Data           2  ff.o(.data)
    .data                                    0x240000f0   Section       40  stm32_lcd.o(.data)
    .data                                    0x24000118   Section        4  mvars.o(.data)
    .data                                    0x2400011c   Section        4  mvars.o(.data)
    .bss                                     0x24000120   Section       72  adafruit_802_lcd.o(.bss)
    ST7735Obj                                0x24000130   Data          56  adafruit_802_lcd.o(.bss)
    .bss                                     0x24000168   Section     1292  st7735.o(.bss)
    ST7735Ctx                                0x24000168   Data          12  st7735.o(.bss)
    pdata                                    0x24000174   Data         640  st7735.o(.bss)
    pdata                                    0x240003f4   Data         640  st7735.o(.bss)
    .bss                                     0x24000674   Section      220  stm32h7xx_nucleo.o(.bss)
    hnucleo_I2c1                             0x24000704   Data          76  stm32h7xx_nucleo.o(.bss)
    .bss                                     0x24000750   Section     5048  fatfs_storage.o(.bss)
    .bss                                     0x24001b08   Section     8516  main_1.o(.bss)
    .bss                                     0x24003c4c   Section      136  stm32h7xx_nucleo_bus_1.o(.bss)
    .bss                                     0x24003cd4   Section       32  ff.o(.bss)
    Files                                    0x24003cd4   Data          32  ff.o(.bss)
    .bss                                     0x24003cf4   Section       12  ff_gen_drv.o(.bss)
    .bss                                     0x24003d00   Section      108  stm32_lcd.o(.bss)
    DrawProp                                 0x24003d00   Data          64  stm32_lcd.o(.bss)
    FuncDriver                               0x24003d40   Data          44  stm32_lcd.o(.bss)
    HEAP                                     0x24003d70   Section     4096  startup_stm32h745xx.o(HEAP)
    STACK                                    0x24004d70   Section     4096  startup_stm32h745xx.o(STACK)

    Global Symbols

    Symbol Name                              Value     Ov Type        Size  Object(Section)

    BuildAttributes$$THM_ISAv4$E$P$D$K$B$S$7EM$VFPv5_D16$PE$PLD8$A:L22UL41UL21$X:L11$S22US41US21$IEEE1$IW$USESV6$~STKCKD$USESV7$~SHL$OSPACE$ROPI$EBA8$MICROLIB$REQ8$PRES8$EABIv2 0x00000000   Number         0  anon$$obj.o ABSOLUTE
    __ARM_use_no_argv                        0x00000000   Number         0  main_1.o ABSOLUTE
    _printf_a                                0x00000000   Number         0  stubs.o ABSOLUTE
    _printf_c                                0x00000000   Number         0  stubs.o ABSOLUTE
    _printf_charcount                        0x00000000   Number         0  stubs.o ABSOLUTE
    _printf_d                                0x00000000   Number         0  stubs.o ABSOLUTE
    _printf_e                                0x00000000   Number         0  stubs.o ABSOLUTE
    _printf_f                                0x00000000   Number         0  stubs.o ABSOLUTE
    _printf_flags                            0x00000000   Number         0  stubs.o ABSOLUTE
    _printf_fp_dec                           0x00000000   Number         0  stubs.o ABSOLUTE
    _printf_fp_hex                           0x00000000   Number         0  stubs.o ABSOLUTE
    _printf_g                                0x00000000   Number         0  stubs.o ABSOLUTE
    _printf_i                                0x00000000   Number         0  stubs.o ABSOLUTE
    _printf_int_dec                          0x00000000   Number         0  stubs.o ABSOLUTE
    _printf_l                                0x00000000   Number         0  stubs.o ABSOLUTE
    _printf_lc                               0x00000000   Number         0  stubs.o ABSOLUTE
    _printf_ll                               0x00000000   Number         0  stubs.o ABSOLUTE
    _printf_lld                              0x00000000   Number         0  stubs.o ABSOLUTE
    _printf_lli                              0x00000000   Number         0  stubs.o ABSOLUTE
    _printf_llo                              0x00000000   Number         0  stubs.o ABSOLUTE
    _printf_llu                              0x00000000   Number         0  stubs.o ABSOLUTE
    _printf_llx                              0x00000000   Number         0  stubs.o ABSOLUTE
    _printf_longlong_dec                     0x00000000   Number         0  stubs.o ABSOLUTE
    _printf_longlong_hex                     0x00000000   Number         0  stubs.o ABSOLUTE
    _printf_longlong_oct                     0x00000000   Number         0  stubs.o ABSOLUTE
    _printf_ls                               0x00000000   Number         0  stubs.o ABSOLUTE
    _printf_mbtowc                           0x00000000   Number         0  stubs.o ABSOLUTE
    _printf_n                                0x00000000   Number         0  stubs.o ABSOLUTE
    _printf_o                                0x00000000   Number         0  stubs.o ABSOLUTE
    _printf_p                                0x00000000   Number         0  stubs.o ABSOLUTE
    _printf_percent                          0x00000000   Number         0  stubs.o ABSOLUTE
    _printf_pre_padding                      0x00000000   Number         0  stubs.o ABSOLUTE
    _printf_return_value                     0x00000000   Number         0  stubs.o ABSOLUTE
    _printf_s                                0x00000000   Number         0  stubs.o ABSOLUTE
    _printf_sizespec                         0x00000000   Number         0  stubs.o ABSOLUTE
    _printf_str                              0x00000000   Number         0  stubs.o ABSOLUTE
    _printf_truncate_signed                  0x00000000   Number         0  stubs.o ABSOLUTE
    _printf_truncate_unsigned                0x00000000   Number         0  stubs.o ABSOLUTE
    _printf_u                                0x00000000   Number         0  stubs.o ABSOLUTE
    _printf_wc                               0x00000000   Number         0  stubs.o ABSOLUTE
    _printf_wctomb                           0x00000000   Number         0  stubs.o ABSOLUTE
    _printf_widthprec                        0x00000000   Number         0  stubs.o ABSOLUTE
    _printf_x                                0x00000000   Number         0  stubs.o ABSOLUTE
    __arm_fini_                               - Undefined Weak Reference
    __cpp_initialize__aeabi_                  - Undefined Weak Reference
    __cxa_finalize                            - Undefined Weak Reference
    __decompress                              - Undefined Weak Reference
    _clock_init                               - Undefined Weak Reference
    _microlib_exit                            - Undefined Weak Reference
    __Vectors_Size                           0x00000298   Number         0  startup_stm32h745xx.o ABSOLUTE
    __Vectors                                0x08000000   Data           4  startup_stm32h745xx.o(RESET)
    __Vectors_End                            0x08000298   Data           0  startup_stm32h745xx.o(RESET)
    __main                                   0x08000299   Thumb Code     0  entry.o(.ARM.Collect$$$$00000000)
    _main_stk                                0x08000299   Thumb Code     0  entry2.o(.ARM.Collect$$$$00000001)
    _main_scatterload                        0x0800029d   Thumb Code     0  entry5.o(.ARM.Collect$$$$00000004)
    __main_after_scatterload                 0x080002a1   Thumb Code     0  entry5.o(.ARM.Collect$$$$00000004)
    _main_clock                              0x080002a1   Thumb Code     0  entry7b.o(.ARM.Collect$$$$00000008)
    _main_cpp_init                           0x080002a1   Thumb Code     0  entry8b.o(.ARM.Collect$$$$0000000A)
    _main_init                               0x080002a1   Thumb Code     0  entry9a.o(.ARM.Collect$$$$0000000B)
    __rt_lib_shutdown_fini                   0x080002a9   Thumb Code     0  entry12b.o(.ARM.Collect$$$$0000000E)
    __rt_final_cpp                           0x080002ad   Thumb Code     0  entry10a.o(.ARM.Collect$$$$0000000F)
    __rt_final_exit                          0x080002ad   Thumb Code     0  entry11a.o(.ARM.Collect$$$$00000011)
    Reset_Handler                            0x080002b1   Thumb Code     8  startup_stm32h745xx.o(.text)
    ADC3_IRQHandler                          0x080002cb   Thumb Code     0  startup_stm32h745xx.o(.text)
    ADC_IRQHandler                           0x080002cb   Thumb Code     0  startup_stm32h745xx.o(.text)
    BDMA_Channel0_IRQHandler                 0x080002cb   Thumb Code     0  startup_stm32h745xx.o(.text)
    BDMA_Channel1_IRQHandler                 0x080002cb   Thumb Code     0  startup_stm32h745xx.o(.text)
    BDMA_Channel2_IRQHandler                 0x080002cb   Thumb Code     0  startup_stm32h745xx.o(.text)
    BDMA_Channel3_IRQHandler                 0x080002cb   Thumb Code     0  startup_stm32h745xx.o(.text)
    BDMA_Channel4_IRQHandler                 0x080002cb   Thumb Code     0  startup_stm32h745xx.o(.text)
    BDMA_Channel5_IRQHandler                 0x080002cb   Thumb Code     0  startup_stm32h745xx.o(.text)
    BDMA_Channel6_IRQHandler                 0x080002cb   Thumb Code     0  startup_stm32h745xx.o(.text)
    BDMA_Channel7_IRQHandler                 0x080002cb   Thumb Code     0  startup_stm32h745xx.o(.text)
    CEC_IRQHandler                           0x080002cb   Thumb Code     0  startup_stm32h745xx.o(.text)
    CM4_SEV_IRQHandler                       0x080002cb   Thumb Code     0  startup_stm32h745xx.o(.text)
    CM7_SEV_IRQHandler                       0x080002cb   Thumb Code     0  startup_stm32h745xx.o(.text)
    COMP1_IRQHandler                         0x080002cb   Thumb Code     0  startup_stm32h745xx.o(.text)
    CRS_IRQHandler                           0x080002cb   Thumb Code     0  startup_stm32h745xx.o(.text)
    DCMI_IRQHandler                          0x080002cb   Thumb Code     0  startup_stm32h745xx.o(.text)
    DFSDM1_FLT0_IRQHandler                   0x080002cb   Thumb Code     0  startup_stm32h745xx.o(.text)
    DFSDM1_FLT1_IRQHandler                   0x080002cb   Thumb Code     0  startup_stm32h745xx.o(.text)
    DFSDM1_FLT2_IRQHandler                   0x080002cb   Thumb Code     0  startup_stm32h745xx.o(.text)
    DFSDM1_FLT3_IRQHandler                   0x080002cb   Thumb Code     0  startup_stm32h745xx.o(.text)
    DMA1_Stream0_IRQHandler                  0x080002cb   Thumb Code     0  startup_stm32h745xx.o(.text)
    DMA1_Stream1_IRQHandler                  0x080002cb   Thumb Code     0  startup_stm32h745xx.o(.text)
    DMA1_Stream2_IRQHandler                  0x080002cb   Thumb Code     0  startup_stm32h745xx.o(.text)
    DMA1_Stream3_IRQHandler                  0x080002cb   Thumb Code     0  startup_stm32h745xx.o(.text)
    DMA1_Stream4_IRQHandler                  0x080002cb   Thumb Code     0  startup_stm32h745xx.o(.text)
    DMA1_Stream5_IRQHandler                  0x080002cb   Thumb Code     0  startup_stm32h745xx.o(.text)
    DMA1_Stream6_IRQHandler                  0x080002cb   Thumb Code     0  startup_stm32h745xx.o(.text)
    DMA1_Stream7_IRQHandler                  0x080002cb   Thumb Code     0  startup_stm32h745xx.o(.text)
    DMA2D_IRQHandler                         0x080002cb   Thumb Code     0  startup_stm32h745xx.o(.text)
    DMA2_Stream0_IRQHandler                  0x080002cb   Thumb Code     0  startup_stm32h745xx.o(.text)
    DMA2_Stream1_IRQHandler                  0x080002cb   Thumb Code     0  startup_stm32h745xx.o(.text)
    DMA2_Stream2_IRQHandler                  0x080002cb   Thumb Code     0  startup_stm32h745xx.o(.text)
    DMA2_Stream3_IRQHandler                  0x080002cb   Thumb Code     0  startup_stm32h745xx.o(.text)
    DMA2_Stream4_IRQHandler                  0x080002cb   Thumb Code     0  startup_stm32h745xx.o(.text)
    DMA2_Stream5_IRQHandler                  0x080002cb   Thumb Code     0  startup_stm32h745xx.o(.text)
    DMA2_Stream6_IRQHandler                  0x080002cb   Thumb Code     0  startup_stm32h745xx.o(.text)
    DMA2_Stream7_IRQHandler                  0x080002cb   Thumb Code     0  startup_stm32h745xx.o(.text)
    DMAMUX1_OVR_IRQHandler                   0x080002cb   Thumb Code     0  startup_stm32h745xx.o(.text)
    DMAMUX2_OVR_IRQHandler                   0x080002cb   Thumb Code     0  startup_stm32h745xx.o(.text)
    ECC_IRQHandler                           0x080002cb   Thumb Code     0  startup_stm32h745xx.o(.text)
    ETH_IRQHandler                           0x080002cb   Thumb Code     0  startup_stm32h745xx.o(.text)
    ETH_WKUP_IRQHandler                      0x080002cb   Thumb Code     0  startup_stm32h745xx.o(.text)
    EXTI0_IRQHandler                         0x080002cb   Thumb Code     0  startup_stm32h745xx.o(.text)
    EXTI1_IRQHandler                         0x080002cb   Thumb Code     0  startup_stm32h745xx.o(.text)
    EXTI2_IRQHandler                         0x080002cb   Thumb Code     0  startup_stm32h745xx.o(.text)
    EXTI3_IRQHandler                         0x080002cb   Thumb Code     0  startup_stm32h745xx.o(.text)
    EXTI4_IRQHandler                         0x080002cb   Thumb Code     0  startup_stm32h745xx.o(.text)
    EXTI9_5_IRQHandler                       0x080002cb   Thumb Code     0  startup_stm32h745xx.o(.text)
    FDCAN1_IT0_IRQHandler                    0x080002cb   Thumb Code     0  startup_stm32h745xx.o(.text)
    FDCAN1_IT1_IRQHandler                    0x080002cb   Thumb Code     0  startup_stm32h745xx.o(.text)
    FDCAN2_IT0_IRQHandler                    0x080002cb   Thumb Code     0  startup_stm32h745xx.o(.text)
    FDCAN2_IT1_IRQHandler                    0x080002cb   Thumb Code     0  startup_stm32h745xx.o(.text)
    FDCAN_CAL_IRQHandler                     0x080002cb   Thumb Code     0  startup_stm32h745xx.o(.text)
    FLASH_IRQHandler                         0x080002cb   Thumb Code     0  startup_stm32h745xx.o(.text)
    FMC_IRQHandler                           0x080002cb   Thumb Code     0  startup_stm32h745xx.o(.text)
    FPU_IRQHandler                           0x080002cb   Thumb Code     0  startup_stm32h745xx.o(.text)
    HOLD_CORE_IRQHandler                     0x080002cb   Thumb Code     0  startup_stm32h745xx.o(.text)
    HRTIM1_FLT_IRQHandler                    0x080002cb   Thumb Code     0  startup_stm32h745xx.o(.text)
    HRTIM1_Master_IRQHandler                 0x080002cb   Thumb Code     0  startup_stm32h745xx.o(.text)
    HRTIM1_TIMA_IRQHandler                   0x080002cb   Thumb Code     0  startup_stm32h745xx.o(.text)
    HRTIM1_TIMB_IRQHandler                   0x080002cb   Thumb Code     0  startup_stm32h745xx.o(.text)
    HRTIM1_TIMC_IRQHandler                   0x080002cb   Thumb Code     0  startup_stm32h745xx.o(.text)
    HRTIM1_TIMD_IRQHandler                   0x080002cb   Thumb Code     0  startup_stm32h745xx.o(.text)
    HRTIM1_TIME_IRQHandler                   0x080002cb   Thumb Code     0  startup_stm32h745xx.o(.text)
    HSEM1_IRQHandler                         0x080002cb   Thumb Code     0  startup_stm32h745xx.o(.text)
    HSEM2_IRQHandler                         0x080002cb   Thumb Code     0  startup_stm32h745xx.o(.text)
    I2C1_ER_IRQHandler                       0x080002cb   Thumb Code     0  startup_stm32h745xx.o(.text)
    I2C1_EV_IRQHandler                       0x080002cb   Thumb Code     0  startup_stm32h745xx.o(.text)
    I2C2_ER_IRQHandler                       0x080002cb   Thumb Code     0  startup_stm32h745xx.o(.text)
    I2C2_EV_IRQHandler                       0x080002cb   Thumb Code     0  startup_stm32h745xx.o(.text)
    I2C3_ER_IRQHandler                       0x080002cb   Thumb Code     0  startup_stm32h745xx.o(.text)
    I2C3_EV_IRQHandler                       0x080002cb   Thumb Code     0  startup_stm32h745xx.o(.text)
    I2C4_ER_IRQHandler                       0x080002cb   Thumb Code     0  startup_stm32h745xx.o(.text)
    I2C4_EV_IRQHandler                       0x080002cb   Thumb Code     0  startup_stm32h745xx.o(.text)
    JPEG_IRQHandler                          0x080002cb   Thumb Code     0  startup_stm32h745xx.o(.text)
    LPTIM1_IRQHandler                        0x080002cb   Thumb Code     0  startup_stm32h745xx.o(.text)
    LPTIM2_IRQHandler                        0x080002cb   Thumb Code     0  startup_stm32h745xx.o(.text)
    LPTIM3_IRQHandler                        0x080002cb   Thumb Code     0  startup_stm32h745xx.o(.text)
    LPTIM4_IRQHandler                        0x080002cb   Thumb Code     0  startup_stm32h745xx.o(.text)
    LPTIM5_IRQHandler                        0x080002cb   Thumb Code     0  startup_stm32h745xx.o(.text)
    LPUART1_IRQHandler                       0x080002cb   Thumb Code     0  startup_stm32h745xx.o(.text)
    LTDC_ER_IRQHandler                       0x080002cb   Thumb Code     0  startup_stm32h745xx.o(.text)
    LTDC_IRQHandler                          0x080002cb   Thumb Code     0  startup_stm32h745xx.o(.text)
    MDIOS_IRQHandler                         0x080002cb   Thumb Code     0  startup_stm32h745xx.o(.text)
    MDIOS_WKUP_IRQHandler                    0x080002cb   Thumb Code     0  startup_stm32h745xx.o(.text)
    MDMA_IRQHandler                          0x080002cb   Thumb Code     0  startup_stm32h745xx.o(.text)
    OTG_FS_EP1_IN_IRQHandler                 0x080002cb   Thumb Code     0  startup_stm32h745xx.o(.text)
    OTG_FS_EP1_OUT_IRQHandler                0x080002cb   Thumb Code     0  startup_stm32h745xx.o(.text)
    OTG_FS_IRQHandler                        0x080002cb   Thumb Code     0  startup_stm32h745xx.o(.text)
    OTG_FS_WKUP_IRQHandler                   0x080002cb   Thumb Code     0  startup_stm32h745xx.o(.text)
    OTG_HS_EP1_IN_IRQHandler                 0x080002cb   Thumb Code     0  startup_stm32h745xx.o(.text)
    OTG_HS_EP1_OUT_IRQHandler                0x080002cb   Thumb Code     0  startup_stm32h745xx.o(.text)
    OTG_HS_IRQHandler                        0x080002cb   Thumb Code     0  startup_stm32h745xx.o(.text)
    OTG_HS_WKUP_IRQHandler                   0x080002cb   Thumb Code     0  startup_stm32h745xx.o(.text)
    PVD_AVD_IRQHandler                       0x080002cb   Thumb Code     0  startup_stm32h745xx.o(.text)
    QUADSPI_IRQHandler                       0x080002cb   Thumb Code     0  startup_stm32h745xx.o(.text)
    RCC_IRQHandler                           0x080002cb   Thumb Code     0  startup_stm32h745xx.o(.text)
    RNG_IRQHandler                           0x080002cb   Thumb Code     0  startup_stm32h745xx.o(.text)
    RTC_Alarm_IRQHandler                     0x080002cb   Thumb Code     0  startup_stm32h745xx.o(.text)
    RTC_WKUP_IRQHandler                      0x080002cb   Thumb Code     0  startup_stm32h745xx.o(.text)
    SAI1_IRQHandler                          0x080002cb   Thumb Code     0  startup_stm32h745xx.o(.text)
    SAI2_IRQHandler                          0x080002cb   Thumb Code     0  startup_stm32h745xx.o(.text)
    SAI3_IRQHandler                          0x080002cb   Thumb Code     0  startup_stm32h745xx.o(.text)
    SAI4_IRQHandler                          0x080002cb   Thumb Code     0  startup_stm32h745xx.o(.text)
    SDMMC1_IRQHandler                        0x080002cb   Thumb Code     0  startup_stm32h745xx.o(.text)
    SDMMC2_IRQHandler                        0x080002cb   Thumb Code     0  startup_stm32h745xx.o(.text)
    SPDIF_RX_IRQHandler                      0x080002cb   Thumb Code     0  startup_stm32h745xx.o(.text)
    SPI1_IRQHandler                          0x080002cb   Thumb Code     0  startup_stm32h745xx.o(.text)
    SPI2_IRQHandler                          0x080002cb   Thumb Code     0  startup_stm32h745xx.o(.text)
    SPI3_IRQHandler                          0x080002cb   Thumb Code     0  startup_stm32h745xx.o(.text)
    SPI4_IRQHandler                          0x080002cb   Thumb Code     0  startup_stm32h745xx.o(.text)
    SPI5_IRQHandler                          0x080002cb   Thumb Code     0  startup_stm32h745xx.o(.text)
    SPI6_IRQHandler                          0x080002cb   Thumb Code     0  startup_stm32h745xx.o(.text)
    SWPMI1_IRQHandler                        0x080002cb   Thumb Code     0  startup_stm32h745xx.o(.text)
    TAMP_STAMP_IRQHandler                    0x080002cb   Thumb Code     0  startup_stm32h745xx.o(.text)
    TIM15_IRQHandler                         0x080002cb   Thumb Code     0  startup_stm32h745xx.o(.text)
    TIM16_IRQHandler                         0x080002cb   Thumb Code     0  startup_stm32h745xx.o(.text)
    TIM17_IRQHandler                         0x080002cb   Thumb Code     0  startup_stm32h745xx.o(.text)
    TIM1_BRK_IRQHandler                      0x080002cb   Thumb Code     0  startup_stm32h745xx.o(.text)
    TIM1_CC_IRQHandler                       0x080002cb   Thumb Code     0  startup_stm32h745xx.o(.text)
    TIM1_TRG_COM_IRQHandler                  0x080002cb   Thumb Code     0  startup_stm32h745xx.o(.text)
    TIM1_UP_IRQHandler                       0x080002cb   Thumb Code     0  startup_stm32h745xx.o(.text)
    TIM2_IRQHandler                          0x080002cb   Thumb Code     0  startup_stm32h745xx.o(.text)
    TIM3_IRQHandler                          0x080002cb   Thumb Code     0  startup_stm32h745xx.o(.text)
    TIM4_IRQHandler                          0x080002cb   Thumb Code     0  startup_stm32h745xx.o(.text)
    TIM5_IRQHandler                          0x080002cb   Thumb Code     0  startup_stm32h745xx.o(.text)
    TIM6_DAC_IRQHandler                      0x080002cb   Thumb Code     0  startup_stm32h745xx.o(.text)
    TIM7_IRQHandler                          0x080002cb   Thumb Code     0  startup_stm32h745xx.o(.text)
    TIM8_BRK_TIM12_IRQHandler                0x080002cb   Thumb Code     0  startup_stm32h745xx.o(.text)
    TIM8_CC_IRQHandler                       0x080002cb   Thumb Code     0  startup_stm32h745xx.o(.text)
    TIM8_TRG_COM_TIM14_IRQHandler            0x080002cb   Thumb Code     0  startup_stm32h745xx.o(.text)
    TIM8_UP_TIM13_IRQHandler                 0x080002cb   Thumb Code     0  startup_stm32h745xx.o(.text)
    UART4_IRQHandler                         0x080002cb   Thumb Code     0  startup_stm32h745xx.o(.text)
    UART5_IRQHandler                         0x080002cb   Thumb Code     0  startup_stm32h745xx.o(.text)
    UART7_IRQHandler                         0x080002cb   Thumb Code     0  startup_stm32h745xx.o(.text)
    UART8_IRQHandler                         0x080002cb   Thumb Code     0  startup_stm32h745xx.o(.text)
    USART1_IRQHandler                        0x080002cb   Thumb Code     0  startup_stm32h745xx.o(.text)
    USART2_IRQHandler                        0x080002cb   Thumb Code     0  startup_stm32h745xx.o(.text)
    USART3_IRQHandler                        0x080002cb   Thumb Code     0  startup_stm32h745xx.o(.text)
    USART6_IRQHandler                        0x080002cb   Thumb Code     0  startup_stm32h745xx.o(.text)
    WAKEUP_PIN_IRQHandler                    0x080002cb   Thumb Code     0  startup_stm32h745xx.o(.text)
    WWDG_IRQHandler                          0x080002cb   Thumb Code     0  startup_stm32h745xx.o(.text)
    WWDG_RST_IRQHandler                      0x080002cb   Thumb Code     0  startup_stm32h745xx.o(.text)
    __aeabi_uidiv                            0x080002d5   Thumb Code     0  uidiv.o(.text)
    __aeabi_uidivmod                         0x080002d5   Thumb Code    44  uidiv.o(.text)
    __scatterload                            0x08000301   Thumb Code    28  init.o(.text)
    __scatterload_rt2                        0x08000301   Thumb Code     0  init.o(.text)
    ADAFRUIT_802_LCD_DrawBitmap              0x08000325   Thumb Code    72  adafruit_802_lcd.o(i.ADAFRUIT_802_LCD_DrawBitmap)
    ADAFRUIT_802_LCD_DrawHLine               0x08000375   Thumb Code    80  adafruit_802_lcd.o(i.ADAFRUIT_802_LCD_DrawHLine)
    ADAFRUIT_802_LCD_DrawVLine               0x080003cd   Thumb Code    80  adafruit_802_lcd.o(i.ADAFRUIT_802_LCD_DrawVLine)
    ADAFRUIT_802_LCD_FillRGBRect             0x08000425   Thumb Code    80  adafruit_802_lcd.o(i.ADAFRUIT_802_LCD_FillRGBRect)
    ADAFRUIT_802_LCD_FillRect                0x0800047d   Thumb Code    80  adafruit_802_lcd.o(i.ADAFRUIT_802_LCD_FillRect)
    ADAFRUIT_802_LCD_GetPixelFormat          0x080004d5   Thumb Code    16  adafruit_802_lcd.o(i.ADAFRUIT_802_LCD_GetPixelFormat)
    ADAFRUIT_802_LCD_GetXSize                0x080004e5   Thumb Code    40  adafruit_802_lcd.o(i.ADAFRUIT_802_LCD_GetXSize)
    ADAFRUIT_802_LCD_GetYSize                0x08000515   Thumb Code    40  adafruit_802_lcd.o(i.ADAFRUIT_802_LCD_GetYSize)
    ADAFRUIT_802_LCD_Init                    0x08000545   Thumb Code   158  adafruit_802_lcd.o(i.ADAFRUIT_802_LCD_Init)
    ADAFRUIT_802_LCD_ReadPixel               0x080005e9   Thumb Code    10  adafruit_802_lcd.o(i.ADAFRUIT_802_LCD_ReadPixel)
    ADAFRUIT_802_LCD_WritePixel              0x080005f5   Thumb Code    72  adafruit_802_lcd.o(i.ADAFRUIT_802_LCD_WritePixel)
    ADAFRUIT_802_SD_Init                     0x08000645   Thumb Code    38  adafruit_802_sd.o(i.ADAFRUIT_802_SD_Init)
    Adafruit_seesaw_SWReset                  0x0800066b   Thumb Code    14  adafruit_seesaw.o(i.Adafruit_seesaw_SWReset)
    Adafruit_seesaw_digitalReadBulk          0x08000679   Thumb Code    56  adafruit_seesaw.o(i.Adafruit_seesaw_digitalReadBulk)
    Adafruit_seesaw_digitalWrite             0x080006b1   Thumb Code    44  adafruit_seesaw.o(i.Adafruit_seesaw_digitalWrite)
    Adafruit_seesaw_digitalWriteBulk         0x080006dd   Thumb Code    60  adafruit_seesaw.o(i.Adafruit_seesaw_digitalWriteBulk)
    Adafruit_seesaw_digitalWriteBulkB        0x08000719   Thumb Code    86  adafruit_seesaw.o(i.Adafruit_seesaw_digitalWriteBulkB)
    Adafruit_seesaw_init                     0x08000771   Thumb Code    52  adafruit_seesaw.o(i.Adafruit_seesaw_init)
    Adafruit_seesaw_pinModeBulk              0x080007a9   Thumb Code   154  adafruit_seesaw.o(i.Adafruit_seesaw_pinModeBulk)
    Adafruit_seesaw_read                     0x08000845   Thumb Code    42  adafruit_seesaw.o(i.Adafruit_seesaw_read)
    Adafruit_seesaw_read8                    0x08000875   Thumb Code    32  adafruit_seesaw.o(i.Adafruit_seesaw_read8)
    Adafruit_seesaw_write                    0x08000895   Thumb Code    34  adafruit_seesaw.o(i.Adafruit_seesaw_write)
    Adafruit_seesaw_write8                   0x080008bd   Thumb Code    20  adafruit_seesaw.o(i.Adafruit_seesaw_write8)
    BSP_BUTTONS_GetState                     0x080008d1   Thumb Code    52  stm32h7xx_nucleo.o(i.BSP_BUTTONS_GetState)
    BSP_GetTick                              0x08000905   Thumb Code     8  stm32h7xx_nucleo_bus_1.o(i.BSP_GetTick)
    BSP_JOY_GetState                         0x0800090d   Thumb Code    72  stm32h7xx_nucleo.o(i.BSP_JOY_GetState)
    BSP_JOY_Init                             0x08000955   Thumb Code    20  stm32h7xx_nucleo.o(i.BSP_JOY_Init)
    BSP_LCD_Reset                            0x08000969   Thumb Code    14  adafruit_802_lcd.o(i.BSP_LCD_Reset)
    BSP_LCD_SetBacklight                     0x08000977   Thumb Code    34  adafruit_802_lcd.o(i.BSP_LCD_SetBacklight)
    BSP_LED_Init                             0x08000999   Thumb Code   168  stm32h7xx_nucleo.o(i.BSP_LED_Init)
    BSP_LED_Off                              0x08000a4d   Thumb Code    42  stm32h7xx_nucleo.o(i.BSP_LED_Off)
    BSP_LED_On                               0x08000a81   Thumb Code    42  stm32h7xx_nucleo.o(i.BSP_LED_On)
    BSP_LED_Toggle                           0x08000ab5   Thumb Code    40  stm32h7xx_nucleo.o(i.BSP_LED_Toggle)
    BSP_PB_Callback                          0x08000ae5   Thumb Code    28  main_1.o(i.BSP_PB_Callback)
    BSP_PB_IRQHandler                        0x08000b05   Thumb Code    16  stm32h7xx_nucleo.o(i.BSP_PB_IRQHandler)
    BSP_PB_Init                              0x08000b19   Thumb Code   154  stm32h7xx_nucleo.o(i.BSP_PB_Init)
    BSP_SPI1_Init                            0x08000bd9   Thumb Code    50  stm32h7xx_nucleo_bus_1.o(i.BSP_SPI1_Init)
    BSP_SPI1_Send                            0x08000c15   Thumb Code    32  stm32h7xx_nucleo_bus_1.o(i.BSP_SPI1_Send)
    BSP_SPI1_SendRecv                        0x08000c39   Thumb Code    38  stm32h7xx_nucleo_bus_1.o(i.BSP_SPI1_SendRecv)
    BusFault_Handler                         0x08000c6f   Thumb Code     4  stm32h7xx_it_1.o(i.BusFault_Handler)
    DebugMon_Handler                         0x08000de5   Thumb Code     2  stm32h7xx_it_1.o(i.DebugMon_Handler)
    EXTI15_10_IRQHandler                     0x08000f8d   Thumb Code    10  stm32h7xx_it_1.o(i.EXTI15_10_IRQHandler)
    Error_Handler                            0x08000f97   Thumb Code     4  main_1.o(i.Error_Handler)
    FATFS_LinkDriver                         0x08000f9b   Thumb Code    18  ff_gen_drv.o(i.FATFS_LinkDriver)
    FATFS_LinkDriverEx                       0x08000fad   Thumb Code    78  ff_gen_drv.o(i.FATFS_LinkDriverEx)
    HAL_Delay                                0x08001001   Thumb Code    36  stm32h7xx_hal.o(i.HAL_Delay)
    HAL_EXTI_GetHandle                       0x08001029   Thumb Code    14  stm32h7xx_hal_exti.o(i.HAL_EXTI_GetHandle)
    HAL_EXTI_IRQHandler                      0x08001039   Thumb Code    70  stm32h7xx_hal_exti.o(i.HAL_EXTI_IRQHandler)
    HAL_EXTI_RegisterCallback                0x08001085   Thumb Code    28  stm32h7xx_hal_exti.o(i.HAL_EXTI_RegisterCallback)
    HAL_EnableCompensationCell               0x080010a1   Thumb Code    14  stm32h7xx_hal.o(i.HAL_EnableCompensationCell)
    HAL_GPIO_DeInit                          0x080010b5   Thumb Code   328  stm32h7xx_hal_gpio.o(i.HAL_GPIO_DeInit)
    HAL_GPIO_Init                            0x0800122d   Thumb Code   468  stm32h7xx_hal_gpio.o(i.HAL_GPIO_Init)
    HAL_GPIO_TogglePin                       0x08001435   Thumb Code    20  stm32h7xx_hal_gpio.o(i.HAL_GPIO_TogglePin)
    HAL_GPIO_WritePin                        0x08001449   Thumb Code    12  stm32h7xx_hal_gpio.o(i.HAL_GPIO_WritePin)
    HAL_GetCurrentCPUID                      0x08001455   Thumb Code    20  stm32h7xx_hal_cortex.o(i.HAL_GetCurrentCPUID)
    HAL_GetREVID                             0x0800146d   Thumb Code     8  stm32h7xx_hal.o(i.HAL_GetREVID)
    HAL_GetTick                              0x08001479   Thumb Code     6  stm32h7xx_hal.o(i.HAL_GetTick)
    HAL_HSEM_FastTake                        0x08001485   Thumb Code    22  stm32h7xx_hal_hsem.o(i.HAL_HSEM_FastTake)
    HAL_HSEM_Release                         0x080014a5   Thumb Code    18  stm32h7xx_hal_hsem.o(i.HAL_HSEM_Release)
    HAL_I2C_DeInit                           0x080014bd   Thumb Code    60  stm32h7xx_hal_i2c.o(i.HAL_I2C_DeInit)
    HAL_I2C_GetState                         0x080014f9   Thumb Code     8  stm32h7xx_hal_i2c.o(i.HAL_I2C_GetState)
    HAL_I2C_Init                             0x08001501   Thumb Code   192  stm32h7xx_hal_i2c.o(i.HAL_I2C_Init)
    HAL_I2C_Master_Receive                   0x080015c5   Thumb Code   348  stm32h7xx_hal_i2c.o(i.HAL_I2C_Master_Receive)
    HAL_I2C_Master_Transmit                  0x08001729   Thumb Code   344  stm32h7xx_hal_i2c.o(i.HAL_I2C_Master_Transmit)
    HAL_I2C_Mem_Write                        0x08001889   Thumb Code   402  stm32h7xx_hal_i2c.o(i.HAL_I2C_Mem_Write)
    HAL_I2C_MspDeInit                        0x08001a21   Thumb Code     2  stm32h7xx_hal_i2c.o(i.HAL_I2C_MspDeInit)
    HAL_I2C_MspInit                          0x08001a23   Thumb Code     2  stm32h7xx_hal_i2c.o(i.HAL_I2C_MspInit)
    HAL_IncTick                              0x08001a25   Thumb Code    16  stm32h7xx_hal.o(i.HAL_IncTick)
    HAL_Init                                 0x08001a3d   Thumb Code    80  stm32h7xx_hal.o(i.HAL_Init)
    HAL_InitTick                             0x08001a9d   Thumb Code    74  stm32h7xx_hal.o(i.HAL_InitTick)
    HAL_MspInit                              0x08001af5   Thumb Code     2  stm32h7xx_hal_msp_1.o(i.HAL_MspInit)
    HAL_NVIC_EnableIRQ                       0x08001af7   Thumb Code    40  stm32h7xx_hal_cortex.o(i.HAL_NVIC_EnableIRQ)
    HAL_NVIC_SetPriority                     0x08001b1f   Thumb Code   122  stm32h7xx_hal_cortex.o(i.HAL_NVIC_SetPriority)
    HAL_NVIC_SetPriorityGrouping             0x08001b99   Thumb Code    32  stm32h7xx_hal_cortex.o(i.HAL_NVIC_SetPriorityGrouping)
    HAL_PWREx_ConfigSupply                   0x08001bc1   Thumb Code   144  stm32h7xx_hal_pwr_ex.o(i.HAL_PWREx_ConfigSupply)
    HAL_RCCEx_PeriphCLKConfig                0x08001c55   Thumb Code  2910  stm32h7xx_hal_rcc_ex.o(i.HAL_RCCEx_PeriphCLKConfig)
    HAL_RCC_ClockConfig                      0x080027b9   Thumb Code   774  stm32h7xx_hal_rcc.o(i.HAL_RCC_ClockConfig)
    HAL_RCC_GetHCLKFreq                      0x08002ad9   Thumb Code    60  stm32h7xx_hal_rcc.o(i.HAL_RCC_GetHCLKFreq)
    HAL_RCC_GetSysClockFreq                  0x08002b25   Thumb Code   524  stm32h7xx_hal_rcc.o(i.HAL_RCC_GetSysClockFreq)
    HAL_RCC_OscConfig                        0x08002d51   Thumb Code  2010  stm32h7xx_hal_rcc.o(i.HAL_RCC_OscConfig)
    HAL_SPI_GetState                         0x08003535   Thumb Code     8  stm32h7xx_hal_spi.o(i.HAL_SPI_GetState)
    HAL_SPI_Init                             0x0800353d   Thumb Code   610  stm32h7xx_hal_spi.o(i.HAL_SPI_Init)
    HAL_SPI_MspInit                          0x080037ad   Thumb Code     2  stm32h7xx_hal_spi.o(i.HAL_SPI_MspInit)
    HAL_SPI_Transmit                         0x080037af   Thumb Code   694  stm32h7xx_hal_spi.o(i.HAL_SPI_Transmit)
    HAL_SPI_TransmitReceive                  0x08003a65   Thumb Code  1016  stm32h7xx_hal_spi.o(i.HAL_SPI_TransmitReceive)
    HAL_SYSTICK_Callback                     0x08003e5d   Thumb Code     2  stm32h7xx_hal_cortex.o(i.HAL_SYSTICK_Callback)
    HAL_SYSTICK_Config                       0x08003e5f   Thumb Code    52  stm32h7xx_hal_cortex.o(i.HAL_SYSTICK_Config)
    HAL_SYSTICK_IRQHandler                   0x08003e93   Thumb Code     8  stm32h7xx_hal_cortex.o(i.HAL_SYSTICK_IRQHandler)
    HardFault_Handler                        0x08003e9b   Thumb Code     4  stm32h7xx_it_1.o(i.HardFault_Handler)
    MX_SPI1_Init                             0x08004565   Thumb Code    94  stm32h7xx_nucleo_bus_1.o(i.MX_SPI1_Init)
    MemManage_Handler                        0x080045c9   Thumb Code     4  stm32h7xx_it_1.o(i.MemManage_Handler)
    NMI_Handler                              0x080045cd   Thumb Code     2  stm32h7xx_it_1.o(i.NMI_Handler)
    PendSV_Handler                           0x080045cf   Thumb Code     2  stm32h7xx_it_1.o(i.PendSV_Handler)
    SD_disk_initialize                       0x08005061   Thumb Code   346  fatfs_sd.o(i.SD_disk_initialize)
    SD_disk_ioctl                            0x080051c9   Thumb Code   414  fatfs_sd.o(i.SD_disk_ioctl)
    SD_disk_read                             0x0800536d   Thumb Code   144  fatfs_sd.o(i.SD_disk_read)
    SD_disk_status                           0x08005405   Thumb Code    14  fatfs_sd.o(i.SD_disk_status)
    SD_disk_write                            0x08005419   Thumb Code   186  fatfs_sd.o(i.SD_disk_write)
    SD_initialize                            0x080054dd   Thumb Code    20  sd_diskio.o(i.SD_initialize)
    SD_ioctl                                 0x080054f5   Thumb Code    28  sd_diskio.o(i.SD_ioctl)
    SD_read                                  0x08005511   Thumb Code    30  sd_diskio.o(i.SD_read)
    SD_status                                0x08005531   Thumb Code    20  sd_diskio.o(i.SD_status)
    SD_write                                 0x08005549   Thumb Code    30  sd_diskio.o(i.SD_write)
    SEESAW_IO_Delay                          0x08005567   Thumb Code    12  stm32h7xx_nucleo.o(i.SEESAW_IO_Delay)
    SEESAW_IO_DelayMicroseconds              0x08005573   Thumb Code    24  stm32h7xx_nucleo.o(i.SEESAW_IO_DelayMicroseconds)
    SEESAW_IO_Init                           0x0800558b   Thumb Code     8  stm32h7xx_nucleo.o(i.SEESAW_IO_Init)
    SEESAW_IO_ReadMultiple                   0x08005593   Thumb Code    54  stm32h7xx_nucleo.o(i.SEESAW_IO_ReadMultiple)
    SEESAW_IO_WriteMultiple                  0x080055c9   Thumb Code    26  stm32h7xx_nucleo.o(i.SEESAW_IO_WriteMultiple)
    ST7735_DeInit                            0x080058ed   Thumb Code     6  st7735.o(i.ST7735_DeInit)
    ST7735_DisplayOff                        0x080058f3   Thumb Code   100  st7735.o(i.ST7735_DisplayOff)
    ST7735_DisplayOn                         0x08005957   Thumb Code   100  st7735.o(i.ST7735_DisplayOn)
    ST7735_DrawBitmap                        0x080059bd   Thumb Code   324  st7735.o(i.ST7735_DrawBitmap)
    ST7735_DrawHLine                         0x08005b09   Thumb Code   106  st7735.o(i.ST7735_DrawHLine)
    ST7735_DrawVLine                         0x08005b7d   Thumb Code    74  st7735.o(i.ST7735_DrawVLine)
    ST7735_FillRGBRect                       0x08005bcd   Thumb Code   148  st7735.o(i.ST7735_FillRGBRect)
    ST7735_FillRect                          0x08005c69   Thumb Code    68  st7735.o(i.ST7735_FillRect)
    ST7735_GetBrightness                     0x08005cad   Thumb Code     8  st7735.o(i.ST7735_GetBrightness)
    ST7735_GetOrientation                    0x08005cb5   Thumb Code    12  st7735.o(i.ST7735_GetOrientation)
    ST7735_GetPixel                          0x08005cc5   Thumb Code   106  st7735.o(i.ST7735_GetPixel)
    ST7735_GetXSize                          0x08005d31   Thumb Code    12  st7735.o(i.ST7735_GetXSize)
    ST7735_GetYSize                          0x08005d41   Thumb Code    12  st7735.o(i.ST7735_GetYSize)
    ST7735_Init                              0x08005d6d   Thumb Code  1256  st7735.o(i.ST7735_Init)
    ST7735_ReadID                            0x080062d5   Thumb Code    58  st7735.o(i.ST7735_ReadID)
    ST7735_RegisterBusIO                     0x08006341   Thumb Code    80  st7735.o(i.ST7735_RegisterBusIO)
    ST7735_SetBrightness                     0x080063b9   Thumb Code     8  st7735.o(i.ST7735_SetBrightness)
    ST7735_SetCursor                         0x080063c1   Thumb Code   142  st7735.o(i.ST7735_SetCursor)
    ST7735_SetOrientation                    0x0800653d   Thumb Code    96  st7735.o(i.ST7735_SetOrientation)
    ST7735_SetPixel                          0x080065a5   Thumb Code   102  st7735.o(i.ST7735_SetPixel)
    SVC_Handler                              0x0800662f   Thumb Code     2  stm32h7xx_it_1.o(i.SVC_Handler)
    Storage_CheckBitmapFile                  0x08006631   Thumb Code    38  fatfs_storage.o(i.Storage_CheckBitmapFile)
    Storage_GetDirectoryBitmapFiles          0x0800665d   Thumb Code    88  fatfs_storage.o(i.Storage_GetDirectoryBitmapFiles)
    Storage_OpenReadFile                     0x080066c9   Thumb Code   202  fatfs_storage.o(i.Storage_OpenReadFile)
    SysTick_Handler                          0x0800679d   Thumb Code    48  stm32h7xx_it_1.o(i.SysTick_Handler)
    SystemInit                               0x080068dd   Thumb Code   184  system_stm32h7xx.o(i.SystemInit)
    UTIL_LCD_Clear                           0x08007241   Thumb Code    22  stm32_lcd.o(i.UTIL_LCD_Clear)
    UTIL_LCD_DisplayChar                     0x0800725d   Thumb Code    82  stm32_lcd.o(i.UTIL_LCD_DisplayChar)
    UTIL_LCD_DisplayStringAt                 0x080072b5   Thumb Code   250  stm32_lcd.o(i.UTIL_LCD_DisplayStringAt)
    UTIL_LCD_DrawBitmap                      0x080073b5   Thumb Code    30  stm32_lcd.o(i.UTIL_LCD_DrawBitmap)
    UTIL_LCD_FillRGBRect                     0x080073dd   Thumb Code    42  stm32_lcd.o(i.UTIL_LCD_FillRGBRect)
    UTIL_LCD_FillRect                        0x08007411   Thumb Code    96  stm32_lcd.o(i.UTIL_LCD_FillRect)
    UTIL_LCD_SetBackColor                    0x08007479   Thumb Code    14  stm32_lcd.o(i.UTIL_LCD_SetBackColor)
    UTIL_LCD_SetFont                         0x0800748d   Thumb Code    14  stm32_lcd.o(i.UTIL_LCD_SetFont)
    UTIL_LCD_SetFuncDriver                   0x080074a1   Thumb Code    94  stm32_lcd.o(i.UTIL_LCD_SetFuncDriver)
    UTIL_LCD_SetTextColor                    0x08007509   Thumb Code    14  stm32_lcd.o(i.UTIL_LCD_SetTextColor)
    UsageFault_Handler                       0x0800751d   Thumb Code     4  stm32h7xx_it_1.o(i.UsageFault_Handler)
    __0printf$6                              0x08007521   Thumb Code    22  printf6.o(i.__0printf$6)
    __1printf$6                              0x08007521   Thumb Code     0  printf6.o(i.__0printf$6)
    __2printf                                0x08007521   Thumb Code     0  printf6.o(i.__0printf$6)
    __0sprintf$6                             0x08007541   Thumb Code    34  printf6.o(i.__0sprintf$6)
    __1sprintf$6                             0x08007541   Thumb Code     0  printf6.o(i.__0sprintf$6)
    __2sprintf                               0x08007541   Thumb Code     0  printf6.o(i.__0sprintf$6)
    __scatterload_copy                       0x080075a1   Thumb Code    14  handlers.o(i.__scatterload_copy)
    __scatterload_null                       0x080075af   Thumb Code     2  handlers.o(i.__scatterload_null)
    __scatterload_zeroinit                   0x080075b1   Thumb Code    14  handlers.o(i.__scatterload_zeroinit)
    disk_initialize                          0x080083ad   Thumb Code    40  diskio.o(i.disk_initialize)
    disk_ioctl                               0x080083d9   Thumb Code    36  diskio.o(i.disk_ioctl)
    disk_read                                0x08008401   Thumb Code    42  diskio.o(i.disk_read)
    disk_status                              0x08008431   Thumb Code    24  diskio.o(i.disk_status)
    disk_write                               0x0800844d   Thumb Code    42  diskio.o(i.disk_write)
    f_close                                  0x080084a5   Thumb Code    44  ff.o(i.f_close)
    f_closedir                               0x080084d1   Thumb Code    38  ff.o(i.f_closedir)
    f_findfirst                              0x080084f7   Thumb Code    42  ff.o(i.f_findfirst)
    f_findnext                               0x08008521   Thumb Code    54  ff.o(i.f_findnext)
    f_lseek                                  0x08008557   Thumb Code   730  ff.o(i.f_lseek)
    f_mount                                  0x08008831   Thumb Code    92  ff.o(i.f_mount)
    f_open                                   0x08008891   Thumb Code   612  ff.o(i.f_open)
    f_opendir                                0x08008af5   Thumb Code   166  ff.o(i.f_opendir)
    f_puts                                   0x08008b9b   Thumb Code    44  ff.o(i.f_puts)
    f_read                                   0x08008bc7   Thumb Code   478  ff.o(i.f_read)
    f_readdir                                0x08008da5   Thumb Code   104  ff.o(i.f_readdir)
    f_sync                                   0x08008e0d   Thumb Code   160  ff.o(i.f_sync)
    f_write                                  0x08008ead   Thumb Code   548  ff.o(i.f_write)
    ff_convert                               0x080090d1   Thumb Code    70  unicode.o(i.ff_convert)
    ff_memalloc                              0x0800911d   Thumb Code    12  syscall.o(i.ff_memalloc)
    ff_memfree                               0x08009129   Thumb Code    12  syscall.o(i.ff_memfree)
    ff_wtoupper                              0x08009135   Thumb Code   156  unicode.o(i.ff_wtoupper)
    fputc                                    0x080095d5   Thumb Code    30  main_1.o(i.fputc)
    free                                     0x080095f9   Thumb Code    76  malloc.o(i.free)
    get_fattime                              0x0800985b   Thumb Code     4  diskio.o(i.get_fattime)
    main                                     0x08009af1   Thumb Code   170  main_1.o(i.main)
    malloc                                   0x08009bcd   Thumb Code    92  malloc.o(i.malloc)
    st7735_read_reg                          0x0800a137   Thumb Code    20  st7735_reg.o(i.st7735_read_reg)
    st7735_recv_data                         0x0800a14b   Thumb Code    20  st7735_reg.o(i.st7735_recv_data)
    st7735_send_data                         0x0800a15f   Thumb Code    20  st7735_reg.o(i.st7735_send_data)
    st7735_write_reg                         0x0800a173   Thumb Code    30  st7735_reg.o(i.st7735_write_reg)
    LCD_Driver                               0x0800a318   Data          44  adafruit_802_lcd.o(.constdata)
    D1CorePrescTable                         0x0800a354   Data          16  system_stm32h7xx.o(.constdata)
    SD_Driver                                0x0800a364   Data          20  sd_diskio.o(.constdata)
    Font24_Table                             0x0800a7f0   Data        6840  stm32_lcd.o(.constdata)
    Font20_Table                             0x0800c2a8   Data        3800  stm32_lcd.o(.constdata)
    Font16_Table                             0x0800d180   Data        3040  stm32_lcd.o(.constdata)
    Font12_Table                             0x0800dd60   Data        1140  stm32_lcd.o(.constdata)
    Font8_Table                              0x0800e1d4   Data         760  stm32_lcd.o(.constdata)
    Region$$Table$$Base                      0x0800e4cc   Number         0  anon$$obj.o(Region$$Table)
    Region$$Table$$Limit                     0x0800e4ec   Number         0  anon$$obj.o(Region$$Table)
    ST7735_LCD_Driver                        0x2400000c   Data          76  st7735.o(.data)
    hpb_exti                                 0x2400007c   Data           8  stm32h7xx_nucleo.o(.data)
    COM_USART                                0x24000084   Data           4  stm32h7xx_nucleo.o(.data)
    I2cxTimeout                              0x24000098   Data           4  stm32h7xx_nucleo.o(.data)
    SystemCoreClock                          0x240000a4   Data           4  system_stm32h7xx.o(.data)
    SystemD2Clock                            0x240000a8   Data           4  system_stm32h7xx.o(.data)
    uwTick                                   0x240000ac   Data           4  stm32h7xx_hal.o(.data)
    uwTickPrio                               0x240000b0   Data           4  stm32h7xx_hal.o(.data)
    uwTickFreq                               0x240000b4   Data           1  stm32h7xx_hal.o(.data)
    BytesWritten                             0x240000b8   Data           4  fatfs_storage.o(.data)
    BytesRead                                0x240000bc   Data           4  fatfs_storage.o(.data)
    __stdout                                 0x240000c0   Data           4  main_1.o(.data)
    __stdin                                  0x240000c4   Data           4  main_1.o(.data)
    BlinkSpeed                               0x240000c8   Data           1  main_1.o(.data)
    JoystickValue                            0x240000c9   Data           1  main_1.o(.data)
    SD_Path                                  0x240000ca   Data           4  main_1.o(.data)
    fres                                     0x240000ce   Data           1  main_1.o(.data)
    fre_clust                                0x240000d0   Data           4  main_1.o(.data)
    totalSpace                               0x240000d4   Data           4  main_1.o(.data)
    freeSpace                                0x240000d8   Data           4  main_1.o(.data)
    Timer1                                   0x240000de   Data           2  fatfs_sd.o(.data)
    Timer2                                   0x240000e0   Data           2  fatfs_sd.o(.data)
    Font24                                   0x240000f0   Data           8  stm32_lcd.o(.data)
    Font20                                   0x240000f8   Data           8  stm32_lcd.o(.data)
    Font16                                   0x24000100   Data           8  stm32_lcd.o(.data)
    Font12                                   0x24000108   Data           8  stm32_lcd.o(.data)
    Font8                                    0x24000110   Data           8  stm32_lcd.o(.data)
    __microlib_freelist                      0x24000118   Data           4  mvars.o(.data)
    __microlib_freelist_initialised          0x2400011c   Data           4  mvars.o(.data)
    Lcd_Ctx                                  0x24000120   Data          16  adafruit_802_lcd.o(.bss)
    hcom_uart                                0x24000674   Data         144  stm32h7xx_nucleo.o(.bss)
    aBuffer                                  0x24000750   Data         566  fatfs_storage.o(.bss)
    MyFileInfo                               0x24000988   Data         280  fatfs_storage.o(.bss)
    MyDirectory                              0x24000aa0   Data          56  fatfs_storage.o(.bss)
    MyFile                                   0x24000ad8   Data        4144  fatfs_storage.o(.bss)
    str                                      0x24001b08   Data          20  main_1.o(.bss)
    pDirectoryFiles                          0x24001b1c   Data         100  main_1.o(.bss)
    SD_FatFs                                 0x24001b80   Data        4152  main_1.o(.bss)
    fil                                      0x24002bb8   Data        4144  main_1.o(.bss)
    buffer                                   0x24003be8   Data         100  main_1.o(.bss)
    hbus_spi1                                0x24003c4c   Data         136  stm32h7xx_nucleo_bus_1.o(.bss)
    disk                                     0x24003cf4   Data          12  ff_gen_drv.o(.bss)
    __heap_base                              0x24003d70   Data           0  startup_stm32h745xx.o(HEAP)
    __heap_limit                             0x24004d70   Data           0  startup_stm32h745xx.o(HEAP)
    __initial_sp                             0x24005d70   Data           0  startup_stm32h745xx.o(STACK)



==============================================================================

Memory Map of the image

  Image Entry point : 0x08000299

  Load Region LR_IROM1 (Base: 0x08000000, Size: 0x0000e60c, Max: 0x00100000, ABSOLUTE)

    Execution Region ER_IROM1 (Exec base: 0x08000000, Load base: 0x08000000, Size: 0x0000e4ec, Max: 0x00100000, ABSOLUTE)

    Exec Addr    Load Addr    Size         Type   Attr      Idx    E Section Name        Object

    0x08000000   0x08000000   0x00000298   Data   RO         5656    RESET               startup_stm32h745xx.o
    0x08000298   0x08000298   0x00000000   Code   RO         6483  * .ARM.Collect$$$$00000000  mc_w.l(entry.o)
    0x08000298   0x08000298   0x00000004   Code   RO         6782    .ARM.Collect$$$$00000001  mc_w.l(entry2.o)
    0x0800029c   0x0800029c   0x00000004   Code   RO         6785    .ARM.Collect$$$$00000004  mc_w.l(entry5.o)
    0x080002a0   0x080002a0   0x00000000   Code   RO         6787    .ARM.Collect$$$$00000008  mc_w.l(entry7b.o)
    0x080002a0   0x080002a0   0x00000000   Code   RO         6789    .ARM.Collect$$$$0000000A  mc_w.l(entry8b.o)
    0x080002a0   0x080002a0   0x00000008   Code   RO         6790    .ARM.Collect$$$$0000000B  mc_w.l(entry9a.o)
    0x080002a8   0x080002a8   0x00000004   Code   RO         6797    .ARM.Collect$$$$0000000E  mc_w.l(entry12b.o)
    0x080002ac   0x080002ac   0x00000000   Code   RO         6792    .ARM.Collect$$$$0000000F  mc_w.l(entry10a.o)
    0x080002ac   0x080002ac   0x00000000   Code   RO         6794    .ARM.Collect$$$$00000011  mc_w.l(entry11a.o)
    0x080002ac   0x080002ac   0x00000004   Code   RO         6783    .ARM.Collect$$$$00002712  mc_w.l(entry2.o)
    0x080002b0   0x080002b0   0x00000024   Code   RO         5657    .text               startup_stm32h745xx.o
    0x080002d4   0x080002d4   0x0000002c   Code   RO         6798    .text               mc_w.l(uidiv.o)
    0x08000300   0x08000300   0x00000024   Code   RO         6821    .text               mc_w.l(init.o)
    0x08000324   0x08000324   0x00000050   Code   RO          174    i.ADAFRUIT_802_LCD_DrawBitmap  adafruit_802_lcd.o
    0x08000374   0x08000374   0x00000058   Code   RO          175    i.ADAFRUIT_802_LCD_DrawHLine  adafruit_802_lcd.o
    0x080003cc   0x080003cc   0x00000058   Code   RO          176    i.ADAFRUIT_802_LCD_DrawVLine  adafruit_802_lcd.o
    0x08000424   0x08000424   0x00000058   Code   RO          177    i.ADAFRUIT_802_LCD_FillRGBRect  adafruit_802_lcd.o
    0x0800047c   0x0800047c   0x00000058   Code   RO          178    i.ADAFRUIT_802_LCD_FillRect  adafruit_802_lcd.o
    0x080004d4   0x080004d4   0x00000010   Code   RO          180    i.ADAFRUIT_802_LCD_GetPixelFormat  adafruit_802_lcd.o
    0x080004e4   0x080004e4   0x00000030   Code   RO          181    i.ADAFRUIT_802_LCD_GetXSize  adafruit_802_lcd.o
    0x08000514   0x08000514   0x00000030   Code   RO          182    i.ADAFRUIT_802_LCD_GetYSize  adafruit_802_lcd.o
    0x08000544   0x08000544   0x000000a4   Code   RO          183    i.ADAFRUIT_802_LCD_Init  adafruit_802_lcd.o
    0x080005e8   0x080005e8   0x0000000a   Code   RO          184    i.ADAFRUIT_802_LCD_ReadPixel  adafruit_802_lcd.o
    0x080005f2   0x080005f2   0x00000002   PAD
    0x080005f4   0x080005f4   0x00000050   Code   RO          186    i.ADAFRUIT_802_LCD_WritePixel  adafruit_802_lcd.o
    0x08000644   0x08000644   0x00000026   Code   RO          345    i.ADAFRUIT_802_SD_Init  adafruit_802_sd.o
    0x0800066a   0x0800066a   0x0000000e   Code   RO          692    i.Adafruit_seesaw_SWReset  adafruit_seesaw.o
    0x08000678   0x08000678   0x00000038   Code   RO          697    i.Adafruit_seesaw_digitalReadBulk  adafruit_seesaw.o
    0x080006b0   0x080006b0   0x0000002c   Code   RO          699    i.Adafruit_seesaw_digitalWrite  adafruit_seesaw.o
    0x080006dc   0x080006dc   0x0000003c   Code   RO          700    i.Adafruit_seesaw_digitalWriteBulk  adafruit_seesaw.o
    0x08000718   0x08000718   0x00000056   Code   RO          701    i.Adafruit_seesaw_digitalWriteBulkB  adafruit_seesaw.o
    0x0800076e   0x0800076e   0x00000002   PAD
    0x08000770   0x08000770   0x00000038   Code   RO          713    i.Adafruit_seesaw_init  adafruit_seesaw.o
    0x080007a8   0x080007a8   0x0000009a   Code   RO          715    i.Adafruit_seesaw_pinModeBulk  adafruit_seesaw.o
    0x08000842   0x08000842   0x00000002   PAD
    0x08000844   0x08000844   0x00000030   Code   RO          717    i.Adafruit_seesaw_read  adafruit_seesaw.o
    0x08000874   0x08000874   0x00000020   Code   RO          718    i.Adafruit_seesaw_read8  adafruit_seesaw.o
    0x08000894   0x08000894   0x00000028   Code   RO          727    i.Adafruit_seesaw_write  adafruit_seesaw.o
    0x080008bc   0x080008bc   0x00000014   Code   RO          728    i.Adafruit_seesaw_write8  adafruit_seesaw.o
    0x080008d0   0x080008d0   0x00000034   Code   RO          948    i.BSP_BUTTONS_GetState  stm32h7xx_nucleo.o
    0x08000904   0x08000904   0x00000008   Code   RO         5462    i.BSP_GetTick       stm32h7xx_nucleo_bus_1.o
    0x0800090c   0x0800090c   0x00000048   Code   RO          953    i.BSP_JOY_GetState  stm32h7xx_nucleo.o
    0x08000954   0x08000954   0x00000014   Code   RO          954    i.BSP_JOY_Init      stm32h7xx_nucleo.o
    0x08000968   0x08000968   0x0000000e   Code   RO          187    i.BSP_LCD_Reset     adafruit_802_lcd.o
    0x08000976   0x08000976   0x00000022   Code   RO          188    i.BSP_LCD_SetBacklight  adafruit_802_lcd.o
    0x08000998   0x08000998   0x000000b4   Code   RO          957    i.BSP_LED_Init      stm32h7xx_nucleo.o
    0x08000a4c   0x08000a4c   0x00000034   Code   RO          958    i.BSP_LED_Off       stm32h7xx_nucleo.o
    0x08000a80   0x08000a80   0x00000034   Code   RO          959    i.BSP_LED_On        stm32h7xx_nucleo.o
    0x08000ab4   0x08000ab4   0x00000030   Code   RO          960    i.BSP_LED_Toggle    stm32h7xx_nucleo.o
    0x08000ae4   0x08000ae4   0x00000020   Code   RO         5169    i.BSP_PB_Callback   main_1.o
    0x08000b04   0x08000b04   0x00000014   Code   RO          964    i.BSP_PB_IRQHandler  stm32h7xx_nucleo.o
    0x08000b18   0x08000b18   0x000000c0   Code   RO          965    i.BSP_PB_Init       stm32h7xx_nucleo.o
    0x08000bd8   0x08000bd8   0x0000003c   Code   RO         5464    i.BSP_SPI1_Init     stm32h7xx_nucleo_bus_1.o
    0x08000c14   0x08000c14   0x00000024   Code   RO         5466    i.BSP_SPI1_Send     stm32h7xx_nucleo_bus_1.o
    0x08000c38   0x08000c38   0x0000002c   Code   RO         5467    i.BSP_SPI1_SendRecv  stm32h7xx_nucleo_bus_1.o
    0x08000c64   0x08000c64   0x0000000a   Code   RO          966    i.BUTTON_USER_EXTI_Callback  stm32h7xx_nucleo.o
    0x08000c6e   0x08000c6e   0x00000004   Code   RO         5372    i.BusFault_Handler  stm32h7xx_it_1.o
    0x08000c72   0x08000c72   0x00000002   PAD
    0x08000c74   0x08000c74   0x00000130   Code   RO         5170    i.CPU_CACHE_Enable  main_1.o
    0x08000da4   0x08000da4   0x00000018   Code   RO         5541    i.DESELECT          fatfs_sd.o
    0x08000dbc   0x08000dbc   0x00000028   Code   RO         5171    i.DWT_Init          main_1.o
    0x08000de4   0x08000de4   0x00000002   Code   RO         5373    i.DebugMon_Handler  stm32h7xx_it_1.o
    0x08000de6   0x08000de6   0x00000002   PAD
    0x08000de8   0x08000de8   0x000001a4   Code   RO         6181    i.DrawChar          stm32_lcd.o
    0x08000f8c   0x08000f8c   0x0000000a   Code   RO         5374    i.EXTI15_10_IRQHandler  stm32h7xx_it_1.o
    0x08000f96   0x08000f96   0x00000004   Code   RO         5172    i.Error_Handler     main_1.o
    0x08000f9a   0x08000f9a   0x00000012   Code   RO         6096    i.FATFS_LinkDriver  ff_gen_drv.o
    0x08000fac   0x08000fac   0x00000054   Code   RO         6097    i.FATFS_LinkDriverEx  ff_gen_drv.o
    0x08001000   0x08001000   0x00000028   Code   RO         1240    i.HAL_Delay         stm32h7xx_hal.o
    0x08001028   0x08001028   0x0000000e   Code   RO         3938    i.HAL_EXTI_GetHandle  stm32h7xx_hal_exti.o
    0x08001036   0x08001036   0x00000002   PAD
    0x08001038   0x08001038   0x0000004c   Code   RO         3940    i.HAL_EXTI_IRQHandler  stm32h7xx_hal_exti.o
    0x08001084   0x08001084   0x0000001c   Code   RO         3941    i.HAL_EXTI_RegisterCallback  stm32h7xx_hal_exti.o
    0x080010a0   0x080010a0   0x00000014   Code   RO         1252    i.HAL_EnableCompensationCell  stm32h7xx_hal.o
    0x080010b4   0x080010b4   0x00000178   Code   RO         2768    i.HAL_GPIO_DeInit   stm32h7xx_hal_gpio.o
    0x0800122c   0x0800122c   0x00000208   Code   RO         2771    i.HAL_GPIO_Init     stm32h7xx_hal_gpio.o
    0x08001434   0x08001434   0x00000014   Code   RO         2774    i.HAL_GPIO_TogglePin  stm32h7xx_hal_gpio.o
    0x08001448   0x08001448   0x0000000c   Code   RO         2775    i.HAL_GPIO_WritePin  stm32h7xx_hal_gpio.o
    0x08001454   0x08001454   0x00000018   Code   RO         2149    i.HAL_GetCurrentCPUID  stm32h7xx_hal_cortex.o
    0x0800146c   0x0800146c   0x0000000c   Code   RO         1259    i.HAL_GetREVID      stm32h7xx_hal.o
    0x08001478   0x08001478   0x0000000c   Code   RO         1260    i.HAL_GetTick       stm32h7xx_hal.o
    0x08001484   0x08001484   0x00000020   Code   RO         2836    i.HAL_HSEM_FastTake  stm32h7xx_hal_hsem.o
    0x080014a4   0x080014a4   0x00000018   Code   RO         2841    i.HAL_HSEM_Release  stm32h7xx_hal_hsem.o
    0x080014bc   0x080014bc   0x0000003c   Code   RO         4550    i.HAL_I2C_DeInit    stm32h7xx_hal_i2c.o
    0x080014f8   0x080014f8   0x00000008   Code   RO         4558    i.HAL_I2C_GetState  stm32h7xx_hal_i2c.o
    0x08001500   0x08001500   0x000000c4   Code   RO         4559    i.HAL_I2C_Init      stm32h7xx_hal_i2c.o
    0x080015c4   0x080015c4   0x00000164   Code   RO         4565    i.HAL_I2C_Master_Receive  stm32h7xx_hal_i2c.o
    0x08001728   0x08001728   0x00000160   Code   RO         4572    i.HAL_I2C_Master_Transmit  stm32h7xx_hal_i2c.o
    0x08001888   0x08001888   0x00000198   Code   RO         4580    i.HAL_I2C_Mem_Write  stm32h7xx_hal_i2c.o
    0x08001a20   0x08001a20   0x00000002   Code   RO         4583    i.HAL_I2C_MspDeInit  stm32h7xx_hal_i2c.o
    0x08001a22   0x08001a22   0x00000002   Code   RO         4584    i.HAL_I2C_MspInit   stm32h7xx_hal_i2c.o
    0x08001a24   0x08001a24   0x00000018   Code   RO         1266    i.HAL_IncTick       stm32h7xx_hal.o
    0x08001a3c   0x08001a3c   0x00000060   Code   RO         1267    i.HAL_Init          stm32h7xx_hal.o
    0x08001a9c   0x08001a9c   0x00000058   Code   RO         1268    i.HAL_InitTick      stm32h7xx_hal.o
    0x08001af4   0x08001af4   0x00000002   Code   RO         5342    i.HAL_MspInit       stm32h7xx_hal_msp_1.o
    0x08001af6   0x08001af6   0x00000028   Code   RO         2155    i.HAL_NVIC_EnableIRQ  stm32h7xx_hal_cortex.o
    0x08001b1e   0x08001b1e   0x0000007a   Code   RO         2161    i.HAL_NVIC_SetPriority  stm32h7xx_hal_cortex.o
    0x08001b98   0x08001b98   0x00000028   Code   RO         2162    i.HAL_NVIC_SetPriorityGrouping  stm32h7xx_hal_cortex.o
    0x08001bc0   0x08001bc0   0x00000094   Code   RO         3044    i.HAL_PWREx_ConfigSupply  stm32h7xx_hal_pwr_ex.o
    0x08001c54   0x08001c54   0x00000b64   Code   RO         3440    i.HAL_RCCEx_PeriphCLKConfig  stm32h7xx_hal_rcc_ex.o
    0x080027b8   0x080027b8   0x00000320   Code   RO         3315    i.HAL_RCC_ClockConfig  stm32h7xx_hal_rcc.o
    0x08002ad8   0x08002ad8   0x0000004c   Code   RO         3320    i.HAL_RCC_GetHCLKFreq  stm32h7xx_hal_rcc.o
    0x08002b24   0x08002b24   0x0000022c   Code   RO         3324    i.HAL_RCC_GetSysClockFreq  stm32h7xx_hal_rcc.o
    0x08002d50   0x08002d50   0x000007e4   Code   RO         3327    i.HAL_RCC_OscConfig  stm32h7xx_hal_rcc.o
    0x08003534   0x08003534   0x00000008   Code   RO         3615    i.HAL_SPI_GetState  stm32h7xx_hal_spi.o
    0x0800353c   0x0800353c   0x00000270   Code   RO         3617    i.HAL_SPI_Init      stm32h7xx_hal_spi.o
    0x080037ac   0x080037ac   0x00000002   Code   RO         3619    i.HAL_SPI_MspInit   stm32h7xx_hal_spi.o
    0x080037ae   0x080037ae   0x000002b6   Code   RO         3625    i.HAL_SPI_Transmit  stm32h7xx_hal_spi.o
    0x08003a64   0x08003a64   0x000003f8   Code   RO         3626    i.HAL_SPI_TransmitReceive  stm32h7xx_hal_spi.o
    0x08003e5c   0x08003e5c   0x00000002   Code   RO         2165    i.HAL_SYSTICK_Callback  stm32h7xx_hal_cortex.o
    0x08003e5e   0x08003e5e   0x00000034   Code   RO         2166    i.HAL_SYSTICK_Config  stm32h7xx_hal_cortex.o
    0x08003e92   0x08003e92   0x00000008   Code   RO         2167    i.HAL_SYSTICK_IRQHandler  stm32h7xx_hal_cortex.o
    0x08003e9a   0x08003e9a   0x00000004   Code   RO         5375    i.HardFault_Handler  stm32h7xx_it_1.o
    0x08003e9e   0x08003e9e   0x00000002   PAD
    0x08003ea0   0x08003ea0   0x00000014   Code   RO          969    i.I2C1_Error        stm32h7xx_nucleo.o
    0x08003eb4   0x08003eb4   0x00000044   Code   RO          970    i.I2C1_Init         stm32h7xx_nucleo.o
    0x08003ef8   0x08003ef8   0x00000094   Code   RO          972    i.I2C1_MspInit      stm32h7xx_nucleo.o
    0x08003f8c   0x08003f8c   0x00000034   Code   RO          974    i.I2C1_ReadBuffer   stm32h7xx_nucleo.o
    0x08003fc0   0x08003fc0   0x0000005c   Code   RO          975    i.I2C1_SendAddr     stm32h7xx_nucleo.o
    0x0800401c   0x0800401c   0x00000048   Code   RO          977    i.I2C1_WriteBuffer  stm32h7xx_nucleo.o
    0x08004064   0x08004064   0x00000028   Code   RO         4606    i.I2C_Flush_TXDR    stm32h7xx_hal_i2c.o
    0x0800408c   0x0800408c   0x00000098   Code   RO         4614    i.I2C_IsAcknowledgeFailed  stm32h7xx_hal_i2c.o
    0x08004124   0x08004124   0x0000007c   Code   RO         4618    i.I2C_RequestMemoryWrite  stm32h7xx_hal_i2c.o
    0x080041a0   0x080041a0   0x00000034   Code   RO         4621    i.I2C_TransferConfig  stm32h7xx_hal_i2c.o
    0x080041d4   0x080041d4   0x0000005e   Code   RO         4623    i.I2C_WaitOnFlagUntilTimeout  stm32h7xx_hal_i2c.o
    0x08004232   0x08004232   0x00000002   PAD
    0x08004234   0x08004234   0x000000a0   Code   RO         4624    i.I2C_WaitOnRXNEFlagUntilTimeout  stm32h7xx_hal_i2c.o
    0x080042d4   0x080042d4   0x00000056   Code   RO         4625    i.I2C_WaitOnSTOPFlagUntilTimeout  stm32h7xx_hal_i2c.o
    0x0800432a   0x0800432a   0x0000005a   Code   RO         4626    i.I2C_WaitOnTXISFlagUntilTimeout  stm32h7xx_hal_i2c.o
    0x08004384   0x08004384   0x00000054   Code   RO          189    i.LCD_IO_DeInit     adafruit_802_lcd.o
    0x080043d8   0x080043d8   0x00000088   Code   RO          190    i.LCD_IO_Init       adafruit_802_lcd.o
    0x08004460   0x08004460   0x00000044   Code   RO          191    i.LCD_IO_SendData   adafruit_802_lcd.o
    0x080044a4   0x080044a4   0x00000050   Code   RO          192    i.LCD_IO_WriteReg   adafruit_802_lcd.o
    0x080044f4   0x080044f4   0x00000070   Code   RO         5173    i.LED1_Blink        main_1.o
    0x08004564   0x08004564   0x00000064   Code   RO         5468    i.MX_SPI1_Init      stm32h7xx_nucleo_bus_1.o
    0x080045c8   0x080045c8   0x00000004   Code   RO         5376    i.MemManage_Handler  stm32h7xx_it_1.o
    0x080045cc   0x080045cc   0x00000002   Code   RO         5377    i.NMI_Handler       stm32h7xx_it_1.o
    0x080045ce   0x080045ce   0x00000002   Code   RO         5378    i.PendSV_Handler    stm32h7xx_it_1.o
    0x080045d0   0x080045d0   0x00000164   Code   RO         3443    i.RCCEx_PLL2_Config  stm32h7xx_hal_rcc_ex.o
    0x08004734   0x08004734   0x00000164   Code   RO         3444    i.RCCEx_PLL3_Config  stm32h7xx_hal_rcc_ex.o
    0x08004898   0x08004898   0x00000078   Code   RO         5174    i.SDCard_Config     main_1.o
    0x08004910   0x08004910   0x000000fc   Code   RO         5175    i.SDCard_Test       main_1.o
    0x08004a0c   0x08004a0c   0x0000000c   Code   RO         5542    i.SD_CheckPower     fatfs_sd.o
    0x08004a18   0x08004a18   0x000001d4   Code   RO          356    i.SD_GoIdleState    adafruit_802_sd.o
    0x08004bec   0x08004bec   0x00000028   Code   RO          357    i.SD_IO_CSState     adafruit_802_sd.o
    0x08004c14   0x08004c14   0x000000c4   Code   RO          359    i.SD_IO_Init        adafruit_802_sd.o
    0x08004cd8   0x08004cd8   0x0000000c   Code   RO         5543    i.SD_PowerOff       fatfs_sd.o
    0x08004ce4   0x08004ce4   0x0000006c   Code   RO         5544    i.SD_PowerOn        fatfs_sd.o
    0x08004d50   0x08004d50   0x00000038   Code   RO          360    i.SD_ReadData       adafruit_802_sd.o
    0x08004d88   0x08004d88   0x00000024   Code   RO         5545    i.SD_ReadyWait      fatfs_sd.o
    0x08004dac   0x08004dac   0x0000004c   Code   RO         5546    i.SD_RxDataBlock    fatfs_sd.o
    0x08004df8   0x08004df8   0x00000184   Code   RO          361    i.SD_SendCmd        adafruit_802_sd.o
    0x08004f7c   0x08004f7c   0x0000007a   Code   RO         5547    i.SD_SendCmd        fatfs_sd.o
    0x08004ff6   0x08004ff6   0x0000006a   Code   RO         5548    i.SD_TxDataBlock    fatfs_sd.o
    0x08005060   0x08005060   0x00000168   Code   RO         5549    i.SD_disk_initialize  fatfs_sd.o
    0x080051c8   0x080051c8   0x000001a4   Code   RO         5550    i.SD_disk_ioctl     fatfs_sd.o
    0x0800536c   0x0800536c   0x00000098   Code   RO         5551    i.SD_disk_read      fatfs_sd.o
    0x08005404   0x08005404   0x00000014   Code   RO         5552    i.SD_disk_status    fatfs_sd.o
    0x08005418   0x08005418   0x000000c4   Code   RO         5553    i.SD_disk_write     fatfs_sd.o
    0x080054dc   0x080054dc   0x00000018   Code   RO         5273    i.SD_initialize     sd_diskio.o
    0x080054f4   0x080054f4   0x0000001c   Code   RO         5274    i.SD_ioctl          sd_diskio.o
    0x08005510   0x08005510   0x0000001e   Code   RO         5275    i.SD_read           sd_diskio.o
    0x0800552e   0x0800552e   0x00000002   PAD
    0x08005530   0x08005530   0x00000018   Code   RO         5276    i.SD_status         sd_diskio.o
    0x08005548   0x08005548   0x0000001e   Code   RO         5277    i.SD_write          sd_diskio.o
    0x08005566   0x08005566   0x0000000c   Code   RO          979    i.SEESAW_IO_Delay   stm32h7xx_nucleo.o
    0x08005572   0x08005572   0x00000018   Code   RO          980    i.SEESAW_IO_DelayMicroseconds  stm32h7xx_nucleo.o
    0x0800558a   0x0800558a   0x00000008   Code   RO          981    i.SEESAW_IO_Init    stm32h7xx_nucleo.o
    0x08005592   0x08005592   0x00000036   Code   RO          984    i.SEESAW_IO_ReadMultiple  stm32h7xx_nucleo.o
    0x080055c8   0x080055c8   0x0000001a   Code   RO          986    i.SEESAW_IO_WriteMultiple  stm32h7xx_nucleo.o
    0x080055e2   0x080055e2   0x00000002   PAD
    0x080055e4   0x080055e4   0x0000001c   Code   RO         5554    i.SELECT            fatfs_sd.o
    0x08005600   0x08005600   0x000000fc   Code   RO         3636    i.SPI_CloseTransfer  stm32h7xx_hal_spi.o
    0x080056fc   0x080056fc   0x0000001a   Code   RO         3647    i.SPI_GetPacketSize  stm32h7xx_hal_spi.o
    0x08005716   0x08005716   0x00000002   PAD
    0x08005718   0x08005718   0x0000002c   Code   RO         5469    i.SPI_GetPrescaler  stm32h7xx_nucleo_bus_1.o
    0x08005744   0x08005744   0x00000018   Code   RO          363    i.SPI_IO_Delay      adafruit_802_sd.o
    0x0800575c   0x0800575c   0x000000c8   Code   RO         5471    i.SPI_MspInit       stm32h7xx_nucleo_bus_1.o
    0x08005824   0x08005824   0x00000030   Code   RO         5555    i.SPI_RxByte        fatfs_sd.o
    0x08005854   0x08005854   0x0000000c   Code   RO         5556    i.SPI_RxBytePtr     fatfs_sd.o
    0x08005860   0x08005860   0x00000028   Code   RO         5557    i.SPI_TxBuffer      fatfs_sd.o
    0x08005888   0x08005888   0x00000024   Code   RO         5558    i.SPI_TxByte        fatfs_sd.o
    0x080058ac   0x080058ac   0x00000040   Code   RO         3654    i.SPI_WaitOnFlagUntilTimeout  stm32h7xx_hal_spi.o
    0x080058ec   0x080058ec   0x00000006   Code   RO          493    i.ST7735_DeInit     st7735.o
    0x080058f2   0x080058f2   0x00000064   Code   RO          494    i.ST7735_DisplayOff  st7735.o
    0x08005956   0x08005956   0x00000064   Code   RO          495    i.ST7735_DisplayOn  st7735.o
    0x080059ba   0x080059ba   0x00000002   PAD
    0x080059bc   0x080059bc   0x0000014c   Code   RO          496    i.ST7735_DrawBitmap  st7735.o
    0x08005b08   0x08005b08   0x00000074   Code   RO          497    i.ST7735_DrawHLine  st7735.o
    0x08005b7c   0x08005b7c   0x00000050   Code   RO          498    i.ST7735_DrawVLine  st7735.o
    0x08005bcc   0x08005bcc   0x0000009c   Code   RO          499    i.ST7735_FillRGBRect  st7735.o
    0x08005c68   0x08005c68   0x00000044   Code   RO          500    i.ST7735_FillRect   st7735.o
    0x08005cac   0x08005cac   0x00000008   Code   RO          501    i.ST7735_GetBrightness  st7735.o
    0x08005cb4   0x08005cb4   0x00000010   Code   RO          502    i.ST7735_GetOrientation  st7735.o
    0x08005cc4   0x08005cc4   0x0000006a   Code   RO          503    i.ST7735_GetPixel   st7735.o
    0x08005d2e   0x08005d2e   0x00000002   PAD
    0x08005d30   0x08005d30   0x00000010   Code   RO          504    i.ST7735_GetXSize   st7735.o
    0x08005d40   0x08005d40   0x00000010   Code   RO          505    i.ST7735_GetYSize   st7735.o
    0x08005d50   0x08005d50   0x0000001c   Code   RO          506    i.ST7735_IO_Delay   st7735.o
    0x08005d6c   0x08005d6c   0x000004e8   Code   RO          507    i.ST7735_Init       st7735.o
    0x08006254   0x08006254   0x00000080   Code   RO          193    i.ST7735_Probe      adafruit_802_lcd.o
    0x080062d4   0x080062d4   0x0000003a   Code   RO          508    i.ST7735_ReadID     st7735.o
    0x0800630e   0x0800630e   0x00000018   Code   RO          509    i.ST7735_ReadRegWrap  st7735.o
    0x08006326   0x08006326   0x00000018   Code   RO          510    i.ST7735_RecvDataWrap  st7735.o
    0x0800633e   0x0800633e   0x00000002   PAD
    0x08006340   0x08006340   0x00000060   Code   RO          511    i.ST7735_RegisterBusIO  st7735.o
    0x080063a0   0x080063a0   0x00000018   Code   RO          512    i.ST7735_SendDataWrap  st7735.o
    0x080063b8   0x080063b8   0x00000008   Code   RO          513    i.ST7735_SetBrightness  st7735.o
    0x080063c0   0x080063c0   0x0000008e   Code   RO          514    i.ST7735_SetCursor  st7735.o
    0x0800644e   0x0800644e   0x000000ec   Code   RO          515    i.ST7735_SetDisplayWindow  st7735.o
    0x0800653a   0x0800653a   0x00000002   PAD
    0x0800653c   0x0800653c   0x00000068   Code   RO          516    i.ST7735_SetOrientation  st7735.o
    0x080065a4   0x080065a4   0x0000006c   Code   RO          517    i.ST7735_SetPixel   st7735.o
    0x08006610   0x08006610   0x0000001e   Code   RO          518    i.ST7735_WriteRegWrap  st7735.o
    0x0800662e   0x0800662e   0x00000002   Code   RO         5379    i.SVC_Handler       stm32h7xx_it_1.o
    0x08006630   0x08006630   0x0000002c   Code   RO         5065    i.Storage_CheckBitmapFile  fatfs_storage.o
    0x0800665c   0x0800665c   0x0000006c   Code   RO         5067    i.Storage_GetDirectoryBitmapFiles  fatfs_storage.o
    0x080066c8   0x080066c8   0x000000d4   Code   RO         5068    i.Storage_OpenReadFile  fatfs_storage.o
    0x0800679c   0x0800679c   0x00000038   Code   RO         5380    i.SysTick_Handler   stm32h7xx_it_1.o
    0x080067d4   0x080067d4   0x00000108   Code   RO         5176    i.SystemClock_Config  main_1.o
    0x080068dc   0x080068dc   0x000000d4   Code   RO         1197    i.SystemInit        system_stm32h7xx.o
    0x080069b0   0x080069b0   0x00000298   Code   RO         5177    i.TFT_DisplayErrorMessage  main_1.o
    0x08006c48   0x08006c48   0x00000264   Code   RO         5178    i.TFT_DisplayImages  main_1.o
    0x08006eac   0x08006eac   0x00000350   Code   RO         5179    i.TFT_DisplayMenu   main_1.o
    0x080071fc   0x080071fc   0x00000044   Code   RO         5180    i.TFT_ShieldDetect  main_1.o
    0x08007240   0x08007240   0x0000001c   Code   RO         6183    i.UTIL_LCD_Clear    stm32_lcd.o
    0x0800725c   0x0800725c   0x00000058   Code   RO         6185    i.UTIL_LCD_DisplayChar  stm32_lcd.o
    0x080072b4   0x080072b4   0x00000100   Code   RO         6186    i.UTIL_LCD_DisplayStringAt  stm32_lcd.o
    0x080073b4   0x080073b4   0x00000028   Code   RO         6188    i.UTIL_LCD_DrawBitmap  stm32_lcd.o
    0x080073dc   0x080073dc   0x00000034   Code   RO         6199    i.UTIL_LCD_FillRGBRect  stm32_lcd.o
    0x08007410   0x08007410   0x00000068   Code   RO         6200    i.UTIL_LCD_FillRect  stm32_lcd.o
    0x08007478   0x08007478   0x00000014   Code   RO         6205    i.UTIL_LCD_SetBackColor  stm32_lcd.o
    0x0800748c   0x0800748c   0x00000014   Code   RO         6207    i.UTIL_LCD_SetFont  stm32_lcd.o
    0x080074a0   0x080074a0   0x00000068   Code   RO         6208    i.UTIL_LCD_SetFuncDriver  stm32_lcd.o
    0x08007508   0x08007508   0x00000014   Code   RO         6211    i.UTIL_LCD_SetTextColor  stm32_lcd.o
    0x0800751c   0x0800751c   0x00000004   Code   RO         5381    i.UsageFault_Handler  stm32h7xx_it_1.o
    0x08007520   0x08007520   0x00000020   Code   RO         6648    i.__0printf$6       mc_w.l(printf6.o)
    0x08007540   0x08007540   0x00000028   Code   RO         6650    i.__0sprintf$6      mc_w.l(printf6.o)
    0x08007568   0x08007568   0x00000010   Code   RO         2168    i.__NVIC_GetPriorityGrouping  stm32h7xx_hal_cortex.o
    0x08007578   0x08007578   0x00000028   Code   RO         2169    i.__NVIC_SetPriority  stm32h7xx_hal_cortex.o
    0x080075a0   0x080075a0   0x0000000e   Code   RO         6829    i.__scatterload_copy  mc_w.l(handlers.o)
    0x080075ae   0x080075ae   0x00000002   Code   RO         6830    i.__scatterload_null  mc_w.l(handlers.o)
    0x080075b0   0x080075b0   0x0000000e   Code   RO         6831    i.__scatterload_zeroinit  mc_w.l(handlers.o)
    0x080075be   0x080075be   0x00000002   PAD
    0x080075c0   0x080075c0   0x000002f0   Code   RO         6655    i._printf_core      mc_w.l(printf6.o)
    0x080078b0   0x080078b0   0x00000024   Code   RO         6656    i._printf_post_padding  mc_w.l(printf6.o)
    0x080078d4   0x080078d4   0x0000002e   Code   RO         6657    i._printf_pre_padding  mc_w.l(printf6.o)
    0x08007902   0x08007902   0x0000000a   Code   RO         6659    i._sputc            mc_w.l(printf6.o)
    0x0800790c   0x0800790c   0x0000007c   Code   RO         5704    i.check_fs          ff.o
    0x08007988   0x08007988   0x00000014   Code   RO         5705    i.chk_chr           ff.o
    0x0800799c   0x0800799c   0x0000007c   Code   RO         5706    i.chk_lock          ff.o
    0x08007a18   0x08007a18   0x00000028   Code   RO         5707    i.clear_lock        ff.o
    0x08007a40   0x08007a40   0x00000036   Code   RO         5708    i.clmt_clust        ff.o
    0x08007a76   0x08007a76   0x0000001a   Code   RO         5709    i.clust2sect        ff.o
    0x08007a90   0x08007a90   0x00000098   Code   RO         5710    i.cmp_lfn           ff.o
    0x08007b28   0x08007b28   0x000000de   Code   RO         5711    i.create_chain      ff.o
    0x08007c06   0x08007c06   0x00000002   PAD
    0x08007c08   0x08007c08   0x00000230   Code   RO         5712    i.create_name       ff.o
    0x08007e38   0x08007e38   0x00000044   Code   RO         5713    i.dec_lock          ff.o
    0x08007e7c   0x08007e7c   0x00000060   Code   RO         5714    i.dir_alloc         ff.o
    0x08007edc   0x08007edc   0x000000fc   Code   RO         5715    i.dir_find          ff.o
    0x08007fd8   0x08007fd8   0x0000011a   Code   RO         5716    i.dir_next          ff.o
    0x080080f2   0x080080f2   0x000000d2   Code   RO         5717    i.dir_read          ff.o
    0x080081c4   0x080081c4   0x00000142   Code   RO         5718    i.dir_register      ff.o
    0x08008306   0x08008306   0x000000a6   Code   RO         5720    i.dir_sdi           ff.o
    0x080083ac   0x080083ac   0x0000002c   Code   RO         5661    i.disk_initialize   diskio.o
    0x080083d8   0x080083d8   0x00000028   Code   RO         5662    i.disk_ioctl        diskio.o
    0x08008400   0x08008400   0x00000030   Code   RO         5663    i.disk_read         diskio.o
    0x08008430   0x08008430   0x0000001c   Code   RO         5664    i.disk_status       diskio.o
    0x0800844c   0x0800844c   0x00000030   Code   RO         5665    i.disk_write        diskio.o
    0x0800847c   0x0800847c   0x00000028   Code   RO         5721    i.enq_lock          ff.o
    0x080084a4   0x080084a4   0x0000002c   Code   RO         5722    i.f_close           ff.o
    0x080084d0   0x080084d0   0x00000026   Code   RO         5723    i.f_closedir        ff.o
    0x080084f6   0x080084f6   0x0000002a   Code   RO         5724    i.f_findfirst       ff.o
    0x08008520   0x08008520   0x00000036   Code   RO         5725    i.f_findnext        ff.o
    0x08008556   0x08008556   0x000002da   Code   RO         5728    i.f_lseek           ff.o
    0x08008830   0x08008830   0x00000060   Code   RO         5731    i.f_mount           ff.o
    0x08008890   0x08008890   0x00000264   Code   RO         5732    i.f_open            ff.o
    0x08008af4   0x08008af4   0x000000a6   Code   RO         5733    i.f_opendir         ff.o
    0x08008b9a   0x08008b9a   0x0000002c   Code   RO         5736    i.f_puts            ff.o
    0x08008bc6   0x08008bc6   0x000001de   Code   RO         5737    i.f_read            ff.o
    0x08008da4   0x08008da4   0x00000068   Code   RO         5738    i.f_readdir         ff.o
    0x08008e0c   0x08008e0c   0x000000a0   Code   RO         5741    i.f_sync            ff.o
    0x08008eac   0x08008eac   0x00000224   Code   RO         5744    i.f_write           ff.o
    0x080090d0   0x080090d0   0x0000004c   Code   RO         6158    i.ff_convert        unicode.o
    0x0800911c   0x0800911c   0x0000000c   Code   RO         6134    i.ff_memalloc       syscall.o
    0x08009128   0x08009128   0x0000000c   Code   RO         6135    i.ff_memfree        syscall.o
    0x08009134   0x08009134   0x000000a4   Code   RO         6159    i.ff_wtoupper       unicode.o
    0x080091d8   0x080091d8   0x0000034c   Code   RO         5745    i.find_volume       ff.o
    0x08009524   0x08009524   0x000000ae   Code   RO         5746    i.follow_path       ff.o
    0x080095d2   0x080095d2   0x00000002   PAD
    0x080095d4   0x080095d4   0x00000024   Code   RO         5181    i.fputc             main_1.o
    0x080095f8   0x080095f8   0x00000050   Code   RO         6754    i.free              mc_w.l(malloc.o)
    0x08009648   0x08009648   0x000000b4   Code   RO         5747    i.gen_numname       ff.o
    0x080096fc   0x080096fc   0x0000002c   Code   RO         5748    i.get_achar         ff.o
    0x08009728   0x08009728   0x00000132   Code   RO         5749    i.get_fat           ff.o
    0x0800985a   0x0800985a   0x00000004   Code   RO         5666    i.get_fattime       diskio.o
    0x0800985e   0x0800985e   0x00000142   Code   RO         5750    i.get_fileinfo      ff.o
    0x080099a0   0x080099a0   0x00000048   Code   RO         5751    i.get_ldnumber      ff.o
    0x080099e8   0x080099e8   0x000000bc   Code   RO         5752    i.inc_lock          ff.o
    0x08009aa4   0x08009aa4   0x00000026   Code   RO         5753    i.ld_clust          ff.o
    0x08009aca   0x08009aca   0x00000018   Code   RO         5754    i.ld_dword          ff.o
    0x08009ae2   0x08009ae2   0x0000000c   Code   RO         5755    i.ld_word           ff.o
    0x08009aee   0x08009aee   0x00000002   PAD
    0x08009af0   0x08009af0   0x000000dc   Code   RO         5182    i.main              main_1.o
    0x08009bcc   0x08009bcc   0x0000006c   Code   RO         6755    i.malloc            mc_w.l(malloc.o)
    0x08009c38   0x08009c38   0x00000024   Code   RO         5756    i.mem_cmp           ff.o
    0x08009c5c   0x08009c5c   0x0000001a   Code   RO         5757    i.mem_cpy           ff.o
    0x08009c76   0x08009c76   0x00000012   Code   RO         5758    i.mem_set           ff.o
    0x08009c88   0x08009c88   0x00000034   Code   RO         5759    i.move_window       ff.o
    0x08009cbc   0x08009cbc   0x000000c4   Code   RO         5760    i.pattern_matching  ff.o
    0x08009d80   0x08009d80   0x00000088   Code   RO         5761    i.pick_lfn          ff.o
    0x08009e08   0x08009e08   0x00000190   Code   RO         5762    i.put_fat           ff.o
    0x08009f98   0x08009f98   0x00000080   Code   RO         5763    i.put_lfn           ff.o
    0x0800a018   0x0800a018   0x0000004e   Code   RO         5764    i.putc_bfd          ff.o
    0x0800a066   0x0800a066   0x0000002c   Code   RO         5765    i.putc_flush        ff.o
    0x0800a092   0x0800a092   0x0000000a   Code   RO         5766    i.putc_init         ff.o
    0x0800a09c   0x0800a09c   0x0000009a   Code   RO         5767    i.remove_chain      ff.o
    0x0800a136   0x0800a136   0x00000014   Code   RO          659    i.st7735_read_reg   st7735_reg.o
    0x0800a14a   0x0800a14a   0x00000014   Code   RO          660    i.st7735_recv_data  st7735_reg.o
    0x0800a15e   0x0800a15e   0x00000014   Code   RO          661    i.st7735_send_data  st7735_reg.o
    0x0800a172   0x0800a172   0x0000001e   Code   RO          662    i.st7735_write_reg  st7735_reg.o
    0x0800a190   0x0800a190   0x00000024   Code   RO         5768    i.st_clust          ff.o
    0x0800a1b4   0x0800a1b4   0x00000018   Code   RO         5769    i.st_dword          ff.o
    0x0800a1cc   0x0800a1cc   0x0000000c   Code   RO         5770    i.st_word           ff.o
    0x0800a1d8   0x0800a1d8   0x00000020   Code   RO         5771    i.sum_sfn           ff.o
    0x0800a1f8   0x0800a1f8   0x00000090   Code   RO         5772    i.sync_fs           ff.o
    0x0800a288   0x0800a288   0x00000052   Code   RO         5773    i.sync_window       ff.o
    0x0800a2da   0x0800a2da   0x0000003c   Code   RO         5774    i.validate          ff.o
    0x0800a316   0x0800a316   0x00000002   PAD
    0x0800a318   0x0800a318   0x0000002c   Data   RO          195    .constdata          adafruit_802_lcd.o
    0x0800a344   0x0800a344   0x00000010   Data   RO          988    .constdata          stm32h7xx_nucleo.o
    0x0800a354   0x0800a354   0x00000010   Data   RO         1198    .constdata          system_stm32h7xx.o
    0x0800a364   0x0800a364   0x00000014   Data   RO         5278    .constdata          sd_diskio.o
    0x0800a378   0x0800a378   0x00000020   Data   RO         5473    .constdata          stm32h7xx_nucleo_bus_1.o
    0x0800a398   0x0800a398   0x000000aa   Data   RO         5776    .constdata          ff.o
    0x0800a442   0x0800a442   0x000003ae   Data   RO         6160    .constdata          unicode.o
    0x0800a7f0   0x0800a7f0   0x00003cdc   Data   RO         6213    .constdata          stm32_lcd.o
    0x0800e4cc   0x0800e4cc   0x00000020   Data   RO         6827    Region$$Table       anon$$obj.o


    Execution Region RW_IRAM1 (Exec base: 0x24000000, Load base: 0x0800e4ec, Size: 0x00005d70, Max: 0x00010000, ABSOLUTE)

    Exec Addr    Load Addr    Size         Type   Attr      Idx    E Section Name        Object

    0x24000000   0x0800e4ec   0x00000008   Data   RW          196    .data               adafruit_802_lcd.o
    0x24000008   0x0800e4f4   0x00000004   Data   RW          364    .data               adafruit_802_sd.o
    0x2400000c   0x0800e4f8   0x0000006c   Data   RW          520    .data               st7735.o
    0x24000078   0x0800e564   0x00000001   Data   RW          730    .data               adafruit_seesaw.o
    0x24000079   0x0800e565   0x00000003   PAD
    0x2400007c   0x0800e568   0x00000028   Data   RW          989    .data               stm32h7xx_nucleo.o
    0x240000a4   0x0800e590   0x00000008   Data   RW         1199    .data               system_stm32h7xx.o
    0x240000ac   0x0800e598   0x00000009   Data   RW         1294    .data               stm32h7xx_hal.o
    0x240000b5   0x0800e5a1   0x00000003   PAD
    0x240000b8   0x0800e5a4   0x00000008   Data   RW         5070    .data               fatfs_storage.o
    0x240000c0   0x0800e5ac   0x0000001c   Data   RW         5184    .data               main_1.o
    0x240000dc   0x0800e5c8   0x00000001   Data   RW         5279    .data               sd_diskio.o
    0x240000dd   0x0800e5c9   0x00000001   PAD
    0x240000de   0x0800e5ca   0x00000007   Data   RW         5559    .data               fatfs_sd.o
    0x240000e5   0x0800e5d1   0x00000003   PAD
    0x240000e8   0x0800e5d4   0x00000006   Data   RW         5777    .data               ff.o
    0x240000ee   0x0800e5da   0x00000002   PAD
    0x240000f0   0x0800e5dc   0x00000028   Data   RW         6214    .data               stm32_lcd.o
    0x24000118   0x0800e604   0x00000004   Data   RW         6808    .data               mc_w.l(mvars.o)
    0x2400011c   0x0800e608   0x00000004   Data   RW         6809    .data               mc_w.l(mvars.o)
    0x24000120        -       0x00000048   Zero   RW          194    .bss                adafruit_802_lcd.o
    0x24000168        -       0x0000050c   Zero   RW          519    .bss                st7735.o
    0x24000674        -       0x000000dc   Zero   RW          987    .bss                stm32h7xx_nucleo.o
    0x24000750        -       0x000013b8   Zero   RW         5069    .bss                fatfs_storage.o
    0x24001b08        -       0x00002144   Zero   RW         5183    .bss                main_1.o
    0x24003c4c        -       0x00000088   Zero   RW         5472    .bss                stm32h7xx_nucleo_bus_1.o
    0x24003cd4        -       0x00000020   Zero   RW         5775    .bss                ff.o
    0x24003cf4        -       0x0000000c   Zero   RW         6100    .bss                ff_gen_drv.o
    0x24003d00        -       0x0000006c   Zero   RW         6212    .bss                stm32_lcd.o
    0x24003d6c   0x0800e60c   0x00000004   PAD
    0x24003d70        -       0x00001000   Zero   RW         5655    HEAP                startup_stm32h745xx.o
    0x24004d70        -       0x00001000   Zero   RW         5654    STACK               startup_stm32h745xx.o


==============================================================================

Image component sizes


      Code (inc. data)   RO Data    RW Data    ZI Data      Debug   Object Name

         0          0          0          0          0    1381704   adafruit_802.o
      1342        152         44          8         72      22588   adafruit_802_lcd.o
      1210         30          0          4          0      10095   adafruit_802_sd.o
       610         16          0          1          0      11911   adafruit_seesaw.o
       212         24          0          0          0       4663   diskio.o
      1808         94          0          7          0      12941   fatfs_sd.o
       364         36          0          8       5048      12445   fatfs_storage.o
      9746        112        170          6         32      59281   ff.o
       102          6          0          0         12       1787   ff_gen_drv.o
      3576       1158          0         28       8516      47843   main_1.o
       136          8         20          1          0       6440   sd_diskio.o
      3258         74          0        108       1292      26166   st7735.o
        90          0          0          0          0       3379   st7735_reg.o
        36          8        664          0       8192        848   startup_stm32h745xx.o
      1152         78      15580         40        108      13940   stm32_lcd.o
       292         58          0          9          0      32033   stm32h7xx_hal.o
       344         26          0          0          0      42117   stm32h7xx_hal_cortex.o
       118          6          0          0          0       2883   stm32h7xx_hal_exti.o
       928        100          0          0          0       4131   stm32h7xx_hal_gpio.o
        56         16          0          0          0       1347   stm32h7xx_hal_hsem.o
      2182         40          0          0          0      15316   stm32h7xx_hal_i2c.o
         2          0          0          0          0        498   stm32h7xx_hal_msp_1.o
       148          4          0          0          0        857   stm32h7xx_hal_pwr_ex.o
      3452         88          0          0          0       5838   stm32h7xx_hal_rcc.o
      3628         52          0          0          0       4640   stm32h7xx_hal_rcc_ex.o
      2686         14          0          0          0       8361   stm32h7xx_hal_spi.o
        90          8          0          0          0       5077   stm32h7xx_it_1.o
      1274        136         16         40        220      19881   stm32h7xx_nucleo.o
       492         46         32          0        136       5525   stm32h7xx_nucleo_bus_1.o
        24          0          0          0          0       1867   syscall.o
       212         28         16          8          0       1422   system_stm32h7xx.o
       240         24        942          0          0       2275   unicode.o

    ----------------------------------------------------------------------
     39848       2442      17516        280      23632    1770099   Object Totals
         0          0         32          0          0          0   (incl. Generated)
        38          0          0         12          4          0   (incl. Padding)

    ----------------------------------------------------------------------

      Code (inc. data)   RO Data    RW Data    ZI Data      Debug   Library Member Name

         0          0          0          0          0          0   entry.o
         0          0          0          0          0          0   entry10a.o
         0          0          0          0          0          0   entry11a.o
         4          0          0          0          0          0   entry12b.o
         8          4          0          0          0          0   entry2.o
         4          0          0          0          0          0   entry5.o
         0          0          0          0          0          0   entry7b.o
         0          0          0          0          0          0   entry8b.o
         8          4          0          0          0          0   entry9a.o
        30          0          0          0          0          0   handlers.o
        36          8          0          0          0         68   init.o
       188         20          0          0          0        160   malloc.o
         0          0          0          8          0          0   mvars.o
       916         20          0          0          0        504   printf6.o
        44          0          0          0          0         80   uidiv.o

    ----------------------------------------------------------------------
      1240         56          0          8          0        812   Library Totals
         2          0          0          0          0          0   (incl. Padding)

    ----------------------------------------------------------------------

      Code (inc. data)   RO Data    RW Data    ZI Data      Debug   Library Name

      1238         56          0          8          0        812   mc_w.l

    ----------------------------------------------------------------------
      1240         56          0          8          0        812   Library Totals

    ----------------------------------------------------------------------

==============================================================================


      Code (inc. data)   RO Data    RW Data    ZI Data      Debug   

     41088       2498      17516        288      23632    1742851   Grand Totals
     41088       2498      17516        288      23632    1742851   ELF Image Totals
     41088       2498      17516        288          0          0   ROM Totals

==============================================================================

    Total RO  Size (Code + RO Data)                58604 (  57.23kB)
    Total RW  Size (RW Data + ZI Data)             23920 (  23.36kB)
    Total ROM Size (Code + RO Data + RW Data)      58892 (  57.51kB)

==============================================================================

