<!doctype html public "-//w3c//dtd html 4.0 transitional//en">
<html><head>
<title>Static Call Graph - [STM32H745ZI_Nucleo_CM7\STM32H745ZI_Nucleo_CM7.axf]</title></head>
<body><HR>
<H1>Static Call Graph for image STM32H745ZI_Nucleo_CM7\STM32H745ZI_Nucleo_CM7.axf</H1><HR>
<BR><P>#&#060CALLGRAPH&#062# ARM Linker, 5060960: Last Updated: Wed Apr 10 16:03:13 2024
<BR><P>
<H3>Maximum Stack Usage =       4632 bytes + Unknown(Cycles, Untraceable Function Pointers)</H3><H3>
Call chain for Maximum Stack Depth:</H3>
main &rArr; TFT_DisplayImages &rArr; Storage_OpenReadFile &rArr; f_open &rArr; dir_register &rArr; dir_find &rArr; dir_next &rArr; create_chain &rArr; put_fat &rArr; move_window &rArr; sync_window &rArr; disk_write
<P>
<H3>
Mutually Recursive functions
</H3> <LI><a href="#[84]">ADC3_IRQHandler</a>&nbsp;&nbsp;&nbsp;&rArr;&nbsp;&nbsp;&nbsp;<a href="#[84]">ADC3_IRQHandler</a><BR>
 <LI><a href="#[19c]">pattern_matching</a>&nbsp;&nbsp;&nbsp;&rArr;&nbsp;&nbsp;&nbsp;<a href="#[19c]">pattern_matching</a><BR>
 <LI><a href="#[1af]">putc_bfd</a>&nbsp;&nbsp;&nbsp;&rArr;&nbsp;&nbsp;&nbsp;<a href="#[1af]">putc_bfd</a><BR>
</UL>
<P>
<H3>
Function Pointers
</H3><UL>
 <LI><a href="#[a8]">ADAFRUIT_802_LCD_DrawBitmap</a> from adafruit_802_lcd.o(i.ADAFRUIT_802_LCD_DrawBitmap) referenced from adafruit_802_lcd.o(.constdata)
 <LI><a href="#[aa]">ADAFRUIT_802_LCD_DrawHLine</a> from adafruit_802_lcd.o(i.ADAFRUIT_802_LCD_DrawHLine) referenced from adafruit_802_lcd.o(.constdata)
 <LI><a href="#[ab]">ADAFRUIT_802_LCD_DrawVLine</a> from adafruit_802_lcd.o(i.ADAFRUIT_802_LCD_DrawVLine) referenced from adafruit_802_lcd.o(.constdata)
 <LI><a href="#[a9]">ADAFRUIT_802_LCD_FillRGBRect</a> from adafruit_802_lcd.o(i.ADAFRUIT_802_LCD_FillRGBRect) referenced from adafruit_802_lcd.o(.constdata)
 <LI><a href="#[ac]">ADAFRUIT_802_LCD_FillRect</a> from adafruit_802_lcd.o(i.ADAFRUIT_802_LCD_FillRect) referenced from adafruit_802_lcd.o(.constdata)
 <LI><a href="#[b1]">ADAFRUIT_802_LCD_GetPixelFormat</a> from adafruit_802_lcd.o(i.ADAFRUIT_802_LCD_GetPixelFormat) referenced from adafruit_802_lcd.o(.constdata)
 <LI><a href="#[af]">ADAFRUIT_802_LCD_GetXSize</a> from adafruit_802_lcd.o(i.ADAFRUIT_802_LCD_GetXSize) referenced from adafruit_802_lcd.o(.constdata)
 <LI><a href="#[b0]">ADAFRUIT_802_LCD_GetYSize</a> from adafruit_802_lcd.o(i.ADAFRUIT_802_LCD_GetYSize) referenced from adafruit_802_lcd.o(.constdata)
 <LI><a href="#[ad]">ADAFRUIT_802_LCD_ReadPixel</a> from adafruit_802_lcd.o(i.ADAFRUIT_802_LCD_ReadPixel) referenced from adafruit_802_lcd.o(.constdata)
 <LI><a href="#[ae]">ADAFRUIT_802_LCD_WritePixel</a> from adafruit_802_lcd.o(i.ADAFRUIT_802_LCD_WritePixel) referenced from adafruit_802_lcd.o(.constdata)
 <LI><a href="#[84]">ADC3_IRQHandler</a> from startup_stm32h745xx.o(.text) referenced from startup_stm32h745xx.o(RESET)
 <LI><a href="#[1c]">ADC_IRQHandler</a> from startup_stm32h745xx.o(.text) referenced from startup_stm32h745xx.o(RESET)
 <LI><a href="#[86]">BDMA_Channel0_IRQHandler</a> from startup_stm32h745xx.o(.text) referenced from startup_stm32h745xx.o(RESET)
 <LI><a href="#[87]">BDMA_Channel1_IRQHandler</a> from startup_stm32h745xx.o(.text) referenced from startup_stm32h745xx.o(RESET)
 <LI><a href="#[88]">BDMA_Channel2_IRQHandler</a> from startup_stm32h745xx.o(.text) referenced from startup_stm32h745xx.o(RESET)
 <LI><a href="#[89]">BDMA_Channel3_IRQHandler</a> from startup_stm32h745xx.o(.text) referenced from startup_stm32h745xx.o(RESET)
 <LI><a href="#[8a]">BDMA_Channel4_IRQHandler</a> from startup_stm32h745xx.o(.text) referenced from startup_stm32h745xx.o(RESET)
 <LI><a href="#[8b]">BDMA_Channel5_IRQHandler</a> from startup_stm32h745xx.o(.text) referenced from startup_stm32h745xx.o(RESET)
 <LI><a href="#[8c]">BDMA_Channel6_IRQHandler</a> from startup_stm32h745xx.o(.text) referenced from startup_stm32h745xx.o(RESET)
 <LI><a href="#[8d]">BDMA_Channel7_IRQHandler</a> from startup_stm32h745xx.o(.text) referenced from startup_stm32h745xx.o(RESET)
 <LI><a href="#[9f]">BSP_GetTick</a> from stm32h7xx_nucleo_bus_1.o(i.BSP_GetTick) referenced from adafruit_802_lcd.o(i.ST7735_Probe)
 <LI><a href="#[ca]">BUTTON_USER_EXTI_Callback</a> from stm32h7xx_nucleo.o(i.BUTTON_USER_EXTI_Callback) referenced from stm32h7xx_nucleo.o(.data)
 <LI><a href="#[4]">BusFault_Handler</a> from stm32h7xx_it_1.o(i.BusFault_Handler) referenced from startup_stm32h745xx.o(RESET)
 <LI><a href="#[64]">CEC_IRQHandler</a> from startup_stm32h745xx.o(.text) referenced from startup_stm32h745xx.o(RESET)
 <LI><a href="#[4a]">CM4_SEV_IRQHandler</a> from startup_stm32h745xx.o(.text) referenced from startup_stm32h745xx.o(RESET)
 <LI><a href="#[49]">CM7_SEV_IRQHandler</a> from startup_stm32h745xx.o(.text) referenced from startup_stm32h745xx.o(RESET)
 <LI><a href="#[8e]">COMP1_IRQHandler</a> from startup_stm32h745xx.o(.text) referenced from startup_stm32h745xx.o(RESET)
 <LI><a href="#[95]">CRS_IRQHandler</a> from startup_stm32h745xx.o(.text) referenced from startup_stm32h745xx.o(RESET)
 <LI><a href="#[55]">DCMI_IRQHandler</a> from startup_stm32h745xx.o(.text) referenced from startup_stm32h745xx.o(RESET)
 <LI><a href="#[74]">DFSDM1_FLT0_IRQHandler</a> from startup_stm32h745xx.o(.text) referenced from startup_stm32h745xx.o(RESET)
 <LI><a href="#[75]">DFSDM1_FLT1_IRQHandler</a> from startup_stm32h745xx.o(.text) referenced from startup_stm32h745xx.o(RESET)
 <LI><a href="#[76]">DFSDM1_FLT2_IRQHandler</a> from startup_stm32h745xx.o(.text) referenced from startup_stm32h745xx.o(RESET)
 <LI><a href="#[77]">DFSDM1_FLT3_IRQHandler</a> from startup_stm32h745xx.o(.text) referenced from startup_stm32h745xx.o(RESET)
 <LI><a href="#[15]">DMA1_Stream0_IRQHandler</a> from startup_stm32h745xx.o(.text) referenced from startup_stm32h745xx.o(RESET)
 <LI><a href="#[16]">DMA1_Stream1_IRQHandler</a> from startup_stm32h745xx.o(.text) referenced from startup_stm32h745xx.o(RESET)
 <LI><a href="#[17]">DMA1_Stream2_IRQHandler</a> from startup_stm32h745xx.o(.text) referenced from startup_stm32h745xx.o(RESET)
 <LI><a href="#[18]">DMA1_Stream3_IRQHandler</a> from startup_stm32h745xx.o(.text) referenced from startup_stm32h745xx.o(RESET)
 <LI><a href="#[19]">DMA1_Stream4_IRQHandler</a> from startup_stm32h745xx.o(.text) referenced from startup_stm32h745xx.o(RESET)
 <LI><a href="#[1a]">DMA1_Stream5_IRQHandler</a> from startup_stm32h745xx.o(.text) referenced from startup_stm32h745xx.o(RESET)
 <LI><a href="#[1b]">DMA1_Stream6_IRQHandler</a> from startup_stm32h745xx.o(.text) referenced from startup_stm32h745xx.o(RESET)
 <LI><a href="#[38]">DMA1_Stream7_IRQHandler</a> from startup_stm32h745xx.o(.text) referenced from startup_stm32h745xx.o(RESET)
 <LI><a href="#[60]">DMA2D_IRQHandler</a> from startup_stm32h745xx.o(.text) referenced from startup_stm32h745xx.o(RESET)
 <LI><a href="#[41]">DMA2_Stream0_IRQHandler</a> from startup_stm32h745xx.o(.text) referenced from startup_stm32h745xx.o(RESET)
 <LI><a href="#[42]">DMA2_Stream1_IRQHandler</a> from startup_stm32h745xx.o(.text) referenced from startup_stm32h745xx.o(RESET)
 <LI><a href="#[43]">DMA2_Stream2_IRQHandler</a> from startup_stm32h745xx.o(.text) referenced from startup_stm32h745xx.o(RESET)
 <LI><a href="#[44]">DMA2_Stream3_IRQHandler</a> from startup_stm32h745xx.o(.text) referenced from startup_stm32h745xx.o(RESET)
 <LI><a href="#[45]">DMA2_Stream4_IRQHandler</a> from startup_stm32h745xx.o(.text) referenced from startup_stm32h745xx.o(RESET)
 <LI><a href="#[4b]">DMA2_Stream5_IRQHandler</a> from startup_stm32h745xx.o(.text) referenced from startup_stm32h745xx.o(RESET)
 <LI><a href="#[4c]">DMA2_Stream6_IRQHandler</a> from startup_stm32h745xx.o(.text) referenced from startup_stm32h745xx.o(RESET)
 <LI><a href="#[4d]">DMA2_Stream7_IRQHandler</a> from startup_stm32h745xx.o(.text) referenced from startup_stm32h745xx.o(RESET)
 <LI><a href="#[6c]">DMAMUX1_OVR_IRQHandler</a> from startup_stm32h745xx.o(.text) referenced from startup_stm32h745xx.o(RESET)
 <LI><a href="#[85]">DMAMUX2_OVR_IRQHandler</a> from startup_stm32h745xx.o(.text) referenced from startup_stm32h745xx.o(RESET)
 <LI><a href="#[7]">DebugMon_Handler</a> from stm32h7xx_it_1.o(i.DebugMon_Handler) referenced from startup_stm32h745xx.o(RESET)
 <LI><a href="#[96]">ECC_IRQHandler</a> from startup_stm32h745xx.o(.text) referenced from startup_stm32h745xx.o(RESET)
 <LI><a href="#[46]">ETH_IRQHandler</a> from startup_stm32h745xx.o(.text) referenced from startup_stm32h745xx.o(RESET)
 <LI><a href="#[47]">ETH_WKUP_IRQHandler</a> from startup_stm32h745xx.o(.text) referenced from startup_stm32h745xx.o(RESET)
 <LI><a href="#[10]">EXTI0_IRQHandler</a> from startup_stm32h745xx.o(.text) referenced from startup_stm32h745xx.o(RESET)
 <LI><a href="#[32]">EXTI15_10_IRQHandler</a> from stm32h7xx_it_1.o(i.EXTI15_10_IRQHandler) referenced from startup_stm32h745xx.o(RESET)
 <LI><a href="#[11]">EXTI1_IRQHandler</a> from startup_stm32h745xx.o(.text) referenced from startup_stm32h745xx.o(RESET)
 <LI><a href="#[12]">EXTI2_IRQHandler</a> from startup_stm32h745xx.o(.text) referenced from startup_stm32h745xx.o(RESET)
 <LI><a href="#[13]">EXTI3_IRQHandler</a> from startup_stm32h745xx.o(.text) referenced from startup_stm32h745xx.o(RESET)
 <LI><a href="#[14]">EXTI4_IRQHandler</a> from startup_stm32h745xx.o(.text) referenced from startup_stm32h745xx.o(RESET)
 <LI><a href="#[21]">EXTI9_5_IRQHandler</a> from startup_stm32h745xx.o(.text) referenced from startup_stm32h745xx.o(RESET)
 <LI><a href="#[1d]">FDCAN1_IT0_IRQHandler</a> from startup_stm32h745xx.o(.text) referenced from startup_stm32h745xx.o(RESET)
 <LI><a href="#[1f]">FDCAN1_IT1_IRQHandler</a> from startup_stm32h745xx.o(.text) referenced from startup_stm32h745xx.o(RESET)
 <LI><a href="#[1e]">FDCAN2_IT0_IRQHandler</a> from startup_stm32h745xx.o(.text) referenced from startup_stm32h745xx.o(RESET)
 <LI><a href="#[20]">FDCAN2_IT1_IRQHandler</a> from startup_stm32h745xx.o(.text) referenced from startup_stm32h745xx.o(RESET)
 <LI><a href="#[48]">FDCAN_CAL_IRQHandler</a> from startup_stm32h745xx.o(.text) referenced from startup_stm32h745xx.o(RESET)
 <LI><a href="#[e]">FLASH_IRQHandler</a> from startup_stm32h745xx.o(.text) referenced from startup_stm32h745xx.o(RESET)
 <LI><a href="#[39]">FMC_IRQHandler</a> from startup_stm32h745xx.o(.text) referenced from startup_stm32h745xx.o(RESET)
 <LI><a href="#[57]">FPU_IRQHandler</a> from startup_stm32h745xx.o(.text) referenced from startup_stm32h745xx.o(RESET)
 <LI><a href="#[98]">HOLD_CORE_IRQHandler</a> from startup_stm32h745xx.o(.text) referenced from startup_stm32h745xx.o(RESET)
 <LI><a href="#[73]">HRTIM1_FLT_IRQHandler</a> from startup_stm32h745xx.o(.text) referenced from startup_stm32h745xx.o(RESET)
 <LI><a href="#[6d]">HRTIM1_Master_IRQHandler</a> from startup_stm32h745xx.o(.text) referenced from startup_stm32h745xx.o(RESET)
 <LI><a href="#[6e]">HRTIM1_TIMA_IRQHandler</a> from startup_stm32h745xx.o(.text) referenced from startup_stm32h745xx.o(RESET)
 <LI><a href="#[6f]">HRTIM1_TIMB_IRQHandler</a> from startup_stm32h745xx.o(.text) referenced from startup_stm32h745xx.o(RESET)
 <LI><a href="#[70]">HRTIM1_TIMC_IRQHandler</a> from startup_stm32h745xx.o(.text) referenced from startup_stm32h745xx.o(RESET)
 <LI><a href="#[71]">HRTIM1_TIMD_IRQHandler</a> from startup_stm32h745xx.o(.text) referenced from startup_stm32h745xx.o(RESET)
 <LI><a href="#[72]">HRTIM1_TIME_IRQHandler</a> from startup_stm32h745xx.o(.text) referenced from startup_stm32h745xx.o(RESET)
 <LI><a href="#[82]">HSEM1_IRQHandler</a> from startup_stm32h745xx.o(.text) referenced from startup_stm32h745xx.o(RESET)
 <LI><a href="#[83]">HSEM2_IRQHandler</a> from startup_stm32h745xx.o(.text) referenced from startup_stm32h745xx.o(RESET)
 <LI><a href="#[2]">HardFault_Handler</a> from stm32h7xx_it_1.o(i.HardFault_Handler) referenced from startup_stm32h745xx.o(RESET)
 <LI><a href="#[2a]">I2C1_ER_IRQHandler</a> from startup_stm32h745xx.o(.text) referenced from startup_stm32h745xx.o(RESET)
 <LI><a href="#[29]">I2C1_EV_IRQHandler</a> from startup_stm32h745xx.o(.text) referenced from startup_stm32h745xx.o(RESET)
 <LI><a href="#[2c]">I2C2_ER_IRQHandler</a> from startup_stm32h745xx.o(.text) referenced from startup_stm32h745xx.o(RESET)
 <LI><a href="#[2b]">I2C2_EV_IRQHandler</a> from startup_stm32h745xx.o(.text) referenced from startup_stm32h745xx.o(RESET)
 <LI><a href="#[50]">I2C3_ER_IRQHandler</a> from startup_stm32h745xx.o(.text) referenced from startup_stm32h745xx.o(RESET)
 <LI><a href="#[4f]">I2C3_EV_IRQHandler</a> from startup_stm32h745xx.o(.text) referenced from startup_stm32h745xx.o(RESET)
 <LI><a href="#[66]">I2C4_ER_IRQHandler</a> from startup_stm32h745xx.o(.text) referenced from startup_stm32h745xx.o(RESET)
 <LI><a href="#[65]">I2C4_EV_IRQHandler</a> from startup_stm32h745xx.o(.text) referenced from startup_stm32h745xx.o(RESET)
 <LI><a href="#[7f]">JPEG_IRQHandler</a> from startup_stm32h745xx.o(.text) referenced from startup_stm32h745xx.o(RESET)
 <LI><a href="#[9e]">LCD_IO_DeInit</a> from adafruit_802_lcd.o(i.LCD_IO_DeInit) referenced from adafruit_802_lcd.o(i.ST7735_Probe)
 <LI><a href="#[9d]">LCD_IO_Init</a> from adafruit_802_lcd.o(i.LCD_IO_Init) referenced from adafruit_802_lcd.o(i.ST7735_Probe)
 <LI><a href="#[a1]">LCD_IO_SendData</a> from adafruit_802_lcd.o(i.LCD_IO_SendData) referenced from adafruit_802_lcd.o(i.ST7735_Probe)
 <LI><a href="#[a0]">LCD_IO_WriteReg</a> from adafruit_802_lcd.o(i.LCD_IO_WriteReg) referenced from adafruit_802_lcd.o(i.ST7735_Probe)
 <LI><a href="#[63]">LPTIM1_IRQHandler</a> from startup_stm32h745xx.o(.text) referenced from startup_stm32h745xx.o(RESET)
 <LI><a href="#[8f]">LPTIM2_IRQHandler</a> from startup_stm32h745xx.o(.text) referenced from startup_stm32h745xx.o(RESET)
 <LI><a href="#[90]">LPTIM3_IRQHandler</a> from startup_stm32h745xx.o(.text) referenced from startup_stm32h745xx.o(RESET)
 <LI><a href="#[91]">LPTIM4_IRQHandler</a> from startup_stm32h745xx.o(.text) referenced from startup_stm32h745xx.o(RESET)
 <LI><a href="#[92]">LPTIM5_IRQHandler</a> from startup_stm32h745xx.o(.text) referenced from startup_stm32h745xx.o(RESET)
 <LI><a href="#[93]">LPUART1_IRQHandler</a> from startup_stm32h745xx.o(.text) referenced from startup_stm32h745xx.o(RESET)
 <LI><a href="#[5f]">LTDC_ER_IRQHandler</a> from startup_stm32h745xx.o(.text) referenced from startup_stm32h745xx.o(RESET)
 <LI><a href="#[5e]">LTDC_IRQHandler</a> from startup_stm32h745xx.o(.text) referenced from startup_stm32h745xx.o(RESET)
 <LI><a href="#[7e]">MDIOS_IRQHandler</a> from startup_stm32h745xx.o(.text) referenced from startup_stm32h745xx.o(RESET)
 <LI><a href="#[7d]">MDIOS_WKUP_IRQHandler</a> from startup_stm32h745xx.o(.text) referenced from startup_stm32h745xx.o(RESET)
 <LI><a href="#[80]">MDMA_IRQHandler</a> from startup_stm32h745xx.o(.text) referenced from startup_stm32h745xx.o(RESET)
 <LI><a href="#[3]">MemManage_Handler</a> from stm32h7xx_it_1.o(i.MemManage_Handler) referenced from startup_stm32h745xx.o(RESET)
 <LI><a href="#[1]">NMI_Handler</a> from stm32h7xx_it_1.o(i.NMI_Handler) referenced from startup_stm32h745xx.o(RESET)
 <LI><a href="#[69]">OTG_FS_EP1_IN_IRQHandler</a> from startup_stm32h745xx.o(.text) referenced from startup_stm32h745xx.o(RESET)
 <LI><a href="#[68]">OTG_FS_EP1_OUT_IRQHandler</a> from startup_stm32h745xx.o(.text) referenced from startup_stm32h745xx.o(RESET)
 <LI><a href="#[6b]">OTG_FS_IRQHandler</a> from startup_stm32h745xx.o(.text) referenced from startup_stm32h745xx.o(RESET)
 <LI><a href="#[6a]">OTG_FS_WKUP_IRQHandler</a> from startup_stm32h745xx.o(.text) referenced from startup_stm32h745xx.o(RESET)
 <LI><a href="#[52]">OTG_HS_EP1_IN_IRQHandler</a> from startup_stm32h745xx.o(.text) referenced from startup_stm32h745xx.o(RESET)
 <LI><a href="#[51]">OTG_HS_EP1_OUT_IRQHandler</a> from startup_stm32h745xx.o(.text) referenced from startup_stm32h745xx.o(RESET)
 <LI><a href="#[54]">OTG_HS_IRQHandler</a> from startup_stm32h745xx.o(.text) referenced from startup_stm32h745xx.o(RESET)
 <LI><a href="#[53]">OTG_HS_WKUP_IRQHandler</a> from startup_stm32h745xx.o(.text) referenced from startup_stm32h745xx.o(RESET)
 <LI><a href="#[b]">PVD_AVD_IRQHandler</a> from startup_stm32h745xx.o(.text) referenced from startup_stm32h745xx.o(RESET)
 <LI><a href="#[8]">PendSV_Handler</a> from stm32h7xx_it_1.o(i.PendSV_Handler) referenced from startup_stm32h745xx.o(RESET)
 <LI><a href="#[62]">QUADSPI_IRQHandler</a> from startup_stm32h745xx.o(.text) referenced from startup_stm32h745xx.o(RESET)
 <LI><a href="#[f]">RCC_IRQHandler</a> from startup_stm32h745xx.o(.text) referenced from startup_stm32h745xx.o(RESET)
 <LI><a href="#[56]">RNG_IRQHandler</a> from startup_stm32h745xx.o(.text) referenced from startup_stm32h745xx.o(RESET)
 <LI><a href="#[33]">RTC_Alarm_IRQHandler</a> from startup_stm32h745xx.o(.text) referenced from startup_stm32h745xx.o(RESET)
 <LI><a href="#[d]">RTC_WKUP_IRQHandler</a> from startup_stm32h745xx.o(.text) referenced from startup_stm32h745xx.o(RESET)
 <LI><a href="#[0]">Reset_Handler</a> from startup_stm32h745xx.o(.text) referenced from startup_stm32h745xx.o(RESET)
 <LI><a href="#[5d]">SAI1_IRQHandler</a> from startup_stm32h745xx.o(.text) referenced from startup_stm32h745xx.o(RESET)
 <LI><a href="#[61]">SAI2_IRQHandler</a> from startup_stm32h745xx.o(.text) referenced from startup_stm32h745xx.o(RESET)
 <LI><a href="#[78]">SAI3_IRQHandler</a> from startup_stm32h745xx.o(.text) referenced from startup_stm32h745xx.o(RESET)
 <LI><a href="#[97]">SAI4_IRQHandler</a> from startup_stm32h745xx.o(.text) referenced from startup_stm32h745xx.o(RESET)
 <LI><a href="#[3a]">SDMMC1_IRQHandler</a> from startup_stm32h745xx.o(.text) referenced from startup_stm32h745xx.o(RESET)
 <LI><a href="#[81]">SDMMC2_IRQHandler</a> from startup_stm32h745xx.o(.text) referenced from startup_stm32h745xx.o(RESET)
 <LI><a href="#[b2]">SD_initialize</a> from sd_diskio.o(i.SD_initialize) referenced from sd_diskio.o(.constdata)
 <LI><a href="#[b6]">SD_ioctl</a> from sd_diskio.o(i.SD_ioctl) referenced from sd_diskio.o(.constdata)
 <LI><a href="#[b4]">SD_read</a> from sd_diskio.o(i.SD_read) referenced from sd_diskio.o(.constdata)
 <LI><a href="#[b3]">SD_status</a> from sd_diskio.o(i.SD_status) referenced from sd_diskio.o(.constdata)
 <LI><a href="#[b5]">SD_write</a> from sd_diskio.o(i.SD_write) referenced from sd_diskio.o(.constdata)
 <LI><a href="#[67]">SPDIF_RX_IRQHandler</a> from startup_stm32h745xx.o(.text) referenced from startup_stm32h745xx.o(RESET)
 <LI><a href="#[2d]">SPI1_IRQHandler</a> from startup_stm32h745xx.o(.text) referenced from startup_stm32h745xx.o(RESET)
 <LI><a href="#[2e]">SPI2_IRQHandler</a> from startup_stm32h745xx.o(.text) referenced from startup_stm32h745xx.o(RESET)
 <LI><a href="#[3c]">SPI3_IRQHandler</a> from startup_stm32h745xx.o(.text) referenced from startup_stm32h745xx.o(RESET)
 <LI><a href="#[5a]">SPI4_IRQHandler</a> from startup_stm32h745xx.o(.text) referenced from startup_stm32h745xx.o(RESET)
 <LI><a href="#[5b]">SPI5_IRQHandler</a> from startup_stm32h745xx.o(.text) referenced from startup_stm32h745xx.o(RESET)
 <LI><a href="#[5c]">SPI6_IRQHandler</a> from startup_stm32h745xx.o(.text) referenced from startup_stm32h745xx.o(RESET)
 <LI><a href="#[b8]">ST7735_DeInit</a> from st7735.o(i.ST7735_DeInit) referenced from st7735.o(.data)
 <LI><a href="#[bb]">ST7735_DisplayOff</a> from st7735.o(i.ST7735_DisplayOff) referenced from st7735.o(.data)
 <LI><a href="#[ba]">ST7735_DisplayOn</a> from st7735.o(i.ST7735_DisplayOn) referenced from st7735.o(.data)
 <LI><a href="#[c1]">ST7735_DrawBitmap</a> from st7735.o(i.ST7735_DrawBitmap) referenced from st7735.o(.data)
 <LI><a href="#[c3]">ST7735_DrawHLine</a> from st7735.o(i.ST7735_DrawHLine) referenced from st7735.o(.data)
 <LI><a href="#[c4]">ST7735_DrawVLine</a> from st7735.o(i.ST7735_DrawVLine) referenced from st7735.o(.data)
 <LI><a href="#[c2]">ST7735_FillRGBRect</a> from st7735.o(i.ST7735_FillRGBRect) referenced from st7735.o(.data)
 <LI><a href="#[c5]">ST7735_FillRect</a> from st7735.o(i.ST7735_FillRect) referenced from st7735.o(.data)
 <LI><a href="#[bd]">ST7735_GetBrightness</a> from st7735.o(i.ST7735_GetBrightness) referenced from st7735.o(.data)
 <LI><a href="#[bf]">ST7735_GetOrientation</a> from st7735.o(i.ST7735_GetOrientation) referenced from st7735.o(.data)
 <LI><a href="#[c6]">ST7735_GetPixel</a> from st7735.o(i.ST7735_GetPixel) referenced from st7735.o(.data)
 <LI><a href="#[c8]">ST7735_GetXSize</a> from st7735.o(i.ST7735_GetXSize) referenced from st7735.o(.data)
 <LI><a href="#[c9]">ST7735_GetYSize</a> from st7735.o(i.ST7735_GetYSize) referenced from st7735.o(.data)
 <LI><a href="#[b7]">ST7735_Init</a> from st7735.o(i.ST7735_Init) referenced from st7735.o(.data)
 <LI><a href="#[b9]">ST7735_ReadID</a> from st7735.o(i.ST7735_ReadID) referenced from st7735.o(.data)
 <LI><a href="#[a2]">ST7735_ReadRegWrap</a> from st7735.o(i.ST7735_ReadRegWrap) referenced from st7735.o(i.ST7735_RegisterBusIO)
 <LI><a href="#[a5]">ST7735_RecvDataWrap</a> from st7735.o(i.ST7735_RecvDataWrap) referenced from st7735.o(i.ST7735_RegisterBusIO)
 <LI><a href="#[a4]">ST7735_SendDataWrap</a> from st7735.o(i.ST7735_SendDataWrap) referenced from st7735.o(i.ST7735_RegisterBusIO)
 <LI><a href="#[bc]">ST7735_SetBrightness</a> from st7735.o(i.ST7735_SetBrightness) referenced from st7735.o(.data)
 <LI><a href="#[c0]">ST7735_SetCursor</a> from st7735.o(i.ST7735_SetCursor) referenced from st7735.o(.data)
 <LI><a href="#[be]">ST7735_SetOrientation</a> from st7735.o(i.ST7735_SetOrientation) referenced from st7735.o(.data)
 <LI><a href="#[c7]">ST7735_SetPixel</a> from st7735.o(i.ST7735_SetPixel) referenced from st7735.o(.data)
 <LI><a href="#[a3]">ST7735_WriteRegWrap</a> from st7735.o(i.ST7735_WriteRegWrap) referenced from st7735.o(i.ST7735_RegisterBusIO)
 <LI><a href="#[6]">SVC_Handler</a> from stm32h7xx_it_1.o(i.SVC_Handler) referenced from startup_stm32h745xx.o(RESET)
 <LI><a href="#[79]">SWPMI1_IRQHandler</a> from startup_stm32h745xx.o(.text) referenced from startup_stm32h745xx.o(RESET)
 <LI><a href="#[9]">SysTick_Handler</a> from stm32h7xx_it_1.o(i.SysTick_Handler) referenced from startup_stm32h745xx.o(RESET)
 <LI><a href="#[9b]">SystemInit</a> from system_stm32h7xx.o(i.SystemInit) referenced from startup_stm32h745xx.o(.text)
 <LI><a href="#[c]">TAMP_STAMP_IRQHandler</a> from startup_stm32h745xx.o(.text) referenced from startup_stm32h745xx.o(RESET)
 <LI><a href="#[7a]">TIM15_IRQHandler</a> from startup_stm32h745xx.o(.text) referenced from startup_stm32h745xx.o(RESET)
 <LI><a href="#[7b]">TIM16_IRQHandler</a> from startup_stm32h745xx.o(.text) referenced from startup_stm32h745xx.o(RESET)
 <LI><a href="#[7c]">TIM17_IRQHandler</a> from startup_stm32h745xx.o(.text) referenced from startup_stm32h745xx.o(RESET)
 <LI><a href="#[22]">TIM1_BRK_IRQHandler</a> from startup_stm32h745xx.o(.text) referenced from startup_stm32h745xx.o(RESET)
 <LI><a href="#[25]">TIM1_CC_IRQHandler</a> from startup_stm32h745xx.o(.text) referenced from startup_stm32h745xx.o(RESET)
 <LI><a href="#[24]">TIM1_TRG_COM_IRQHandler</a> from startup_stm32h745xx.o(.text) referenced from startup_stm32h745xx.o(RESET)
 <LI><a href="#[23]">TIM1_UP_IRQHandler</a> from startup_stm32h745xx.o(.text) referenced from startup_stm32h745xx.o(RESET)
 <LI><a href="#[26]">TIM2_IRQHandler</a> from startup_stm32h745xx.o(.text) referenced from startup_stm32h745xx.o(RESET)
 <LI><a href="#[27]">TIM3_IRQHandler</a> from startup_stm32h745xx.o(.text) referenced from startup_stm32h745xx.o(RESET)
 <LI><a href="#[28]">TIM4_IRQHandler</a> from startup_stm32h745xx.o(.text) referenced from startup_stm32h745xx.o(RESET)
 <LI><a href="#[3b]">TIM5_IRQHandler</a> from startup_stm32h745xx.o(.text) referenced from startup_stm32h745xx.o(RESET)
 <LI><a href="#[3f]">TIM6_DAC_IRQHandler</a> from startup_stm32h745xx.o(.text) referenced from startup_stm32h745xx.o(RESET)
 <LI><a href="#[40]">TIM7_IRQHandler</a> from startup_stm32h745xx.o(.text) referenced from startup_stm32h745xx.o(RESET)
 <LI><a href="#[34]">TIM8_BRK_TIM12_IRQHandler</a> from startup_stm32h745xx.o(.text) referenced from startup_stm32h745xx.o(RESET)
 <LI><a href="#[37]">TIM8_CC_IRQHandler</a> from startup_stm32h745xx.o(.text) referenced from startup_stm32h745xx.o(RESET)
 <LI><a href="#[36]">TIM8_TRG_COM_TIM14_IRQHandler</a> from startup_stm32h745xx.o(.text) referenced from startup_stm32h745xx.o(RESET)
 <LI><a href="#[35]">TIM8_UP_TIM13_IRQHandler</a> from startup_stm32h745xx.o(.text) referenced from startup_stm32h745xx.o(RESET)
 <LI><a href="#[3d]">UART4_IRQHandler</a> from startup_stm32h745xx.o(.text) referenced from startup_stm32h745xx.o(RESET)
 <LI><a href="#[3e]">UART5_IRQHandler</a> from startup_stm32h745xx.o(.text) referenced from startup_stm32h745xx.o(RESET)
 <LI><a href="#[58]">UART7_IRQHandler</a> from startup_stm32h745xx.o(.text) referenced from startup_stm32h745xx.o(RESET)
 <LI><a href="#[59]">UART8_IRQHandler</a> from startup_stm32h745xx.o(.text) referenced from startup_stm32h745xx.o(RESET)
 <LI><a href="#[2f]">USART1_IRQHandler</a> from startup_stm32h745xx.o(.text) referenced from startup_stm32h745xx.o(RESET)
 <LI><a href="#[30]">USART2_IRQHandler</a> from startup_stm32h745xx.o(.text) referenced from startup_stm32h745xx.o(RESET)
 <LI><a href="#[31]">USART3_IRQHandler</a> from startup_stm32h745xx.o(.text) referenced from startup_stm32h745xx.o(RESET)
 <LI><a href="#[4e]">USART6_IRQHandler</a> from startup_stm32h745xx.o(.text) referenced from startup_stm32h745xx.o(RESET)
 <LI><a href="#[5]">UsageFault_Handler</a> from stm32h7xx_it_1.o(i.UsageFault_Handler) referenced from startup_stm32h745xx.o(RESET)
 <LI><a href="#[99]">WAKEUP_PIN_IRQHandler</a> from startup_stm32h745xx.o(.text) referenced from startup_stm32h745xx.o(RESET)
 <LI><a href="#[a]">WWDG_IRQHandler</a> from startup_stm32h745xx.o(.text) referenced from startup_stm32h745xx.o(RESET)
 <LI><a href="#[94]">WWDG_RST_IRQHandler</a> from startup_stm32h745xx.o(.text) referenced from startup_stm32h745xx.o(RESET)
 <LI><a href="#[9c]">__main</a> from entry.o(.ARM.Collect$$$$00000000) referenced from startup_stm32h745xx.o(.text)
 <LI><a href="#[a7]">_sputc</a> from printf6.o(i._sputc) referenced from printf6.o(i.__0sprintf$6)
 <LI><a href="#[a6]">fputc</a> from main_1.o(i.fputc) referenced from printf6.o(i.__0printf$6)
 <LI><a href="#[9a]">main</a> from main_1.o(i.main) referenced from entry9a.o(.ARM.Collect$$$$0000000B)
</UL>
<P>
<H3>
Global Symbols
</H3>
<P><STRONG><a name="[9c]"></a>__main</STRONG> (Thumb, 0 bytes, Stack size unknown bytes, entry.o(.ARM.Collect$$$$00000000))
<BR>[Address Reference Count : 1]<UL><LI> startup_stm32h745xx.o(.text)
</UL>
<P><STRONG><a name="[1bd]"></a>_main_stk</STRONG> (Thumb, 0 bytes, Stack size unknown bytes, entry2.o(.ARM.Collect$$$$00000001))

<P><STRONG><a name="[cb]"></a>_main_scatterload</STRONG> (Thumb, 0 bytes, Stack size unknown bytes, entry5.o(.ARM.Collect$$$$00000004))
<BR><BR>[Calls]<UL><LI><a href="#[cc]">&gt;&gt;</a>&nbsp;&nbsp;&nbsp;__scatterload
</UL>

<P><STRONG><a name="[cd]"></a>__main_after_scatterload</STRONG> (Thumb, 0 bytes, Stack size unknown bytes, entry5.o(.ARM.Collect$$$$00000004))
<BR><BR>[Called By]<UL><LI><a href="#[cc]">&gt;&gt;</a>&nbsp;&nbsp;&nbsp;__scatterload
</UL>

<P><STRONG><a name="[1be]"></a>_main_clock</STRONG> (Thumb, 0 bytes, Stack size unknown bytes, entry7b.o(.ARM.Collect$$$$00000008))

<P><STRONG><a name="[1bf]"></a>_main_cpp_init</STRONG> (Thumb, 0 bytes, Stack size unknown bytes, entry8b.o(.ARM.Collect$$$$0000000A))

<P><STRONG><a name="[1c0]"></a>_main_init</STRONG> (Thumb, 0 bytes, Stack size unknown bytes, entry9a.o(.ARM.Collect$$$$0000000B))

<P><STRONG><a name="[1c1]"></a>__rt_lib_shutdown_fini</STRONG> (Thumb, 0 bytes, Stack size unknown bytes, entry12b.o(.ARM.Collect$$$$0000000E))

<P><STRONG><a name="[1c2]"></a>__rt_final_cpp</STRONG> (Thumb, 0 bytes, Stack size unknown bytes, entry10a.o(.ARM.Collect$$$$0000000F))

<P><STRONG><a name="[1c3]"></a>__rt_final_exit</STRONG> (Thumb, 0 bytes, Stack size unknown bytes, entry11a.o(.ARM.Collect$$$$00000011))

<P><STRONG><a name="[0]"></a>Reset_Handler</STRONG> (Thumb, 8 bytes, Stack size 0 bytes, startup_stm32h745xx.o(.text))
<BR>[Address Reference Count : 1]<UL><LI> startup_stm32h745xx.o(RESET)
</UL>
<P><STRONG><a name="[84]"></a>ADC3_IRQHandler</STRONG> (Thumb, 0 bytes, Stack size 0 bytes, startup_stm32h745xx.o(.text))
<BR><BR>[Calls]<UL><LI><a href="#[84]">&gt;&gt;</a>&nbsp;&nbsp;&nbsp;ADC3_IRQHandler
</UL>
<BR>[Called By]<UL><LI><a href="#[84]">&gt;&gt;</a>&nbsp;&nbsp;&nbsp;ADC3_IRQHandler
</UL>
<BR>[Address Reference Count : 1]<UL><LI> startup_stm32h745xx.o(RESET)
</UL>
<P><STRONG><a name="[1c]"></a>ADC_IRQHandler</STRONG> (Thumb, 0 bytes, Stack size 0 bytes, startup_stm32h745xx.o(.text))
<BR>[Address Reference Count : 1]<UL><LI> startup_stm32h745xx.o(RESET)
</UL>
<P><STRONG><a name="[86]"></a>BDMA_Channel0_IRQHandler</STRONG> (Thumb, 0 bytes, Stack size 0 bytes, startup_stm32h745xx.o(.text))
<BR>[Address Reference Count : 1]<UL><LI> startup_stm32h745xx.o(RESET)
</UL>
<P><STRONG><a name="[87]"></a>BDMA_Channel1_IRQHandler</STRONG> (Thumb, 0 bytes, Stack size 0 bytes, startup_stm32h745xx.o(.text))
<BR>[Address Reference Count : 1]<UL><LI> startup_stm32h745xx.o(RESET)
</UL>
<P><STRONG><a name="[88]"></a>BDMA_Channel2_IRQHandler</STRONG> (Thumb, 0 bytes, Stack size 0 bytes, startup_stm32h745xx.o(.text))
<BR>[Address Reference Count : 1]<UL><LI> startup_stm32h745xx.o(RESET)
</UL>
<P><STRONG><a name="[89]"></a>BDMA_Channel3_IRQHandler</STRONG> (Thumb, 0 bytes, Stack size 0 bytes, startup_stm32h745xx.o(.text))
<BR>[Address Reference Count : 1]<UL><LI> startup_stm32h745xx.o(RESET)
</UL>
<P><STRONG><a name="[8a]"></a>BDMA_Channel4_IRQHandler</STRONG> (Thumb, 0 bytes, Stack size 0 bytes, startup_stm32h745xx.o(.text))
<BR>[Address Reference Count : 1]<UL><LI> startup_stm32h745xx.o(RESET)
</UL>
<P><STRONG><a name="[8b]"></a>BDMA_Channel5_IRQHandler</STRONG> (Thumb, 0 bytes, Stack size 0 bytes, startup_stm32h745xx.o(.text))
<BR>[Address Reference Count : 1]<UL><LI> startup_stm32h745xx.o(RESET)
</UL>
<P><STRONG><a name="[8c]"></a>BDMA_Channel6_IRQHandler</STRONG> (Thumb, 0 bytes, Stack size 0 bytes, startup_stm32h745xx.o(.text))
<BR>[Address Reference Count : 1]<UL><LI> startup_stm32h745xx.o(RESET)
</UL>
<P><STRONG><a name="[8d]"></a>BDMA_Channel7_IRQHandler</STRONG> (Thumb, 0 bytes, Stack size 0 bytes, startup_stm32h745xx.o(.text))
<BR>[Address Reference Count : 1]<UL><LI> startup_stm32h745xx.o(RESET)
</UL>
<P><STRONG><a name="[64]"></a>CEC_IRQHandler</STRONG> (Thumb, 0 bytes, Stack size 0 bytes, startup_stm32h745xx.o(.text))
<BR>[Address Reference Count : 1]<UL><LI> startup_stm32h745xx.o(RESET)
</UL>
<P><STRONG><a name="[4a]"></a>CM4_SEV_IRQHandler</STRONG> (Thumb, 0 bytes, Stack size 0 bytes, startup_stm32h745xx.o(.text))
<BR>[Address Reference Count : 1]<UL><LI> startup_stm32h745xx.o(RESET)
</UL>
<P><STRONG><a name="[49]"></a>CM7_SEV_IRQHandler</STRONG> (Thumb, 0 bytes, Stack size 0 bytes, startup_stm32h745xx.o(.text))
<BR>[Address Reference Count : 1]<UL><LI> startup_stm32h745xx.o(RESET)
</UL>
<P><STRONG><a name="[8e]"></a>COMP1_IRQHandler</STRONG> (Thumb, 0 bytes, Stack size 0 bytes, startup_stm32h745xx.o(.text))
<BR>[Address Reference Count : 1]<UL><LI> startup_stm32h745xx.o(RESET)
</UL>
<P><STRONG><a name="[95]"></a>CRS_IRQHandler</STRONG> (Thumb, 0 bytes, Stack size 0 bytes, startup_stm32h745xx.o(.text))
<BR>[Address Reference Count : 1]<UL><LI> startup_stm32h745xx.o(RESET)
</UL>
<P><STRONG><a name="[55]"></a>DCMI_IRQHandler</STRONG> (Thumb, 0 bytes, Stack size 0 bytes, startup_stm32h745xx.o(.text))
<BR>[Address Reference Count : 1]<UL><LI> startup_stm32h745xx.o(RESET)
</UL>
<P><STRONG><a name="[74]"></a>DFSDM1_FLT0_IRQHandler</STRONG> (Thumb, 0 bytes, Stack size 0 bytes, startup_stm32h745xx.o(.text))
<BR>[Address Reference Count : 1]<UL><LI> startup_stm32h745xx.o(RESET)
</UL>
<P><STRONG><a name="[75]"></a>DFSDM1_FLT1_IRQHandler</STRONG> (Thumb, 0 bytes, Stack size 0 bytes, startup_stm32h745xx.o(.text))
<BR>[Address Reference Count : 1]<UL><LI> startup_stm32h745xx.o(RESET)
</UL>
<P><STRONG><a name="[76]"></a>DFSDM1_FLT2_IRQHandler</STRONG> (Thumb, 0 bytes, Stack size 0 bytes, startup_stm32h745xx.o(.text))
<BR>[Address Reference Count : 1]<UL><LI> startup_stm32h745xx.o(RESET)
</UL>
<P><STRONG><a name="[77]"></a>DFSDM1_FLT3_IRQHandler</STRONG> (Thumb, 0 bytes, Stack size 0 bytes, startup_stm32h745xx.o(.text))
<BR>[Address Reference Count : 1]<UL><LI> startup_stm32h745xx.o(RESET)
</UL>
<P><STRONG><a name="[15]"></a>DMA1_Stream0_IRQHandler</STRONG> (Thumb, 0 bytes, Stack size 0 bytes, startup_stm32h745xx.o(.text))
<BR>[Address Reference Count : 1]<UL><LI> startup_stm32h745xx.o(RESET)
</UL>
<P><STRONG><a name="[16]"></a>DMA1_Stream1_IRQHandler</STRONG> (Thumb, 0 bytes, Stack size 0 bytes, startup_stm32h745xx.o(.text))
<BR>[Address Reference Count : 1]<UL><LI> startup_stm32h745xx.o(RESET)
</UL>
<P><STRONG><a name="[17]"></a>DMA1_Stream2_IRQHandler</STRONG> (Thumb, 0 bytes, Stack size 0 bytes, startup_stm32h745xx.o(.text))
<BR>[Address Reference Count : 1]<UL><LI> startup_stm32h745xx.o(RESET)
</UL>
<P><STRONG><a name="[18]"></a>DMA1_Stream3_IRQHandler</STRONG> (Thumb, 0 bytes, Stack size 0 bytes, startup_stm32h745xx.o(.text))
<BR>[Address Reference Count : 1]<UL><LI> startup_stm32h745xx.o(RESET)
</UL>
<P><STRONG><a name="[19]"></a>DMA1_Stream4_IRQHandler</STRONG> (Thumb, 0 bytes, Stack size 0 bytes, startup_stm32h745xx.o(.text))
<BR>[Address Reference Count : 1]<UL><LI> startup_stm32h745xx.o(RESET)
</UL>
<P><STRONG><a name="[1a]"></a>DMA1_Stream5_IRQHandler</STRONG> (Thumb, 0 bytes, Stack size 0 bytes, startup_stm32h745xx.o(.text))
<BR>[Address Reference Count : 1]<UL><LI> startup_stm32h745xx.o(RESET)
</UL>
<P><STRONG><a name="[1b]"></a>DMA1_Stream6_IRQHandler</STRONG> (Thumb, 0 bytes, Stack size 0 bytes, startup_stm32h745xx.o(.text))
<BR>[Address Reference Count : 1]<UL><LI> startup_stm32h745xx.o(RESET)
</UL>
<P><STRONG><a name="[38]"></a>DMA1_Stream7_IRQHandler</STRONG> (Thumb, 0 bytes, Stack size 0 bytes, startup_stm32h745xx.o(.text))
<BR>[Address Reference Count : 1]<UL><LI> startup_stm32h745xx.o(RESET)
</UL>
<P><STRONG><a name="[60]"></a>DMA2D_IRQHandler</STRONG> (Thumb, 0 bytes, Stack size 0 bytes, startup_stm32h745xx.o(.text))
<BR>[Address Reference Count : 1]<UL><LI> startup_stm32h745xx.o(RESET)
</UL>
<P><STRONG><a name="[41]"></a>DMA2_Stream0_IRQHandler</STRONG> (Thumb, 0 bytes, Stack size 0 bytes, startup_stm32h745xx.o(.text))
<BR>[Address Reference Count : 1]<UL><LI> startup_stm32h745xx.o(RESET)
</UL>
<P><STRONG><a name="[42]"></a>DMA2_Stream1_IRQHandler</STRONG> (Thumb, 0 bytes, Stack size 0 bytes, startup_stm32h745xx.o(.text))
<BR>[Address Reference Count : 1]<UL><LI> startup_stm32h745xx.o(RESET)
</UL>
<P><STRONG><a name="[43]"></a>DMA2_Stream2_IRQHandler</STRONG> (Thumb, 0 bytes, Stack size 0 bytes, startup_stm32h745xx.o(.text))
<BR>[Address Reference Count : 1]<UL><LI> startup_stm32h745xx.o(RESET)
</UL>
<P><STRONG><a name="[44]"></a>DMA2_Stream3_IRQHandler</STRONG> (Thumb, 0 bytes, Stack size 0 bytes, startup_stm32h745xx.o(.text))
<BR>[Address Reference Count : 1]<UL><LI> startup_stm32h745xx.o(RESET)
</UL>
<P><STRONG><a name="[45]"></a>DMA2_Stream4_IRQHandler</STRONG> (Thumb, 0 bytes, Stack size 0 bytes, startup_stm32h745xx.o(.text))
<BR>[Address Reference Count : 1]<UL><LI> startup_stm32h745xx.o(RESET)
</UL>
<P><STRONG><a name="[4b]"></a>DMA2_Stream5_IRQHandler</STRONG> (Thumb, 0 bytes, Stack size 0 bytes, startup_stm32h745xx.o(.text))
<BR>[Address Reference Count : 1]<UL><LI> startup_stm32h745xx.o(RESET)
</UL>
<P><STRONG><a name="[4c]"></a>DMA2_Stream6_IRQHandler</STRONG> (Thumb, 0 bytes, Stack size 0 bytes, startup_stm32h745xx.o(.text))
<BR>[Address Reference Count : 1]<UL><LI> startup_stm32h745xx.o(RESET)
</UL>
<P><STRONG><a name="[4d]"></a>DMA2_Stream7_IRQHandler</STRONG> (Thumb, 0 bytes, Stack size 0 bytes, startup_stm32h745xx.o(.text))
<BR>[Address Reference Count : 1]<UL><LI> startup_stm32h745xx.o(RESET)
</UL>
<P><STRONG><a name="[6c]"></a>DMAMUX1_OVR_IRQHandler</STRONG> (Thumb, 0 bytes, Stack size 0 bytes, startup_stm32h745xx.o(.text))
<BR>[Address Reference Count : 1]<UL><LI> startup_stm32h745xx.o(RESET)
</UL>
<P><STRONG><a name="[85]"></a>DMAMUX2_OVR_IRQHandler</STRONG> (Thumb, 0 bytes, Stack size 0 bytes, startup_stm32h745xx.o(.text))
<BR>[Address Reference Count : 1]<UL><LI> startup_stm32h745xx.o(RESET)
</UL>
<P><STRONG><a name="[96]"></a>ECC_IRQHandler</STRONG> (Thumb, 0 bytes, Stack size 0 bytes, startup_stm32h745xx.o(.text))
<BR>[Address Reference Count : 1]<UL><LI> startup_stm32h745xx.o(RESET)
</UL>
<P><STRONG><a name="[46]"></a>ETH_IRQHandler</STRONG> (Thumb, 0 bytes, Stack size 0 bytes, startup_stm32h745xx.o(.text))
<BR>[Address Reference Count : 1]<UL><LI> startup_stm32h745xx.o(RESET)
</UL>
<P><STRONG><a name="[47]"></a>ETH_WKUP_IRQHandler</STRONG> (Thumb, 0 bytes, Stack size 0 bytes, startup_stm32h745xx.o(.text))
<BR>[Address Reference Count : 1]<UL><LI> startup_stm32h745xx.o(RESET)
</UL>
<P><STRONG><a name="[10]"></a>EXTI0_IRQHandler</STRONG> (Thumb, 0 bytes, Stack size 0 bytes, startup_stm32h745xx.o(.text))
<BR>[Address Reference Count : 1]<UL><LI> startup_stm32h745xx.o(RESET)
</UL>
<P><STRONG><a name="[11]"></a>EXTI1_IRQHandler</STRONG> (Thumb, 0 bytes, Stack size 0 bytes, startup_stm32h745xx.o(.text))
<BR>[Address Reference Count : 1]<UL><LI> startup_stm32h745xx.o(RESET)
</UL>
<P><STRONG><a name="[12]"></a>EXTI2_IRQHandler</STRONG> (Thumb, 0 bytes, Stack size 0 bytes, startup_stm32h745xx.o(.text))
<BR>[Address Reference Count : 1]<UL><LI> startup_stm32h745xx.o(RESET)
</UL>
<P><STRONG><a name="[13]"></a>EXTI3_IRQHandler</STRONG> (Thumb, 0 bytes, Stack size 0 bytes, startup_stm32h745xx.o(.text))
<BR>[Address Reference Count : 1]<UL><LI> startup_stm32h745xx.o(RESET)
</UL>
<P><STRONG><a name="[14]"></a>EXTI4_IRQHandler</STRONG> (Thumb, 0 bytes, Stack size 0 bytes, startup_stm32h745xx.o(.text))
<BR>[Address Reference Count : 1]<UL><LI> startup_stm32h745xx.o(RESET)
</UL>
<P><STRONG><a name="[21]"></a>EXTI9_5_IRQHandler</STRONG> (Thumb, 0 bytes, Stack size 0 bytes, startup_stm32h745xx.o(.text))
<BR>[Address Reference Count : 1]<UL><LI> startup_stm32h745xx.o(RESET)
</UL>
<P><STRONG><a name="[1d]"></a>FDCAN1_IT0_IRQHandler</STRONG> (Thumb, 0 bytes, Stack size 0 bytes, startup_stm32h745xx.o(.text))
<BR>[Address Reference Count : 1]<UL><LI> startup_stm32h745xx.o(RESET)
</UL>
<P><STRONG><a name="[1f]"></a>FDCAN1_IT1_IRQHandler</STRONG> (Thumb, 0 bytes, Stack size 0 bytes, startup_stm32h745xx.o(.text))
<BR>[Address Reference Count : 1]<UL><LI> startup_stm32h745xx.o(RESET)
</UL>
<P><STRONG><a name="[1e]"></a>FDCAN2_IT0_IRQHandler</STRONG> (Thumb, 0 bytes, Stack size 0 bytes, startup_stm32h745xx.o(.text))
<BR>[Address Reference Count : 1]<UL><LI> startup_stm32h745xx.o(RESET)
</UL>
<P><STRONG><a name="[20]"></a>FDCAN2_IT1_IRQHandler</STRONG> (Thumb, 0 bytes, Stack size 0 bytes, startup_stm32h745xx.o(.text))
<BR>[Address Reference Count : 1]<UL><LI> startup_stm32h745xx.o(RESET)
</UL>
<P><STRONG><a name="[48]"></a>FDCAN_CAL_IRQHandler</STRONG> (Thumb, 0 bytes, Stack size 0 bytes, startup_stm32h745xx.o(.text))
<BR>[Address Reference Count : 1]<UL><LI> startup_stm32h745xx.o(RESET)
</UL>
<P><STRONG><a name="[e]"></a>FLASH_IRQHandler</STRONG> (Thumb, 0 bytes, Stack size 0 bytes, startup_stm32h745xx.o(.text))
<BR>[Address Reference Count : 1]<UL><LI> startup_stm32h745xx.o(RESET)
</UL>
<P><STRONG><a name="[39]"></a>FMC_IRQHandler</STRONG> (Thumb, 0 bytes, Stack size 0 bytes, startup_stm32h745xx.o(.text))
<BR>[Address Reference Count : 1]<UL><LI> startup_stm32h745xx.o(RESET)
</UL>
<P><STRONG><a name="[57]"></a>FPU_IRQHandler</STRONG> (Thumb, 0 bytes, Stack size 0 bytes, startup_stm32h745xx.o(.text))
<BR>[Address Reference Count : 1]<UL><LI> startup_stm32h745xx.o(RESET)
</UL>
<P><STRONG><a name="[98]"></a>HOLD_CORE_IRQHandler</STRONG> (Thumb, 0 bytes, Stack size 0 bytes, startup_stm32h745xx.o(.text))
<BR>[Address Reference Count : 1]<UL><LI> startup_stm32h745xx.o(RESET)
</UL>
<P><STRONG><a name="[73]"></a>HRTIM1_FLT_IRQHandler</STRONG> (Thumb, 0 bytes, Stack size 0 bytes, startup_stm32h745xx.o(.text))
<BR>[Address Reference Count : 1]<UL><LI> startup_stm32h745xx.o(RESET)
</UL>
<P><STRONG><a name="[6d]"></a>HRTIM1_Master_IRQHandler</STRONG> (Thumb, 0 bytes, Stack size 0 bytes, startup_stm32h745xx.o(.text))
<BR>[Address Reference Count : 1]<UL><LI> startup_stm32h745xx.o(RESET)
</UL>
<P><STRONG><a name="[6e]"></a>HRTIM1_TIMA_IRQHandler</STRONG> (Thumb, 0 bytes, Stack size 0 bytes, startup_stm32h745xx.o(.text))
<BR>[Address Reference Count : 1]<UL><LI> startup_stm32h745xx.o(RESET)
</UL>
<P><STRONG><a name="[6f]"></a>HRTIM1_TIMB_IRQHandler</STRONG> (Thumb, 0 bytes, Stack size 0 bytes, startup_stm32h745xx.o(.text))
<BR>[Address Reference Count : 1]<UL><LI> startup_stm32h745xx.o(RESET)
</UL>
<P><STRONG><a name="[70]"></a>HRTIM1_TIMC_IRQHandler</STRONG> (Thumb, 0 bytes, Stack size 0 bytes, startup_stm32h745xx.o(.text))
<BR>[Address Reference Count : 1]<UL><LI> startup_stm32h745xx.o(RESET)
</UL>
<P><STRONG><a name="[71]"></a>HRTIM1_TIMD_IRQHandler</STRONG> (Thumb, 0 bytes, Stack size 0 bytes, startup_stm32h745xx.o(.text))
<BR>[Address Reference Count : 1]<UL><LI> startup_stm32h745xx.o(RESET)
</UL>
<P><STRONG><a name="[72]"></a>HRTIM1_TIME_IRQHandler</STRONG> (Thumb, 0 bytes, Stack size 0 bytes, startup_stm32h745xx.o(.text))
<BR>[Address Reference Count : 1]<UL><LI> startup_stm32h745xx.o(RESET)
</UL>
<P><STRONG><a name="[82]"></a>HSEM1_IRQHandler</STRONG> (Thumb, 0 bytes, Stack size 0 bytes, startup_stm32h745xx.o(.text))
<BR>[Address Reference Count : 1]<UL><LI> startup_stm32h745xx.o(RESET)
</UL>
<P><STRONG><a name="[83]"></a>HSEM2_IRQHandler</STRONG> (Thumb, 0 bytes, Stack size 0 bytes, startup_stm32h745xx.o(.text))
<BR>[Address Reference Count : 1]<UL><LI> startup_stm32h745xx.o(RESET)
</UL>
<P><STRONG><a name="[2a]"></a>I2C1_ER_IRQHandler</STRONG> (Thumb, 0 bytes, Stack size 0 bytes, startup_stm32h745xx.o(.text))
<BR>[Address Reference Count : 1]<UL><LI> startup_stm32h745xx.o(RESET)
</UL>
<P><STRONG><a name="[29]"></a>I2C1_EV_IRQHandler</STRONG> (Thumb, 0 bytes, Stack size 0 bytes, startup_stm32h745xx.o(.text))
<BR>[Address Reference Count : 1]<UL><LI> startup_stm32h745xx.o(RESET)
</UL>
<P><STRONG><a name="[2c]"></a>I2C2_ER_IRQHandler</STRONG> (Thumb, 0 bytes, Stack size 0 bytes, startup_stm32h745xx.o(.text))
<BR>[Address Reference Count : 1]<UL><LI> startup_stm32h745xx.o(RESET)
</UL>
<P><STRONG><a name="[2b]"></a>I2C2_EV_IRQHandler</STRONG> (Thumb, 0 bytes, Stack size 0 bytes, startup_stm32h745xx.o(.text))
<BR>[Address Reference Count : 1]<UL><LI> startup_stm32h745xx.o(RESET)
</UL>
<P><STRONG><a name="[50]"></a>I2C3_ER_IRQHandler</STRONG> (Thumb, 0 bytes, Stack size 0 bytes, startup_stm32h745xx.o(.text))
<BR>[Address Reference Count : 1]<UL><LI> startup_stm32h745xx.o(RESET)
</UL>
<P><STRONG><a name="[4f]"></a>I2C3_EV_IRQHandler</STRONG> (Thumb, 0 bytes, Stack size 0 bytes, startup_stm32h745xx.o(.text))
<BR>[Address Reference Count : 1]<UL><LI> startup_stm32h745xx.o(RESET)
</UL>
<P><STRONG><a name="[66]"></a>I2C4_ER_IRQHandler</STRONG> (Thumb, 0 bytes, Stack size 0 bytes, startup_stm32h745xx.o(.text))
<BR>[Address Reference Count : 1]<UL><LI> startup_stm32h745xx.o(RESET)
</UL>
<P><STRONG><a name="[65]"></a>I2C4_EV_IRQHandler</STRONG> (Thumb, 0 bytes, Stack size 0 bytes, startup_stm32h745xx.o(.text))
<BR>[Address Reference Count : 1]<UL><LI> startup_stm32h745xx.o(RESET)
</UL>
<P><STRONG><a name="[7f]"></a>JPEG_IRQHandler</STRONG> (Thumb, 0 bytes, Stack size 0 bytes, startup_stm32h745xx.o(.text))
<BR>[Address Reference Count : 1]<UL><LI> startup_stm32h745xx.o(RESET)
</UL>
<P><STRONG><a name="[63]"></a>LPTIM1_IRQHandler</STRONG> (Thumb, 0 bytes, Stack size 0 bytes, startup_stm32h745xx.o(.text))
<BR>[Address Reference Count : 1]<UL><LI> startup_stm32h745xx.o(RESET)
</UL>
<P><STRONG><a name="[8f]"></a>LPTIM2_IRQHandler</STRONG> (Thumb, 0 bytes, Stack size 0 bytes, startup_stm32h745xx.o(.text))
<BR>[Address Reference Count : 1]<UL><LI> startup_stm32h745xx.o(RESET)
</UL>
<P><STRONG><a name="[90]"></a>LPTIM3_IRQHandler</STRONG> (Thumb, 0 bytes, Stack size 0 bytes, startup_stm32h745xx.o(.text))
<BR>[Address Reference Count : 1]<UL><LI> startup_stm32h745xx.o(RESET)
</UL>
<P><STRONG><a name="[91]"></a>LPTIM4_IRQHandler</STRONG> (Thumb, 0 bytes, Stack size 0 bytes, startup_stm32h745xx.o(.text))
<BR>[Address Reference Count : 1]<UL><LI> startup_stm32h745xx.o(RESET)
</UL>
<P><STRONG><a name="[92]"></a>LPTIM5_IRQHandler</STRONG> (Thumb, 0 bytes, Stack size 0 bytes, startup_stm32h745xx.o(.text))
<BR>[Address Reference Count : 1]<UL><LI> startup_stm32h745xx.o(RESET)
</UL>
<P><STRONG><a name="[93]"></a>LPUART1_IRQHandler</STRONG> (Thumb, 0 bytes, Stack size 0 bytes, startup_stm32h745xx.o(.text))
<BR>[Address Reference Count : 1]<UL><LI> startup_stm32h745xx.o(RESET)
</UL>
<P><STRONG><a name="[5f]"></a>LTDC_ER_IRQHandler</STRONG> (Thumb, 0 bytes, Stack size 0 bytes, startup_stm32h745xx.o(.text))
<BR>[Address Reference Count : 1]<UL><LI> startup_stm32h745xx.o(RESET)
</UL>
<P><STRONG><a name="[5e]"></a>LTDC_IRQHandler</STRONG> (Thumb, 0 bytes, Stack size 0 bytes, startup_stm32h745xx.o(.text))
<BR>[Address Reference Count : 1]<UL><LI> startup_stm32h745xx.o(RESET)
</UL>
<P><STRONG><a name="[7e]"></a>MDIOS_IRQHandler</STRONG> (Thumb, 0 bytes, Stack size 0 bytes, startup_stm32h745xx.o(.text))
<BR>[Address Reference Count : 1]<UL><LI> startup_stm32h745xx.o(RESET)
</UL>
<P><STRONG><a name="[7d]"></a>MDIOS_WKUP_IRQHandler</STRONG> (Thumb, 0 bytes, Stack size 0 bytes, startup_stm32h745xx.o(.text))
<BR>[Address Reference Count : 1]<UL><LI> startup_stm32h745xx.o(RESET)
</UL>
<P><STRONG><a name="[80]"></a>MDMA_IRQHandler</STRONG> (Thumb, 0 bytes, Stack size 0 bytes, startup_stm32h745xx.o(.text))
<BR>[Address Reference Count : 1]<UL><LI> startup_stm32h745xx.o(RESET)
</UL>
<P><STRONG><a name="[69]"></a>OTG_FS_EP1_IN_IRQHandler</STRONG> (Thumb, 0 bytes, Stack size 0 bytes, startup_stm32h745xx.o(.text))
<BR>[Address Reference Count : 1]<UL><LI> startup_stm32h745xx.o(RESET)
</UL>
<P><STRONG><a name="[68]"></a>OTG_FS_EP1_OUT_IRQHandler</STRONG> (Thumb, 0 bytes, Stack size 0 bytes, startup_stm32h745xx.o(.text))
<BR>[Address Reference Count : 1]<UL><LI> startup_stm32h745xx.o(RESET)
</UL>
<P><STRONG><a name="[6b]"></a>OTG_FS_IRQHandler</STRONG> (Thumb, 0 bytes, Stack size 0 bytes, startup_stm32h745xx.o(.text))
<BR>[Address Reference Count : 1]<UL><LI> startup_stm32h745xx.o(RESET)
</UL>
<P><STRONG><a name="[6a]"></a>OTG_FS_WKUP_IRQHandler</STRONG> (Thumb, 0 bytes, Stack size 0 bytes, startup_stm32h745xx.o(.text))
<BR>[Address Reference Count : 1]<UL><LI> startup_stm32h745xx.o(RESET)
</UL>
<P><STRONG><a name="[52]"></a>OTG_HS_EP1_IN_IRQHandler</STRONG> (Thumb, 0 bytes, Stack size 0 bytes, startup_stm32h745xx.o(.text))
<BR>[Address Reference Count : 1]<UL><LI> startup_stm32h745xx.o(RESET)
</UL>
<P><STRONG><a name="[51]"></a>OTG_HS_EP1_OUT_IRQHandler</STRONG> (Thumb, 0 bytes, Stack size 0 bytes, startup_stm32h745xx.o(.text))
<BR>[Address Reference Count : 1]<UL><LI> startup_stm32h745xx.o(RESET)
</UL>
<P><STRONG><a name="[54]"></a>OTG_HS_IRQHandler</STRONG> (Thumb, 0 bytes, Stack size 0 bytes, startup_stm32h745xx.o(.text))
<BR>[Address Reference Count : 1]<UL><LI> startup_stm32h745xx.o(RESET)
</UL>
<P><STRONG><a name="[53]"></a>OTG_HS_WKUP_IRQHandler</STRONG> (Thumb, 0 bytes, Stack size 0 bytes, startup_stm32h745xx.o(.text))
<BR>[Address Reference Count : 1]<UL><LI> startup_stm32h745xx.o(RESET)
</UL>
<P><STRONG><a name="[b]"></a>PVD_AVD_IRQHandler</STRONG> (Thumb, 0 bytes, Stack size 0 bytes, startup_stm32h745xx.o(.text))
<BR>[Address Reference Count : 1]<UL><LI> startup_stm32h745xx.o(RESET)
</UL>
<P><STRONG><a name="[62]"></a>QUADSPI_IRQHandler</STRONG> (Thumb, 0 bytes, Stack size 0 bytes, startup_stm32h745xx.o(.text))
<BR>[Address Reference Count : 1]<UL><LI> startup_stm32h745xx.o(RESET)
</UL>
<P><STRONG><a name="[f]"></a>RCC_IRQHandler</STRONG> (Thumb, 0 bytes, Stack size 0 bytes, startup_stm32h745xx.o(.text))
<BR>[Address Reference Count : 1]<UL><LI> startup_stm32h745xx.o(RESET)
</UL>
<P><STRONG><a name="[56]"></a>RNG_IRQHandler</STRONG> (Thumb, 0 bytes, Stack size 0 bytes, startup_stm32h745xx.o(.text))
<BR>[Address Reference Count : 1]<UL><LI> startup_stm32h745xx.o(RESET)
</UL>
<P><STRONG><a name="[33]"></a>RTC_Alarm_IRQHandler</STRONG> (Thumb, 0 bytes, Stack size 0 bytes, startup_stm32h745xx.o(.text))
<BR>[Address Reference Count : 1]<UL><LI> startup_stm32h745xx.o(RESET)
</UL>
<P><STRONG><a name="[d]"></a>RTC_WKUP_IRQHandler</STRONG> (Thumb, 0 bytes, Stack size 0 bytes, startup_stm32h745xx.o(.text))
<BR>[Address Reference Count : 1]<UL><LI> startup_stm32h745xx.o(RESET)
</UL>
<P><STRONG><a name="[5d]"></a>SAI1_IRQHandler</STRONG> (Thumb, 0 bytes, Stack size 0 bytes, startup_stm32h745xx.o(.text))
<BR>[Address Reference Count : 1]<UL><LI> startup_stm32h745xx.o(RESET)
</UL>
<P><STRONG><a name="[61]"></a>SAI2_IRQHandler</STRONG> (Thumb, 0 bytes, Stack size 0 bytes, startup_stm32h745xx.o(.text))
<BR>[Address Reference Count : 1]<UL><LI> startup_stm32h745xx.o(RESET)
</UL>
<P><STRONG><a name="[78]"></a>SAI3_IRQHandler</STRONG> (Thumb, 0 bytes, Stack size 0 bytes, startup_stm32h745xx.o(.text))
<BR>[Address Reference Count : 1]<UL><LI> startup_stm32h745xx.o(RESET)
</UL>
<P><STRONG><a name="[97]"></a>SAI4_IRQHandler</STRONG> (Thumb, 0 bytes, Stack size 0 bytes, startup_stm32h745xx.o(.text))
<BR>[Address Reference Count : 1]<UL><LI> startup_stm32h745xx.o(RESET)
</UL>
<P><STRONG><a name="[3a]"></a>SDMMC1_IRQHandler</STRONG> (Thumb, 0 bytes, Stack size 0 bytes, startup_stm32h745xx.o(.text))
<BR>[Address Reference Count : 1]<UL><LI> startup_stm32h745xx.o(RESET)
</UL>
<P><STRONG><a name="[81]"></a>SDMMC2_IRQHandler</STRONG> (Thumb, 0 bytes, Stack size 0 bytes, startup_stm32h745xx.o(.text))
<BR>[Address Reference Count : 1]<UL><LI> startup_stm32h745xx.o(RESET)
</UL>
<P><STRONG><a name="[67]"></a>SPDIF_RX_IRQHandler</STRONG> (Thumb, 0 bytes, Stack size 0 bytes, startup_stm32h745xx.o(.text))
<BR>[Address Reference Count : 1]<UL><LI> startup_stm32h745xx.o(RESET)
</UL>
<P><STRONG><a name="[2d]"></a>SPI1_IRQHandler</STRONG> (Thumb, 0 bytes, Stack size 0 bytes, startup_stm32h745xx.o(.text))
<BR>[Address Reference Count : 1]<UL><LI> startup_stm32h745xx.o(RESET)
</UL>
<P><STRONG><a name="[2e]"></a>SPI2_IRQHandler</STRONG> (Thumb, 0 bytes, Stack size 0 bytes, startup_stm32h745xx.o(.text))
<BR>[Address Reference Count : 1]<UL><LI> startup_stm32h745xx.o(RESET)
</UL>
<P><STRONG><a name="[3c]"></a>SPI3_IRQHandler</STRONG> (Thumb, 0 bytes, Stack size 0 bytes, startup_stm32h745xx.o(.text))
<BR>[Address Reference Count : 1]<UL><LI> startup_stm32h745xx.o(RESET)
</UL>
<P><STRONG><a name="[5a]"></a>SPI4_IRQHandler</STRONG> (Thumb, 0 bytes, Stack size 0 bytes, startup_stm32h745xx.o(.text))
<BR>[Address Reference Count : 1]<UL><LI> startup_stm32h745xx.o(RESET)
</UL>
<P><STRONG><a name="[5b]"></a>SPI5_IRQHandler</STRONG> (Thumb, 0 bytes, Stack size 0 bytes, startup_stm32h745xx.o(.text))
<BR>[Address Reference Count : 1]<UL><LI> startup_stm32h745xx.o(RESET)
</UL>
<P><STRONG><a name="[5c]"></a>SPI6_IRQHandler</STRONG> (Thumb, 0 bytes, Stack size 0 bytes, startup_stm32h745xx.o(.text))
<BR>[Address Reference Count : 1]<UL><LI> startup_stm32h745xx.o(RESET)
</UL>
<P><STRONG><a name="[79]"></a>SWPMI1_IRQHandler</STRONG> (Thumb, 0 bytes, Stack size 0 bytes, startup_stm32h745xx.o(.text))
<BR>[Address Reference Count : 1]<UL><LI> startup_stm32h745xx.o(RESET)
</UL>
<P><STRONG><a name="[c]"></a>TAMP_STAMP_IRQHandler</STRONG> (Thumb, 0 bytes, Stack size 0 bytes, startup_stm32h745xx.o(.text))
<BR>[Address Reference Count : 1]<UL><LI> startup_stm32h745xx.o(RESET)
</UL>
<P><STRONG><a name="[7a]"></a>TIM15_IRQHandler</STRONG> (Thumb, 0 bytes, Stack size 0 bytes, startup_stm32h745xx.o(.text))
<BR>[Address Reference Count : 1]<UL><LI> startup_stm32h745xx.o(RESET)
</UL>
<P><STRONG><a name="[7b]"></a>TIM16_IRQHandler</STRONG> (Thumb, 0 bytes, Stack size 0 bytes, startup_stm32h745xx.o(.text))
<BR>[Address Reference Count : 1]<UL><LI> startup_stm32h745xx.o(RESET)
</UL>
<P><STRONG><a name="[7c]"></a>TIM17_IRQHandler</STRONG> (Thumb, 0 bytes, Stack size 0 bytes, startup_stm32h745xx.o(.text))
<BR>[Address Reference Count : 1]<UL><LI> startup_stm32h745xx.o(RESET)
</UL>
<P><STRONG><a name="[22]"></a>TIM1_BRK_IRQHandler</STRONG> (Thumb, 0 bytes, Stack size 0 bytes, startup_stm32h745xx.o(.text))
<BR>[Address Reference Count : 1]<UL><LI> startup_stm32h745xx.o(RESET)
</UL>
<P><STRONG><a name="[25]"></a>TIM1_CC_IRQHandler</STRONG> (Thumb, 0 bytes, Stack size 0 bytes, startup_stm32h745xx.o(.text))
<BR>[Address Reference Count : 1]<UL><LI> startup_stm32h745xx.o(RESET)
</UL>
<P><STRONG><a name="[24]"></a>TIM1_TRG_COM_IRQHandler</STRONG> (Thumb, 0 bytes, Stack size 0 bytes, startup_stm32h745xx.o(.text))
<BR>[Address Reference Count : 1]<UL><LI> startup_stm32h745xx.o(RESET)
</UL>
<P><STRONG><a name="[23]"></a>TIM1_UP_IRQHandler</STRONG> (Thumb, 0 bytes, Stack size 0 bytes, startup_stm32h745xx.o(.text))
<BR>[Address Reference Count : 1]<UL><LI> startup_stm32h745xx.o(RESET)
</UL>
<P><STRONG><a name="[26]"></a>TIM2_IRQHandler</STRONG> (Thumb, 0 bytes, Stack size 0 bytes, startup_stm32h745xx.o(.text))
<BR>[Address Reference Count : 1]<UL><LI> startup_stm32h745xx.o(RESET)
</UL>
<P><STRONG><a name="[27]"></a>TIM3_IRQHandler</STRONG> (Thumb, 0 bytes, Stack size 0 bytes, startup_stm32h745xx.o(.text))
<BR>[Address Reference Count : 1]<UL><LI> startup_stm32h745xx.o(RESET)
</UL>
<P><STRONG><a name="[28]"></a>TIM4_IRQHandler</STRONG> (Thumb, 0 bytes, Stack size 0 bytes, startup_stm32h745xx.o(.text))
<BR>[Address Reference Count : 1]<UL><LI> startup_stm32h745xx.o(RESET)
</UL>
<P><STRONG><a name="[3b]"></a>TIM5_IRQHandler</STRONG> (Thumb, 0 bytes, Stack size 0 bytes, startup_stm32h745xx.o(.text))
<BR>[Address Reference Count : 1]<UL><LI> startup_stm32h745xx.o(RESET)
</UL>
<P><STRONG><a name="[3f]"></a>TIM6_DAC_IRQHandler</STRONG> (Thumb, 0 bytes, Stack size 0 bytes, startup_stm32h745xx.o(.text))
<BR>[Address Reference Count : 1]<UL><LI> startup_stm32h745xx.o(RESET)
</UL>
<P><STRONG><a name="[40]"></a>TIM7_IRQHandler</STRONG> (Thumb, 0 bytes, Stack size 0 bytes, startup_stm32h745xx.o(.text))
<BR>[Address Reference Count : 1]<UL><LI> startup_stm32h745xx.o(RESET)
</UL>
<P><STRONG><a name="[34]"></a>TIM8_BRK_TIM12_IRQHandler</STRONG> (Thumb, 0 bytes, Stack size 0 bytes, startup_stm32h745xx.o(.text))
<BR>[Address Reference Count : 1]<UL><LI> startup_stm32h745xx.o(RESET)
</UL>
<P><STRONG><a name="[37]"></a>TIM8_CC_IRQHandler</STRONG> (Thumb, 0 bytes, Stack size 0 bytes, startup_stm32h745xx.o(.text))
<BR>[Address Reference Count : 1]<UL><LI> startup_stm32h745xx.o(RESET)
</UL>
<P><STRONG><a name="[36]"></a>TIM8_TRG_COM_TIM14_IRQHandler</STRONG> (Thumb, 0 bytes, Stack size 0 bytes, startup_stm32h745xx.o(.text))
<BR>[Address Reference Count : 1]<UL><LI> startup_stm32h745xx.o(RESET)
</UL>
<P><STRONG><a name="[35]"></a>TIM8_UP_TIM13_IRQHandler</STRONG> (Thumb, 0 bytes, Stack size 0 bytes, startup_stm32h745xx.o(.text))
<BR>[Address Reference Count : 1]<UL><LI> startup_stm32h745xx.o(RESET)
</UL>
<P><STRONG><a name="[3d]"></a>UART4_IRQHandler</STRONG> (Thumb, 0 bytes, Stack size 0 bytes, startup_stm32h745xx.o(.text))
<BR>[Address Reference Count : 1]<UL><LI> startup_stm32h745xx.o(RESET)
</UL>
<P><STRONG><a name="[3e]"></a>UART5_IRQHandler</STRONG> (Thumb, 0 bytes, Stack size 0 bytes, startup_stm32h745xx.o(.text))
<BR>[Address Reference Count : 1]<UL><LI> startup_stm32h745xx.o(RESET)
</UL>
<P><STRONG><a name="[58]"></a>UART7_IRQHandler</STRONG> (Thumb, 0 bytes, Stack size 0 bytes, startup_stm32h745xx.o(.text))
<BR>[Address Reference Count : 1]<UL><LI> startup_stm32h745xx.o(RESET)
</UL>
<P><STRONG><a name="[59]"></a>UART8_IRQHandler</STRONG> (Thumb, 0 bytes, Stack size 0 bytes, startup_stm32h745xx.o(.text))
<BR>[Address Reference Count : 1]<UL><LI> startup_stm32h745xx.o(RESET)
</UL>
<P><STRONG><a name="[2f]"></a>USART1_IRQHandler</STRONG> (Thumb, 0 bytes, Stack size 0 bytes, startup_stm32h745xx.o(.text))
<BR>[Address Reference Count : 1]<UL><LI> startup_stm32h745xx.o(RESET)
</UL>
<P><STRONG><a name="[30]"></a>USART2_IRQHandler</STRONG> (Thumb, 0 bytes, Stack size 0 bytes, startup_stm32h745xx.o(.text))
<BR>[Address Reference Count : 1]<UL><LI> startup_stm32h745xx.o(RESET)
</UL>
<P><STRONG><a name="[31]"></a>USART3_IRQHandler</STRONG> (Thumb, 0 bytes, Stack size 0 bytes, startup_stm32h745xx.o(.text))
<BR>[Address Reference Count : 1]<UL><LI> startup_stm32h745xx.o(RESET)
</UL>
<P><STRONG><a name="[4e]"></a>USART6_IRQHandler</STRONG> (Thumb, 0 bytes, Stack size 0 bytes, startup_stm32h745xx.o(.text))
<BR>[Address Reference Count : 1]<UL><LI> startup_stm32h745xx.o(RESET)
</UL>
<P><STRONG><a name="[99]"></a>WAKEUP_PIN_IRQHandler</STRONG> (Thumb, 0 bytes, Stack size 0 bytes, startup_stm32h745xx.o(.text))
<BR>[Address Reference Count : 1]<UL><LI> startup_stm32h745xx.o(RESET)
</UL>
<P><STRONG><a name="[a]"></a>WWDG_IRQHandler</STRONG> (Thumb, 0 bytes, Stack size 0 bytes, startup_stm32h745xx.o(.text))
<BR>[Address Reference Count : 1]<UL><LI> startup_stm32h745xx.o(RESET)
</UL>
<P><STRONG><a name="[94]"></a>WWDG_RST_IRQHandler</STRONG> (Thumb, 0 bytes, Stack size 0 bytes, startup_stm32h745xx.o(.text))
<BR>[Address Reference Count : 1]<UL><LI> startup_stm32h745xx.o(RESET)
</UL>
<P><STRONG><a name="[1c4]"></a>__aeabi_uidiv</STRONG> (Thumb, 0 bytes, Stack size 12 bytes, uidiv.o(.text), UNUSED)

<P><STRONG><a name="[17b]"></a>__aeabi_uidivmod</STRONG> (Thumb, 44 bytes, Stack size 12 bytes, uidiv.o(.text), UNUSED)
<BR><BR>[Called By]<UL><LI><a href="#[178]">&gt;&gt;</a>&nbsp;&nbsp;&nbsp;_printf_core
</UL>

<P><STRONG><a name="[cc]"></a>__scatterload</STRONG> (Thumb, 28 bytes, Stack size 0 bytes, init.o(.text))
<BR><BR>[Calls]<UL><LI><a href="#[cd]">&gt;&gt;</a>&nbsp;&nbsp;&nbsp;__main_after_scatterload
</UL>
<BR>[Called By]<UL><LI><a href="#[cb]">&gt;&gt;</a>&nbsp;&nbsp;&nbsp;_main_scatterload
</UL>

<P><STRONG><a name="[1c5]"></a>__scatterload_rt2</STRONG> (Thumb, 0 bytes, Stack size 0 bytes, init.o(.text), UNUSED)

<P><STRONG><a name="[a8]"></a>ADAFRUIT_802_LCD_DrawBitmap</STRONG> (Thumb, 72 bytes, Stack size 24 bytes, adafruit_802_lcd.o(i.ADAFRUIT_802_LCD_DrawBitmap))
<BR><BR>[Stack]<UL><LI>Max Depth = 24<LI>Call Chain = ADAFRUIT_802_LCD_DrawBitmap
</UL>
<BR>[Address Reference Count : 1]<UL><LI> adafruit_802_lcd.o(.constdata)
</UL>
<P><STRONG><a name="[aa]"></a>ADAFRUIT_802_LCD_DrawHLine</STRONG> (Thumb, 80 bytes, Stack size 32 bytes, adafruit_802_lcd.o(i.ADAFRUIT_802_LCD_DrawHLine))
<BR><BR>[Stack]<UL><LI>Max Depth = 32<LI>Call Chain = ADAFRUIT_802_LCD_DrawHLine
</UL>
<BR>[Address Reference Count : 1]<UL><LI> adafruit_802_lcd.o(.constdata)
</UL>
<P><STRONG><a name="[ab]"></a>ADAFRUIT_802_LCD_DrawVLine</STRONG> (Thumb, 80 bytes, Stack size 32 bytes, adafruit_802_lcd.o(i.ADAFRUIT_802_LCD_DrawVLine))
<BR><BR>[Stack]<UL><LI>Max Depth = 32<LI>Call Chain = ADAFRUIT_802_LCD_DrawVLine
</UL>
<BR>[Address Reference Count : 1]<UL><LI> adafruit_802_lcd.o(.constdata)
</UL>
<P><STRONG><a name="[a9]"></a>ADAFRUIT_802_LCD_FillRGBRect</STRONG> (Thumb, 80 bytes, Stack size 40 bytes, adafruit_802_lcd.o(i.ADAFRUIT_802_LCD_FillRGBRect))
<BR><BR>[Stack]<UL><LI>Max Depth = 40<LI>Call Chain = ADAFRUIT_802_LCD_FillRGBRect
</UL>
<BR>[Address Reference Count : 1]<UL><LI> adafruit_802_lcd.o(.constdata)
</UL>
<P><STRONG><a name="[ac]"></a>ADAFRUIT_802_LCD_FillRect</STRONG> (Thumb, 80 bytes, Stack size 40 bytes, adafruit_802_lcd.o(i.ADAFRUIT_802_LCD_FillRect))
<BR><BR>[Stack]<UL><LI>Max Depth = 40<LI>Call Chain = ADAFRUIT_802_LCD_FillRect
</UL>
<BR>[Called By]<UL><LI><a href="#[ce]">&gt;&gt;</a>&nbsp;&nbsp;&nbsp;ADAFRUIT_802_LCD_Init
</UL>
<BR>[Address Reference Count : 1]<UL><LI> adafruit_802_lcd.o(.constdata)
</UL>
<P><STRONG><a name="[b1]"></a>ADAFRUIT_802_LCD_GetPixelFormat</STRONG> (Thumb, 16 bytes, Stack size 0 bytes, adafruit_802_lcd.o(i.ADAFRUIT_802_LCD_GetPixelFormat))
<BR>[Address Reference Count : 1]<UL><LI> adafruit_802_lcd.o(.constdata)
</UL>
<P><STRONG><a name="[af]"></a>ADAFRUIT_802_LCD_GetXSize</STRONG> (Thumb, 40 bytes, Stack size 16 bytes, adafruit_802_lcd.o(i.ADAFRUIT_802_LCD_GetXSize))
<BR><BR>[Stack]<UL><LI>Max Depth = 16<LI>Call Chain = ADAFRUIT_802_LCD_GetXSize
</UL>
<BR>[Called By]<UL><LI><a href="#[ce]">&gt;&gt;</a>&nbsp;&nbsp;&nbsp;ADAFRUIT_802_LCD_Init
<LI><a href="#[172]">&gt;&gt;</a>&nbsp;&nbsp;&nbsp;TFT_DisplayMenu
</UL>
<BR>[Address Reference Count : 1]<UL><LI> adafruit_802_lcd.o(.constdata)
</UL>
<P><STRONG><a name="[b0]"></a>ADAFRUIT_802_LCD_GetYSize</STRONG> (Thumb, 40 bytes, Stack size 16 bytes, adafruit_802_lcd.o(i.ADAFRUIT_802_LCD_GetYSize))
<BR><BR>[Stack]<UL><LI>Max Depth = 16<LI>Call Chain = ADAFRUIT_802_LCD_GetYSize
</UL>
<BR>[Called By]<UL><LI><a href="#[ce]">&gt;&gt;</a>&nbsp;&nbsp;&nbsp;ADAFRUIT_802_LCD_Init
<LI><a href="#[172]">&gt;&gt;</a>&nbsp;&nbsp;&nbsp;TFT_DisplayMenu
</UL>
<BR>[Address Reference Count : 1]<UL><LI> adafruit_802_lcd.o(.constdata)
</UL>
<P><STRONG><a name="[ce]"></a>ADAFRUIT_802_LCD_Init</STRONG> (Thumb, 158 bytes, Stack size 24 bytes, adafruit_802_lcd.o(i.ADAFRUIT_802_LCD_Init))
<BR><BR>[Stack]<UL><LI>Max Depth = 448<LI>Call Chain = ADAFRUIT_802_LCD_Init &rArr; Adafruit_seesaw_init &rArr; Adafruit_seesaw_read8 &rArr; Adafruit_seesaw_read &rArr; SEESAW_IO_ReadMultiple &rArr; I2C1_SendAddr &rArr; I2C1_Error &rArr; I2C1_Init &rArr; I2C1_MspInit &rArr; HAL_RCCEx_PeriphCLKConfig &rArr; RCCEx_PLL3_Config
</UL>
<BR>[Calls]<UL><LI><a href="#[d0]">&gt;&gt;</a>&nbsp;&nbsp;&nbsp;Adafruit_seesaw_pinModeBulk
<LI><a href="#[cf]">&gt;&gt;</a>&nbsp;&nbsp;&nbsp;Adafruit_seesaw_init
<LI><a href="#[d1]">&gt;&gt;</a>&nbsp;&nbsp;&nbsp;BSP_LCD_SetBacklight
<LI><a href="#[d2]">&gt;&gt;</a>&nbsp;&nbsp;&nbsp;BSP_LCD_Reset
<LI><a href="#[b0]">&gt;&gt;</a>&nbsp;&nbsp;&nbsp;ADAFRUIT_802_LCD_GetYSize
<LI><a href="#[af]">&gt;&gt;</a>&nbsp;&nbsp;&nbsp;ADAFRUIT_802_LCD_GetXSize
<LI><a href="#[ac]">&gt;&gt;</a>&nbsp;&nbsp;&nbsp;ADAFRUIT_802_LCD_FillRect
<LI><a href="#[d3]">&gt;&gt;</a>&nbsp;&nbsp;&nbsp;ST7735_Probe
</UL>
<BR>[Called By]<UL><LI><a href="#[9a]">&gt;&gt;</a>&nbsp;&nbsp;&nbsp;main
</UL>

<P><STRONG><a name="[ad]"></a>ADAFRUIT_802_LCD_ReadPixel</STRONG> (Thumb, 10 bytes, Stack size 8 bytes, adafruit_802_lcd.o(i.ADAFRUIT_802_LCD_ReadPixel))
<BR><BR>[Stack]<UL><LI>Max Depth = 8<LI>Call Chain = ADAFRUIT_802_LCD_ReadPixel
</UL>
<BR>[Address Reference Count : 1]<UL><LI> adafruit_802_lcd.o(.constdata)
</UL>
<P><STRONG><a name="[ae]"></a>ADAFRUIT_802_LCD_WritePixel</STRONG> (Thumb, 72 bytes, Stack size 24 bytes, adafruit_802_lcd.o(i.ADAFRUIT_802_LCD_WritePixel))
<BR><BR>[Stack]<UL><LI>Max Depth = 24<LI>Call Chain = ADAFRUIT_802_LCD_WritePixel
</UL>
<BR>[Address Reference Count : 1]<UL><LI> adafruit_802_lcd.o(.constdata)
</UL>
<P><STRONG><a name="[d4]"></a>ADAFRUIT_802_SD_Init</STRONG> (Thumb, 38 bytes, Stack size 16 bytes, adafruit_802_sd.o(i.ADAFRUIT_802_SD_Init))
<BR><BR>[Stack]<UL><LI>Max Depth = 208<LI>Call Chain = ADAFRUIT_802_SD_Init &rArr; SD_GoIdleState &rArr; SD_SendCmd &rArr; SD_ReadData &rArr; BSP_SPI1_SendRecv &rArr; HAL_SPI_TransmitReceive &rArr; SPI_WaitOnFlagUntilTimeout
</UL>
<BR>[Calls]<UL><LI><a href="#[d5]">&gt;&gt;</a>&nbsp;&nbsp;&nbsp;SD_IO_Init
<LI><a href="#[d6]">&gt;&gt;</a>&nbsp;&nbsp;&nbsp;SD_GoIdleState
</UL>
<BR>[Called By]<UL><LI><a href="#[138]">&gt;&gt;</a>&nbsp;&nbsp;&nbsp;SDCard_Config
</UL>

<P><STRONG><a name="[d7]"></a>Adafruit_seesaw_SWReset</STRONG> (Thumb, 14 bytes, Stack size 8 bytes, adafruit_seesaw.o(i.Adafruit_seesaw_SWReset))
<BR><BR>[Stack]<UL><LI>Max Depth = 408<LI>Call Chain = Adafruit_seesaw_SWReset &rArr; Adafruit_seesaw_write8 &rArr; Adafruit_seesaw_write &rArr; SEESAW_IO_WriteMultiple &rArr; I2C1_WriteBuffer &rArr; I2C1_Error &rArr; I2C1_Init &rArr; I2C1_MspInit &rArr; HAL_RCCEx_PeriphCLKConfig &rArr; RCCEx_PLL3_Config
</UL>
<BR>[Calls]<UL><LI><a href="#[d8]">&gt;&gt;</a>&nbsp;&nbsp;&nbsp;Adafruit_seesaw_write8
</UL>
<BR>[Called By]<UL><LI><a href="#[cf]">&gt;&gt;</a>&nbsp;&nbsp;&nbsp;Adafruit_seesaw_init
</UL>

<P><STRONG><a name="[d9]"></a>Adafruit_seesaw_digitalReadBulk</STRONG> (Thumb, 56 bytes, Stack size 24 bytes, adafruit_seesaw.o(i.Adafruit_seesaw_digitalReadBulk))
<BR><BR>[Stack]<UL><LI>Max Depth = 408<LI>Call Chain = Adafruit_seesaw_digitalReadBulk &rArr; Adafruit_seesaw_read &rArr; SEESAW_IO_ReadMultiple &rArr; I2C1_SendAddr &rArr; I2C1_Error &rArr; I2C1_Init &rArr; I2C1_MspInit &rArr; HAL_RCCEx_PeriphCLKConfig &rArr; RCCEx_PLL3_Config
</UL>
<BR>[Calls]<UL><LI><a href="#[da]">&gt;&gt;</a>&nbsp;&nbsp;&nbsp;Adafruit_seesaw_read
</UL>
<BR>[Called By]<UL><LI><a href="#[e6]">&gt;&gt;</a>&nbsp;&nbsp;&nbsp;BSP_JOY_GetState
<LI><a href="#[e4]">&gt;&gt;</a>&nbsp;&nbsp;&nbsp;BSP_BUTTONS_GetState
</UL>

<P><STRONG><a name="[db]"></a>Adafruit_seesaw_digitalWrite</STRONG> (Thumb, 44 bytes, Stack size 16 bytes, adafruit_seesaw.o(i.Adafruit_seesaw_digitalWrite))
<BR><BR>[Stack]<UL><LI>Max Depth = 416<LI>Call Chain = Adafruit_seesaw_digitalWrite &rArr; Adafruit_seesaw_digitalWriteBulkB &rArr; Adafruit_seesaw_write &rArr; SEESAW_IO_WriteMultiple &rArr; I2C1_WriteBuffer &rArr; I2C1_Error &rArr; I2C1_Init &rArr; I2C1_MspInit &rArr; HAL_RCCEx_PeriphCLKConfig &rArr; RCCEx_PLL3_Config
</UL>
<BR>[Calls]<UL><LI><a href="#[dc]">&gt;&gt;</a>&nbsp;&nbsp;&nbsp;Adafruit_seesaw_digitalWriteBulkB
<LI><a href="#[dd]">&gt;&gt;</a>&nbsp;&nbsp;&nbsp;Adafruit_seesaw_digitalWriteBulk
</UL>
<BR>[Called By]<UL><LI><a href="#[d2]">&gt;&gt;</a>&nbsp;&nbsp;&nbsp;BSP_LCD_Reset
</UL>

<P><STRONG><a name="[dd]"></a>Adafruit_seesaw_digitalWriteBulk</STRONG> (Thumb, 60 bytes, Stack size 16 bytes, adafruit_seesaw.o(i.Adafruit_seesaw_digitalWriteBulk))
<BR><BR>[Stack]<UL><LI>Max Depth = 392<LI>Call Chain = Adafruit_seesaw_digitalWriteBulk &rArr; Adafruit_seesaw_write &rArr; SEESAW_IO_WriteMultiple &rArr; I2C1_WriteBuffer &rArr; I2C1_Error &rArr; I2C1_Init &rArr; I2C1_MspInit &rArr; HAL_RCCEx_PeriphCLKConfig &rArr; RCCEx_PLL3_Config
</UL>
<BR>[Calls]<UL><LI><a href="#[de]">&gt;&gt;</a>&nbsp;&nbsp;&nbsp;Adafruit_seesaw_write
</UL>
<BR>[Called By]<UL><LI><a href="#[db]">&gt;&gt;</a>&nbsp;&nbsp;&nbsp;Adafruit_seesaw_digitalWrite
</UL>

<P><STRONG><a name="[dc]"></a>Adafruit_seesaw_digitalWriteBulkB</STRONG> (Thumb, 86 bytes, Stack size 24 bytes, adafruit_seesaw.o(i.Adafruit_seesaw_digitalWriteBulkB))
<BR><BR>[Stack]<UL><LI>Max Depth = 400<LI>Call Chain = Adafruit_seesaw_digitalWriteBulkB &rArr; Adafruit_seesaw_write &rArr; SEESAW_IO_WriteMultiple &rArr; I2C1_WriteBuffer &rArr; I2C1_Error &rArr; I2C1_Init &rArr; I2C1_MspInit &rArr; HAL_RCCEx_PeriphCLKConfig &rArr; RCCEx_PLL3_Config
</UL>
<BR>[Calls]<UL><LI><a href="#[de]">&gt;&gt;</a>&nbsp;&nbsp;&nbsp;Adafruit_seesaw_write
</UL>
<BR>[Called By]<UL><LI><a href="#[db]">&gt;&gt;</a>&nbsp;&nbsp;&nbsp;Adafruit_seesaw_digitalWrite
</UL>

<P><STRONG><a name="[cf]"></a>Adafruit_seesaw_init</STRONG> (Thumb, 52 bytes, Stack size 16 bytes, adafruit_seesaw.o(i.Adafruit_seesaw_init))
<BR><BR>[Stack]<UL><LI>Max Depth = 424<LI>Call Chain = Adafruit_seesaw_init &rArr; Adafruit_seesaw_read8 &rArr; Adafruit_seesaw_read &rArr; SEESAW_IO_ReadMultiple &rArr; I2C1_SendAddr &rArr; I2C1_Error &rArr; I2C1_Init &rArr; I2C1_MspInit &rArr; HAL_RCCEx_PeriphCLKConfig &rArr; RCCEx_PLL3_Config
</UL>
<BR>[Calls]<UL><LI><a href="#[df]">&gt;&gt;</a>&nbsp;&nbsp;&nbsp;SEESAW_IO_Init
<LI><a href="#[e0]">&gt;&gt;</a>&nbsp;&nbsp;&nbsp;SEESAW_IO_Delay
<LI><a href="#[e1]">&gt;&gt;</a>&nbsp;&nbsp;&nbsp;Adafruit_seesaw_read8
<LI><a href="#[d7]">&gt;&gt;</a>&nbsp;&nbsp;&nbsp;Adafruit_seesaw_SWReset
</UL>
<BR>[Called By]<UL><LI><a href="#[ce]">&gt;&gt;</a>&nbsp;&nbsp;&nbsp;ADAFRUIT_802_LCD_Init
<LI><a href="#[e7]">&gt;&gt;</a>&nbsp;&nbsp;&nbsp;BSP_JOY_Init
</UL>

<P><STRONG><a name="[d0]"></a>Adafruit_seesaw_pinModeBulk</STRONG> (Thumb, 154 bytes, Stack size 16 bytes, adafruit_seesaw.o(i.Adafruit_seesaw_pinModeBulk))
<BR><BR>[Stack]<UL><LI>Max Depth = 392<LI>Call Chain = Adafruit_seesaw_pinModeBulk &rArr; Adafruit_seesaw_write &rArr; SEESAW_IO_WriteMultiple &rArr; I2C1_WriteBuffer &rArr; I2C1_Error &rArr; I2C1_Init &rArr; I2C1_MspInit &rArr; HAL_RCCEx_PeriphCLKConfig &rArr; RCCEx_PLL3_Config
</UL>
<BR>[Calls]<UL><LI><a href="#[de]">&gt;&gt;</a>&nbsp;&nbsp;&nbsp;Adafruit_seesaw_write
</UL>
<BR>[Called By]<UL><LI><a href="#[ce]">&gt;&gt;</a>&nbsp;&nbsp;&nbsp;ADAFRUIT_802_LCD_Init
</UL>

<P><STRONG><a name="[da]"></a>Adafruit_seesaw_read</STRONG> (Thumb, 42 bytes, Stack size 32 bytes, adafruit_seesaw.o(i.Adafruit_seesaw_read))
<BR><BR>[Stack]<UL><LI>Max Depth = 384<LI>Call Chain = Adafruit_seesaw_read &rArr; SEESAW_IO_ReadMultiple &rArr; I2C1_SendAddr &rArr; I2C1_Error &rArr; I2C1_Init &rArr; I2C1_MspInit &rArr; HAL_RCCEx_PeriphCLKConfig &rArr; RCCEx_PLL3_Config
</UL>
<BR>[Calls]<UL><LI><a href="#[e2]">&gt;&gt;</a>&nbsp;&nbsp;&nbsp;SEESAW_IO_ReadMultiple
</UL>
<BR>[Called By]<UL><LI><a href="#[e1]">&gt;&gt;</a>&nbsp;&nbsp;&nbsp;Adafruit_seesaw_read8
<LI><a href="#[d9]">&gt;&gt;</a>&nbsp;&nbsp;&nbsp;Adafruit_seesaw_digitalReadBulk
</UL>

<P><STRONG><a name="[e1]"></a>Adafruit_seesaw_read8</STRONG> (Thumb, 32 bytes, Stack size 24 bytes, adafruit_seesaw.o(i.Adafruit_seesaw_read8))
<BR><BR>[Stack]<UL><LI>Max Depth = 408<LI>Call Chain = Adafruit_seesaw_read8 &rArr; Adafruit_seesaw_read &rArr; SEESAW_IO_ReadMultiple &rArr; I2C1_SendAddr &rArr; I2C1_Error &rArr; I2C1_Init &rArr; I2C1_MspInit &rArr; HAL_RCCEx_PeriphCLKConfig &rArr; RCCEx_PLL3_Config
</UL>
<BR>[Calls]<UL><LI><a href="#[da]">&gt;&gt;</a>&nbsp;&nbsp;&nbsp;Adafruit_seesaw_read
</UL>
<BR>[Called By]<UL><LI><a href="#[cf]">&gt;&gt;</a>&nbsp;&nbsp;&nbsp;Adafruit_seesaw_init
</UL>

<P><STRONG><a name="[de]"></a>Adafruit_seesaw_write</STRONG> (Thumb, 34 bytes, Stack size 24 bytes, adafruit_seesaw.o(i.Adafruit_seesaw_write))
<BR><BR>[Stack]<UL><LI>Max Depth = 376<LI>Call Chain = Adafruit_seesaw_write &rArr; SEESAW_IO_WriteMultiple &rArr; I2C1_WriteBuffer &rArr; I2C1_Error &rArr; I2C1_Init &rArr; I2C1_MspInit &rArr; HAL_RCCEx_PeriphCLKConfig &rArr; RCCEx_PLL3_Config
</UL>
<BR>[Calls]<UL><LI><a href="#[e3]">&gt;&gt;</a>&nbsp;&nbsp;&nbsp;SEESAW_IO_WriteMultiple
</UL>
<BR>[Called By]<UL><LI><a href="#[d0]">&gt;&gt;</a>&nbsp;&nbsp;&nbsp;Adafruit_seesaw_pinModeBulk
<LI><a href="#[d1]">&gt;&gt;</a>&nbsp;&nbsp;&nbsp;BSP_LCD_SetBacklight
<LI><a href="#[d8]">&gt;&gt;</a>&nbsp;&nbsp;&nbsp;Adafruit_seesaw_write8
<LI><a href="#[dc]">&gt;&gt;</a>&nbsp;&nbsp;&nbsp;Adafruit_seesaw_digitalWriteBulkB
<LI><a href="#[dd]">&gt;&gt;</a>&nbsp;&nbsp;&nbsp;Adafruit_seesaw_digitalWriteBulk
</UL>

<P><STRONG><a name="[d8]"></a>Adafruit_seesaw_write8</STRONG> (Thumb, 20 bytes, Stack size 24 bytes, adafruit_seesaw.o(i.Adafruit_seesaw_write8))
<BR><BR>[Stack]<UL><LI>Max Depth = 400<LI>Call Chain = Adafruit_seesaw_write8 &rArr; Adafruit_seesaw_write &rArr; SEESAW_IO_WriteMultiple &rArr; I2C1_WriteBuffer &rArr; I2C1_Error &rArr; I2C1_Init &rArr; I2C1_MspInit &rArr; HAL_RCCEx_PeriphCLKConfig &rArr; RCCEx_PLL3_Config
</UL>
<BR>[Calls]<UL><LI><a href="#[de]">&gt;&gt;</a>&nbsp;&nbsp;&nbsp;Adafruit_seesaw_write
</UL>
<BR>[Called By]<UL><LI><a href="#[d7]">&gt;&gt;</a>&nbsp;&nbsp;&nbsp;Adafruit_seesaw_SWReset
</UL>

<P><STRONG><a name="[e4]"></a>BSP_BUTTONS_GetState</STRONG> (Thumb, 52 bytes, Stack size 16 bytes, stm32h7xx_nucleo.o(i.BSP_BUTTONS_GetState))
<BR><BR>[Stack]<UL><LI>Max Depth = 424<LI>Call Chain = BSP_BUTTONS_GetState &rArr; Adafruit_seesaw_digitalReadBulk &rArr; Adafruit_seesaw_read &rArr; SEESAW_IO_ReadMultiple &rArr; I2C1_SendAddr &rArr; I2C1_Error &rArr; I2C1_Init &rArr; I2C1_MspInit &rArr; HAL_RCCEx_PeriphCLKConfig &rArr; RCCEx_PLL3_Config
</UL>
<BR>[Calls]<UL><LI><a href="#[d9]">&gt;&gt;</a>&nbsp;&nbsp;&nbsp;Adafruit_seesaw_digitalReadBulk
</UL>
<BR>[Called By]<UL><LI><a href="#[171]">&gt;&gt;</a>&nbsp;&nbsp;&nbsp;TFT_DisplayImages
</UL>

<P><STRONG><a name="[9f]"></a>BSP_GetTick</STRONG> (Thumb, 8 bytes, Stack size 8 bytes, stm32h7xx_nucleo_bus_1.o(i.BSP_GetTick))
<BR><BR>[Stack]<UL><LI>Max Depth = 8<LI>Call Chain = BSP_GetTick
</UL>
<BR>[Calls]<UL><LI><a href="#[e5]">&gt;&gt;</a>&nbsp;&nbsp;&nbsp;HAL_GetTick
</UL>
<BR>[Called By]<UL><LI><a href="#[14c]">&gt;&gt;</a>&nbsp;&nbsp;&nbsp;SPI_IO_Delay
</UL>
<BR>[Address Reference Count : 1]<UL><LI> adafruit_802_lcd.o(i.ST7735_Probe)
</UL>
<P><STRONG><a name="[e6]"></a>BSP_JOY_GetState</STRONG> (Thumb, 72 bytes, Stack size 16 bytes, stm32h7xx_nucleo.o(i.BSP_JOY_GetState))
<BR><BR>[Stack]<UL><LI>Max Depth = 424<LI>Call Chain = BSP_JOY_GetState &rArr; Adafruit_seesaw_digitalReadBulk &rArr; Adafruit_seesaw_read &rArr; SEESAW_IO_ReadMultiple &rArr; I2C1_SendAddr &rArr; I2C1_Error &rArr; I2C1_Init &rArr; I2C1_MspInit &rArr; HAL_RCCEx_PeriphCLKConfig &rArr; RCCEx_PLL3_Config
</UL>
<BR>[Calls]<UL><LI><a href="#[d9]">&gt;&gt;</a>&nbsp;&nbsp;&nbsp;Adafruit_seesaw_digitalReadBulk
</UL>
<BR>[Called By]<UL><LI><a href="#[172]">&gt;&gt;</a>&nbsp;&nbsp;&nbsp;TFT_DisplayMenu
<LI><a href="#[171]">&gt;&gt;</a>&nbsp;&nbsp;&nbsp;TFT_DisplayImages
</UL>

<P><STRONG><a name="[e7]"></a>BSP_JOY_Init</STRONG> (Thumb, 20 bytes, Stack size 8 bytes, stm32h7xx_nucleo.o(i.BSP_JOY_Init))
<BR><BR>[Stack]<UL><LI>Max Depth = 432<LI>Call Chain = BSP_JOY_Init &rArr; Adafruit_seesaw_init &rArr; Adafruit_seesaw_read8 &rArr; Adafruit_seesaw_read &rArr; SEESAW_IO_ReadMultiple &rArr; I2C1_SendAddr &rArr; I2C1_Error &rArr; I2C1_Init &rArr; I2C1_MspInit &rArr; HAL_RCCEx_PeriphCLKConfig &rArr; RCCEx_PLL3_Config
</UL>
<BR>[Calls]<UL><LI><a href="#[cf]">&gt;&gt;</a>&nbsp;&nbsp;&nbsp;Adafruit_seesaw_init
</UL>
<BR>[Called By]<UL><LI><a href="#[171]">&gt;&gt;</a>&nbsp;&nbsp;&nbsp;TFT_DisplayImages
</UL>

<P><STRONG><a name="[d2]"></a>BSP_LCD_Reset</STRONG> (Thumb, 14 bytes, Stack size 8 bytes, adafruit_802_lcd.o(i.BSP_LCD_Reset))
<BR><BR>[Stack]<UL><LI>Max Depth = 424<LI>Call Chain = BSP_LCD_Reset &rArr; Adafruit_seesaw_digitalWrite &rArr; Adafruit_seesaw_digitalWriteBulkB &rArr; Adafruit_seesaw_write &rArr; SEESAW_IO_WriteMultiple &rArr; I2C1_WriteBuffer &rArr; I2C1_Error &rArr; I2C1_Init &rArr; I2C1_MspInit &rArr; HAL_RCCEx_PeriphCLKConfig &rArr; RCCEx_PLL3_Config
</UL>
<BR>[Calls]<UL><LI><a href="#[db]">&gt;&gt;</a>&nbsp;&nbsp;&nbsp;Adafruit_seesaw_digitalWrite
</UL>
<BR>[Called By]<UL><LI><a href="#[ce]">&gt;&gt;</a>&nbsp;&nbsp;&nbsp;ADAFRUIT_802_LCD_Init
</UL>

<P><STRONG><a name="[d1]"></a>BSP_LCD_SetBacklight</STRONG> (Thumb, 34 bytes, Stack size 16 bytes, adafruit_802_lcd.o(i.BSP_LCD_SetBacklight))
<BR><BR>[Stack]<UL><LI>Max Depth = 392<LI>Call Chain = BSP_LCD_SetBacklight &rArr; Adafruit_seesaw_write &rArr; SEESAW_IO_WriteMultiple &rArr; I2C1_WriteBuffer &rArr; I2C1_Error &rArr; I2C1_Init &rArr; I2C1_MspInit &rArr; HAL_RCCEx_PeriphCLKConfig &rArr; RCCEx_PLL3_Config
</UL>
<BR>[Calls]<UL><LI><a href="#[de]">&gt;&gt;</a>&nbsp;&nbsp;&nbsp;Adafruit_seesaw_write
</UL>
<BR>[Called By]<UL><LI><a href="#[ce]">&gt;&gt;</a>&nbsp;&nbsp;&nbsp;ADAFRUIT_802_LCD_Init
</UL>

<P><STRONG><a name="[e8]"></a>BSP_LED_Init</STRONG> (Thumb, 168 bytes, Stack size 40 bytes, stm32h7xx_nucleo.o(i.BSP_LED_Init))
<BR><BR>[Stack]<UL><LI>Max Depth = 64<LI>Call Chain = BSP_LED_Init &rArr; HAL_GPIO_Init
</UL>
<BR>[Calls]<UL><LI><a href="#[ea]">&gt;&gt;</a>&nbsp;&nbsp;&nbsp;HAL_GPIO_WritePin
<LI><a href="#[e9]">&gt;&gt;</a>&nbsp;&nbsp;&nbsp;HAL_GPIO_Init
</UL>
<BR>[Called By]<UL><LI><a href="#[9a]">&gt;&gt;</a>&nbsp;&nbsp;&nbsp;main
<LI><a href="#[135]">&gt;&gt;</a>&nbsp;&nbsp;&nbsp;LED1_Blink
</UL>

<P><STRONG><a name="[eb]"></a>BSP_LED_Off</STRONG> (Thumb, 42 bytes, Stack size 16 bytes, stm32h7xx_nucleo.o(i.BSP_LED_Off))
<BR><BR>[Stack]<UL><LI>Max Depth = 16<LI>Call Chain = BSP_LED_Off
</UL>
<BR>[Calls]<UL><LI><a href="#[ea]">&gt;&gt;</a>&nbsp;&nbsp;&nbsp;HAL_GPIO_WritePin
</UL>
<BR>[Called By]<UL><LI><a href="#[171]">&gt;&gt;</a>&nbsp;&nbsp;&nbsp;TFT_DisplayImages
</UL>

<P><STRONG><a name="[ec]"></a>BSP_LED_On</STRONG> (Thumb, 42 bytes, Stack size 16 bytes, stm32h7xx_nucleo.o(i.BSP_LED_On))
<BR><BR>[Stack]<UL><LI>Max Depth = 16<LI>Call Chain = BSP_LED_On
</UL>
<BR>[Calls]<UL><LI><a href="#[ea]">&gt;&gt;</a>&nbsp;&nbsp;&nbsp;HAL_GPIO_WritePin
</UL>
<BR>[Called By]<UL><LI><a href="#[9a]">&gt;&gt;</a>&nbsp;&nbsp;&nbsp;main
<LI><a href="#[171]">&gt;&gt;</a>&nbsp;&nbsp;&nbsp;TFT_DisplayImages
</UL>

<P><STRONG><a name="[ed]"></a>BSP_LED_Toggle</STRONG> (Thumb, 40 bytes, Stack size 16 bytes, stm32h7xx_nucleo.o(i.BSP_LED_Toggle))
<BR><BR>[Stack]<UL><LI>Max Depth = 24<LI>Call Chain = BSP_LED_Toggle &rArr; HAL_GPIO_TogglePin
</UL>
<BR>[Calls]<UL><LI><a href="#[ee]">&gt;&gt;</a>&nbsp;&nbsp;&nbsp;HAL_GPIO_TogglePin
</UL>
<BR>[Called By]<UL><LI><a href="#[171]">&gt;&gt;</a>&nbsp;&nbsp;&nbsp;TFT_DisplayImages
<LI><a href="#[135]">&gt;&gt;</a>&nbsp;&nbsp;&nbsp;LED1_Blink
</UL>

<P><STRONG><a name="[100]"></a>BSP_PB_Callback</STRONG> (Thumb, 28 bytes, Stack size 0 bytes, main_1.o(i.BSP_PB_Callback))
<BR><BR>[Called By]<UL><LI><a href="#[ca]">&gt;&gt;</a>&nbsp;&nbsp;&nbsp;BUTTON_USER_EXTI_Callback
</UL>

<P><STRONG><a name="[ef]"></a>BSP_PB_IRQHandler</STRONG> (Thumb, 16 bytes, Stack size 8 bytes, stm32h7xx_nucleo.o(i.BSP_PB_IRQHandler))
<BR><BR>[Stack]<UL><LI>Max Depth = 32<LI>Call Chain = BSP_PB_IRQHandler &rArr; HAL_EXTI_IRQHandler
</UL>
<BR>[Calls]<UL><LI><a href="#[f0]">&gt;&gt;</a>&nbsp;&nbsp;&nbsp;HAL_EXTI_IRQHandler
</UL>
<BR>[Called By]<UL><LI><a href="#[32]">&gt;&gt;</a>&nbsp;&nbsp;&nbsp;EXTI15_10_IRQHandler
</UL>

<P><STRONG><a name="[f1]"></a>BSP_PB_Init</STRONG> (Thumb, 154 bytes, Stack size 40 bytes, stm32h7xx_nucleo.o(i.BSP_PB_Init))
<BR><BR>[Stack]<UL><LI>Max Depth = 88<LI>Call Chain = BSP_PB_Init &rArr; HAL_NVIC_SetPriority &rArr; __NVIC_SetPriority
</UL>
<BR>[Calls]<UL><LI><a href="#[e9]">&gt;&gt;</a>&nbsp;&nbsp;&nbsp;HAL_GPIO_Init
<LI><a href="#[f4]">&gt;&gt;</a>&nbsp;&nbsp;&nbsp;HAL_NVIC_SetPriority
<LI><a href="#[f5]">&gt;&gt;</a>&nbsp;&nbsp;&nbsp;HAL_NVIC_EnableIRQ
<LI><a href="#[f3]">&gt;&gt;</a>&nbsp;&nbsp;&nbsp;HAL_EXTI_RegisterCallback
<LI><a href="#[f2]">&gt;&gt;</a>&nbsp;&nbsp;&nbsp;HAL_EXTI_GetHandle
</UL>
<BR>[Called By]<UL><LI><a href="#[135]">&gt;&gt;</a>&nbsp;&nbsp;&nbsp;LED1_Blink
</UL>

<P><STRONG><a name="[f6]"></a>BSP_SPI1_Init</STRONG> (Thumb, 50 bytes, Stack size 16 bytes, stm32h7xx_nucleo_bus_1.o(i.BSP_SPI1_Init))
<BR><BR>[Stack]<UL><LI>Max Depth = 72<LI>Call Chain = BSP_SPI1_Init &rArr; SPI_MspInit &rArr; HAL_GPIO_Init
</UL>
<BR>[Calls]<UL><LI><a href="#[f9]">&gt;&gt;</a>&nbsp;&nbsp;&nbsp;HAL_RCC_GetHCLKFreq
<LI><a href="#[f7]">&gt;&gt;</a>&nbsp;&nbsp;&nbsp;HAL_SPI_GetState
<LI><a href="#[fb]">&gt;&gt;</a>&nbsp;&nbsp;&nbsp;MX_SPI1_Init
<LI><a href="#[f8]">&gt;&gt;</a>&nbsp;&nbsp;&nbsp;SPI_MspInit
<LI><a href="#[fa]">&gt;&gt;</a>&nbsp;&nbsp;&nbsp;SPI_GetPrescaler
</UL>
<BR>[Called By]<UL><LI><a href="#[d5]">&gt;&gt;</a>&nbsp;&nbsp;&nbsp;SD_IO_Init
<LI><a href="#[9d]">&gt;&gt;</a>&nbsp;&nbsp;&nbsp;LCD_IO_Init
</UL>

<P><STRONG><a name="[fc]"></a>BSP_SPI1_Send</STRONG> (Thumb, 32 bytes, Stack size 16 bytes, stm32h7xx_nucleo_bus_1.o(i.BSP_SPI1_Send))
<BR><BR>[Stack]<UL><LI>Max Depth = 72<LI>Call Chain = BSP_SPI1_Send &rArr; HAL_SPI_Transmit &rArr; SPI_WaitOnFlagUntilTimeout
</UL>
<BR>[Calls]<UL><LI><a href="#[fd]">&gt;&gt;</a>&nbsp;&nbsp;&nbsp;HAL_SPI_Transmit
</UL>
<BR>[Called By]<UL><LI><a href="#[d5]">&gt;&gt;</a>&nbsp;&nbsp;&nbsp;SD_IO_Init
<LI><a href="#[d6]">&gt;&gt;</a>&nbsp;&nbsp;&nbsp;SD_GoIdleState
<LI><a href="#[a0]">&gt;&gt;</a>&nbsp;&nbsp;&nbsp;LCD_IO_WriteReg
<LI><a href="#[a1]">&gt;&gt;</a>&nbsp;&nbsp;&nbsp;LCD_IO_SendData
</UL>

<P><STRONG><a name="[fe]"></a>BSP_SPI1_SendRecv</STRONG> (Thumb, 38 bytes, Stack size 24 bytes, stm32h7xx_nucleo_bus_1.o(i.BSP_SPI1_SendRecv))
<BR><BR>[Stack]<UL><LI>Max Depth = 112<LI>Call Chain = BSP_SPI1_SendRecv &rArr; HAL_SPI_TransmitReceive &rArr; SPI_WaitOnFlagUntilTimeout
</UL>
<BR>[Calls]<UL><LI><a href="#[ff]">&gt;&gt;</a>&nbsp;&nbsp;&nbsp;HAL_SPI_TransmitReceive
</UL>
<BR>[Called By]<UL><LI><a href="#[141]">&gt;&gt;</a>&nbsp;&nbsp;&nbsp;SD_SendCmd
<LI><a href="#[148]">&gt;&gt;</a>&nbsp;&nbsp;&nbsp;SD_ReadData
</UL>

[...]
</UL>
<BR>[Calls]<UL><LI><a href="#[190]">&gt;&gt;</a>&nbsp;&nbsp;&nbsp;sync_window
<LI><a href="#[189]">&gt;&gt;</a>&nbsp;&nbsp;&nbsp;mem_set
<LI><a href="#[184]">&gt;&gt;</a>&nbsp;&nbsp;&nbsp;get_fat
<LI><a href="#[183]">&gt;&gt;</a>&nbsp;&nbsp;&nbsp;create_chain
<LI><a href="#[191]">&gt;&gt;</a>&nbsp;&nbsp;&nbsp;clust2sect
</UL>
<BR>[Called By]<UL><LI><a href="#[19b]">&gt;&gt;</a>&nbsp;&nbsp;&nbsp;f_readdir
<LI><a href="#[194]">&gt;&gt;</a>&nbsp;&nbsp;&nbsp;dir_register
<LI><a href="#[192]">&gt;&gt;</a>&nbsp;&nbsp;&nbsp;dir_read
<LI><a href="#[18d]">&gt;&gt;</a>&nbsp;&nbsp;&nbsp;dir_find
<LI><a href="#[18a]">&gt;&gt;</a>&nbsp;&nbsp;&nbsp;dir_alloc
</UL>

<P><STRONG><a name="[192]"></a>dir_read</STRONG> (Thumb, 210 bytes, Stack size 40 bytes, ff.o(i.dir_read))
<BR><BR>[Stack]<UL><LI>Max Depth = 208<LI>Call Chain = dir_read &rArr; dir_next &rArr; create_chain &rArr; put_fat &rArr; move_window &rArr; sync_window &rArr; disk_write
</UL>
<BR>[Calls]<UL><LI><a href="#[18e]">&gt;&gt;</a>&nbsp;&nbsp;&nbsp;sum_sfn
<LI><a href="#[193]">&gt;&gt;</a>&nbsp;&nbsp;&nbsp;pick_lfn
<LI><a href="#[17e]">&gt;&gt;</a>&nbsp;&nbsp;&nbsp;move_window
<LI><a href="#[18c]">&gt;&gt;</a>&nbsp;&nbsp;&nbsp;dir_next
</UL>
<BR>[Called By]<UL><LI><a href="#[19b]">&gt;&gt;</a>&nbsp;&nbsp;&nbsp;f_readdir
</UL>

<P><STRONG><a name="[194]"></a>dir_register</STRONG> (Thumb, 322 bytes, Stack size 48 bytes, ff.o(i.dir_register))
<BR><BR>[Stack]<UL><LI>Max Depth = 248<LI>Call Chain = dir_register &rArr; dir_find &rArr; dir_next &rArr; create_chain &rArr; put_fat &rArr; move_window &rArr; sync_window &rArr; disk_write
</UL>
<BR>[Calls]<UL><LI><a href="#[18e]">&gt;&gt;</a>&nbsp;&nbsp;&nbsp;sum_sfn
<LI><a href="#[197]">&gt;&gt;</a>&nbsp;&nbsp;&nbsp;put_lfn
<LI><a href="#[17e]">&gt;&gt;</a>&nbsp;&nbsp;&nbsp;move_window
<LI><a href="#[189]">&gt;&gt;</a>&nbsp;&nbsp;&nbsp;mem_set
<LI><a href="#[195]">&gt;&gt;</a>&nbsp;&nbsp;&nbsp;mem_cpy
<LI><a href="#[196]">&gt;&gt;</a>&nbsp;&nbsp;&nbsp;gen_numname
<LI><a href="#[18b]">&gt;&gt;</a>&nbsp;&nbsp;&nbsp;dir_sdi
<LI><a href="#[18c]">&gt;&gt;</a>&nbsp;&nbsp;&nbsp;dir_next
<LI><a href="#[18d]">&gt;&gt;</a>&nbsp;&nbsp;&nbsp;dir_find
<LI><a href="#[18a]">&gt;&gt;</a>&nbsp;&nbsp;&nbsp;dir_alloc
</UL>
<BR>[Called By]<UL><LI><a href="#[13e]">&gt;&gt;</a>&nbsp;&nbsp;&nbsp;f_open
</UL>

<P><STRONG><a name="[18b]"></a>dir_sdi</STRONG> (Thumb, 166 bytes, Stack size 24 bytes, ff.o(i.dir_sdi))
<BR><BR>[Stack]<UL><LI>Max Depth = 128<LI>Call Chain = dir_sdi &rArr; get_fat &rArr; move_window &rArr; sync_window &rArr; disk_write
</UL>
<BR>[Calls]<UL><LI><a href="#[184]">&gt;&gt;</a>&nbsp;&nbsp;&nbsp;get_fat
<LI><a href="#[191]">&gt;&gt;</a>&nbsp;&nbsp;&nbsp;clust2sect
</UL>
<BR>[Called By]<UL><LI><a href="#[173]">&gt;&gt;</a>&nbsp;&nbsp;&nbsp;f_opendir
<LI><a href="#[19b]">&gt;&gt;</a>&nbsp;&nbsp;&nbsp;f_readdir
<LI><a href="#[1a4]">&gt;&gt;</a>&nbsp;&nbsp;&nbsp;follow_path
<LI><a href="#[194]">&gt;&gt;</a>&nbsp;&nbsp;&nbsp;dir_register
<LI><a href="#[18d]">&gt;&gt;</a>&nbsp;&nbsp;&nbsp;dir_find
<LI><a href="#[18a]">&gt;&gt;</a>&nbsp;&nbsp;&nbsp;dir_alloc
</UL>

<P><STRONG><a name="[1a6]"></a>enq_lock</STRONG> (Thumb, 34 bytes, Stack size 0 bytes, ff.o(i.enq_lock))
<BR><BR>[Called By]<UL><LI><a href="#[13e]">&gt;&gt;</a>&nbsp;&nbsp;&nbsp;f_open
</UL>

<P><STRONG><a name="[1a2]"></a>find_volume</STRONG> (Thumb, 828 bytes, Stack size 88 bytes, ff.o(i.find_volume))
<BR><BR>[Stack]<UL><LI>Max Depth = 168<LI>Call Chain = find_volume &rArr; check_fs &rArr; move_window &rArr; sync_window &rArr; disk_write
</UL>
<BR>[Calls]<UL><LI><a href="#[17e]">&gt;&gt;</a>&nbsp;&nbsp;&nbsp;move_window
<LI><a href="#[17f]">&gt;&gt;</a>&nbsp;&nbsp;&nbsp;ld_word
<LI><a href="#[180]">&gt;&gt;</a>&nbsp;&nbsp;&nbsp;ld_dword
<LI><a href="#[1a0]">&gt;&gt;</a>&nbsp;&nbsp;&nbsp;get_ldnumber
<LI><a href="#[1a1]">&gt;&gt;</a>&nbsp;&nbsp;&nbsp;clear_lock
<LI><a href="#[17d]">&gt;&gt;</a>&nbsp;&nbsp;&nbsp;check_fs
<LI><a href="#[1b6]">&gt;&gt;</a>&nbsp;&nbsp;&nbsp;disk_status
<LI><a href="#[1b8]">&gt;&gt;</a>&nbsp;&nbsp;&nbsp;disk_ioctl
<LI><a href="#[1b7]">&gt;&gt;</a>&nbsp;&nbsp;&nbsp;disk_initialize
</UL>
<BR>[Called By]<UL><LI><a href="#[173]">&gt;&gt;</a>&nbsp;&nbsp;&nbsp;f_opendir
<LI><a href="#[13a]">&gt;&gt;</a>&nbsp;&nbsp;&nbsp;f_mount
<LI><a href="#[13e]">&gt;&gt;</a>&nbsp;&nbsp;&nbsp;f_open
</UL>

<P><STRONG><a name="[1a4]"></a>follow_path</STRONG> (Thumb, 174 bytes, Stack size 40 bytes, ff.o(i.follow_path))
<BR><BR>[Stack]<UL><LI>Max Depth = 240<LI>Call Chain = follow_path &rArr; dir_find &rArr; dir_next &rArr; create_chain &rArr; put_fat &rArr; move_window &rArr; sync_window &rArr; disk_write
</UL>
<BR>[Calls]<UL><LI><a href="#[1a9]">&gt;&gt;</a>&nbsp;&nbsp;&nbsp;ld_clust
<LI><a href="#[18b]">&gt;&gt;</a>&nbsp;&nbsp;&nbsp;dir_sdi
<LI><a href="#[18d]">&gt;&gt;</a>&nbsp;&nbsp;&nbsp;dir_find
<LI><a href="#[186]">&gt;&gt;</a>&nbsp;&nbsp;&nbsp;create_name
</UL>
<BR>[Called By]<UL><LI><a href="#[173]">&gt;&gt;</a>&nbsp;&nbsp;&nbsp;f_opendir
<LI><a href="#[13e]">&gt;&gt;</a>&nbsp;&nbsp;&nbsp;f_open
</UL>

<P><STRONG><a name="[196]"></a>gen_numname</STRONG> (Thumb, 176 bytes, Stack size 64 bytes, ff.o(i.gen_numname))
<BR><BR>[Stack]<UL><LI>Max Depth = 76<LI>Call Chain = gen_numname &rArr; mem_cpy
</UL>
<BR>[Calls]<UL><LI><a href="#[195]">&gt;&gt;</a>&nbsp;&nbsp;&nbsp;mem_cpy
</UL>
<BR>[Called By]<UL><LI><a href="#[194]">&gt;&gt;</a>&nbsp;&nbsp;&nbsp;dir_register
</UL>

<P><STRONG><a name="[1bc]"></a>get_achar</STRONG> (Thumb, 38 bytes, Stack size 0 bytes, ff.o(i.get_achar))
<BR><BR>[Called By]<UL><LI><a href="#[19c]">&gt;&gt;</a>&nbsp;&nbsp;&nbsp;pattern_matching
</UL>

<P><STRONG><a name="[184]"></a>get_fat</STRONG> (Thumb, 306 bytes, Stack size 40 bytes, ff.o(i.get_fat))
<BR><BR>[Stack]<UL><LI>Max Depth = 104<LI>Call Chain = get_fat &rArr; move_window &rArr; sync_window &rArr; disk_write
</UL>
<BR>[Calls]<UL><LI><a href="#[17e]">&gt;&gt;</a>&nbsp;&nbsp;&nbsp;move_window
<LI><a href="#[17f]">&gt;&gt;</a>&nbsp;&nbsp;&nbsp;ld_word
<LI><a href="#[180]">&gt;&gt;</a>&nbsp;&nbsp;&nbsp;ld_dword
</UL>
<BR>[Called By]<UL><LI><a href="#[165]">&gt;&gt;</a>&nbsp;&nbsp;&nbsp;f_read
<LI><a href="#[13e]">&gt;&gt;</a>&nbsp;&nbsp;&nbsp;f_open
<LI><a href="#[166]">&gt;&gt;</a>&nbsp;&nbsp;&nbsp;f_lseek
<LI><a href="#[1ab]">&gt;&gt;</a>&nbsp;&nbsp;&nbsp;remove_chain
<LI><a href="#[18b]">&gt;&gt;</a>&nbsp;&nbsp;&nbsp;dir_sdi
<LI><a href="#[18c]">&gt;&gt;</a>&nbsp;&nbsp;&nbsp;dir_next
<LI><a href="#[183]">&gt;&gt;</a>&nbsp;&nbsp;&nbsp;create_chain
</UL>

<P><STRONG><a name="[1b1]"></a>get_fileinfo</STRONG> (Thumb, 322 bytes, Stack size 40 bytes, ff.o(i.get_fileinfo))
<BR><BR>[Stack]<UL><LI>Max Depth = 48<LI>Call Chain = get_fileinfo &rArr; ff_convert
</UL>
<BR>[Calls]<UL><LI><a href="#[187]">&gt;&gt;</a>&nbsp;&nbsp;&nbsp;ff_convert
<LI><a href="#[180]">&gt;&gt;</a>&nbsp;&nbsp;&nbsp;ld_dword
</UL>
<BR>[Called By]<UL><LI><a href="#[19b]">&gt;&gt;</a>&nbsp;&nbsp;&nbsp;f_readdir
</UL>

<P><STRONG><a name="[1a0]"></a>get_ldnumber</STRONG> (Thumb, 72 bytes, Stack size 16 bytes, ff.o(i.get_ldnumber))
<BR><BR>[Stack]<UL><LI>Max Depth = 16<LI>Call Chain = get_ldnumber
</UL>
<BR>[Called By]<UL><LI><a href="#[13a]">&gt;&gt;</a>&nbsp;&nbsp;&nbsp;f_mount
<LI><a href="#[1a2]">&gt;&gt;</a>&nbsp;&nbsp;&nbsp;find_volume
</UL>

<P><STRONG><a name="[1ac]"></a>inc_lock</STRONG> (Thumb, 182 bytes, Stack size 8 bytes, ff.o(i.inc_lock))
<BR><BR>[Stack]<UL><LI>Max Depth = 8<LI>Call Chain = inc_lock
</UL>
<BR>[Called By]<UL><LI><a href="#[173]">&gt;&gt;</a>&nbsp;&nbsp;&nbsp;f_opendir
<LI><a href="#[13e]">&gt;&gt;</a>&nbsp;&nbsp;&nbsp;f_open
</UL>

<P><STRONG><a name="[1a9]"></a>ld_clust</STRONG> (Thumb, 38 bytes, Stack size 16 bytes, ff.o(i.ld_clust))
<BR><BR>[Stack]<UL><LI>Max Depth = 16<LI>Call Chain = ld_clust
</UL>
<BR>[Calls]<UL><LI><a href="#[17f]">&gt;&gt;</a>&nbsp;&nbsp;&nbsp;ld_word
</UL>
<BR>[Called By]<UL><LI><a href="#[173]">&gt;&gt;</a>&nbsp;&nbsp;&nbsp;f_opendir
<LI><a href="#[13e]">&gt;&gt;</a>&nbsp;&nbsp;&nbsp;f_open
<LI><a href="#[1a4]">&gt;&gt;</a>&nbsp;&nbsp;&nbsp;follow_path
</UL>

<P><STRONG><a name="[180]"></a>ld_dword</STRONG> (Thumb, 24 bytes, Stack size 0 bytes, ff.o(i.ld_dword))
<BR><BR>[Called By]<UL><LI><a href="#[13e]">&gt;&gt;</a>&nbsp;&nbsp;&nbsp;f_open
<LI><a href="#[185]">&gt;&gt;</a>&nbsp;&nbsp;&nbsp;put_fat
<LI><a href="#[1b1]">&gt;&gt;</a>&nbsp;&nbsp;&nbsp;get_fileinfo
<LI><a href="#[184]">&gt;&gt;</a>&nbsp;&nbsp;&nbsp;get_fat
<LI><a href="#[1a2]">&gt;&gt;</a>&nbsp;&nbsp;&nbsp;find_volume
<LI><a href="#[17d]">&gt;&gt;</a>&nbsp;&nbsp;&nbsp;check_fs
</UL>

<P><STRONG><a name="[17f]"></a>ld_word</STRONG> (Thumb, 12 bytes, Stack size 0 bytes, ff.o(i.ld_word))
<BR><BR>[Called By]<UL><LI><a href="#[193]">&gt;&gt;</a>&nbsp;&nbsp;&nbsp;pick_lfn
<LI><a href="#[1a9]">&gt;&gt;</a>&nbsp;&nbsp;&nbsp;ld_clust
<LI><a href="#[184]">&gt;&gt;</a>&nbsp;&nbsp;&nbsp;get_fat
<LI><a href="#[1a2]">&gt;&gt;</a>&nbsp;&nbsp;&nbsp;find_volume
<LI><a href="#[181]">&gt;&gt;</a>&nbsp;&nbsp;&nbsp;cmp_lfn
<LI><a href="#[17d]">&gt;&gt;</a>&nbsp;&nbsp;&nbsp;check_fs
</UL>

<P><STRONG><a name="[18f]"></a>mem_cmp</STRONG> (Thumb, 36 bytes, Stack size 20 bytes, ff.o(i.mem_cmp))
<BR><BR>[Stack]<UL><LI>Max Depth = 20<LI>Call Chain = mem_cmp
</UL>
<BR>[Called By]<UL><LI><a href="#[18d]">&gt;&gt;</a>&nbsp;&nbsp;&nbsp;dir_find
</UL>

<P><STRONG><a name="[195]"></a>mem_cpy</STRONG> (Thumb, 26 bytes, Stack size 12 bytes, ff.o(i.mem_cpy))
<BR><BR>[Stack]<UL><LI>Max Depth = 12<LI>Call Chain = mem_cpy
</UL>
<BR>[Called By]<UL><LI><a href="#[1b4]">&gt;&gt;</a>&nbsp;&nbsp;&nbsp;f_write
<LI><a href="#[165]">&gt;&gt;</a>&nbsp;&nbsp;&nbsp;f_read
<LI><a href="#[196]">&gt;&gt;</a>&nbsp;&nbsp;&nbsp;gen_numname
<LI><a href="#[194]">&gt;&gt;</a>&nbsp;&nbsp;&nbsp;dir_register
</UL>

<P><STRONG><a name="[189]"></a>mem_set</STRONG> (Thumb, 18 bytes, Stack size 8 bytes, ff.o(i.mem_set))
<BR><BR>[Stack]<UL><LI>Max Depth = 8<LI>Call Chain = mem_set
</UL>
<BR>[Called By]<UL><LI><a href="#[13e]">&gt;&gt;</a>&nbsp;&nbsp;&nbsp;f_open
<LI><a href="#[1b3]">&gt;&gt;</a>&nbsp;&nbsp;&nbsp;sync_fs
<LI><a href="#[194]">&gt;&gt;</a>&nbsp;&nbsp;&nbsp;dir_register
<LI><a href="#[18c]">&gt;&gt;</a>&nbsp;&nbsp;&nbsp;dir_next
<LI><a href="#[186]">&gt;&gt;</a>&nbsp;&nbsp;&nbsp;create_name
</UL>

<P><STRONG><a name="[17e]"></a>move_window</STRONG> (Thumb, 52 bytes, Stack size 16 bytes, ff.o(i.move_window))
<BR><BR>[Stack]<UL><LI>Max Depth = 64<LI>Call Chain = move_window &rArr; sync_window &rArr; disk_write
</UL>
<BR>[Calls]<UL><LI><a href="#[190]">&gt;&gt;</a>&nbsp;&nbsp;&nbsp;sync_window
<LI><a href="#[19f]">&gt;&gt;</a>&nbsp;&nbsp;&nbsp;disk_read
</UL>
<BR>[Called By]<UL><LI><a href="#[13e]">&gt;&gt;</a>&nbsp;&nbsp;&nbsp;f_open
<LI><a href="#[198]">&gt;&gt;</a>&nbsp;&nbsp;&nbsp;f_sync
<LI><a href="#[185]">&gt;&gt;</a>&nbsp;&nbsp;&nbsp;put_fat
<LI><a href="#[184]">&gt;&gt;</a>&nbsp;&nbsp;&nbsp;get_fat
<LI><a href="#[1a2]">&gt;&gt;</a>&nbsp;&nbsp;&nbsp;find_volume
<LI><a href="#[194]">&gt;&gt;</a>&nbsp;&nbsp;&nbsp;dir_register
<LI><a href="#[192]">&gt;&gt;</a>&nbsp;&nbsp;&nbsp;dir_read
<LI><a href="#[18d]">&gt;&gt;</a>&nbsp;&nbsp;&nbsp;dir_find
<LI><a href="#[18a]">&gt;&gt;</a>&nbsp;&nbsp;&nbsp;dir_alloc
<LI><a href="#[17d]">&gt;&gt;</a>&nbsp;&nbsp;&nbsp;check_fs
</UL>

<P><STRONG><a name="[19c]"></a>pattern_matching</STRONG> (Thumb, 196 bytes, Stack size 56 bytes, ff.o(i.pattern_matching))
<BR><BR>[Stack]<UL><LI>Max Depth = 56 + In Cycle
<LI>Call Chain = pattern_matching &rArr;  pattern_matching (Cycle)
</UL>
<BR>[Calls]<UL><LI><a href="#[19c]">&gt;&gt;</a>&nbsp;&nbsp;&nbsp;pattern_matching
<LI><a href="#[1bc]">&gt;&gt;</a>&nbsp;&nbsp;&nbsp;get_achar
</UL>
<BR>[Called By]<UL><LI><a href="#[162]">&gt;&gt;</a>&nbsp;&nbsp;&nbsp;f_findnext
<LI><a href="#[19c]">&gt;&gt;</a>&nbsp;&nbsp;&nbsp;pattern_matching
</UL>

<P><STRONG><a name="[193]"></a>pick_lfn</STRONG> (Thumb, 130 bytes, Stack size 32 bytes, ff.o(i.pick_lfn))
<BR><BR>[Stack]<UL><LI>Max Depth = 32<LI>Call Chain = pick_lfn
</UL>
<BR>[Calls]<UL><LI><a href="#[17f]">&gt;&gt;</a>&nbsp;&nbsp;&nbsp;ld_word
</UL>
<BR>[Called By]<UL><LI><a href="#[192]">&gt;&gt;</a>&nbsp;&nbsp;&nbsp;dir_read
</UL>

<P><STRONG><a name="[185]"></a>put_fat</STRONG> (Thumb, 400 bytes, Stack size 40 bytes, ff.o(i.put_fat))
<BR><BR>[Stack]<UL><LI>Max Depth = 104<LI>Call Chain = put_fat &rArr; move_window &rArr; sync_window &rArr; disk_write
</UL>
<BR>[Calls]<UL><LI><a href="#[1b2]">&gt;&gt;</a>&nbsp;&nbsp;&nbsp;st_word
<LI><a href="#[1a8]">&gt;&gt;</a>&nbsp;&nbsp;&nbsp;st_dword
<LI><a href="#[17e]">&gt;&gt;</a>&nbsp;&nbsp;&nbsp;move_window
<LI><a href="#[180]">&gt;&gt;</a>&nbsp;&nbsp;&nbsp;ld_dword
</UL>
<BR>[Called By]<UL><LI><a href="#[1ab]">&gt;&gt;</a>&nbsp;&nbsp;&nbsp;remove_chain
<LI><a href="#[183]">&gt;&gt;</a>&nbsp;&nbsp;&nbsp;create_chain
</UL>

<P><STRONG><a name="[197]"></a>put_lfn</STRONG> (Thumb, 124 bytes, Stack size 32 bytes, ff.o(i.put_lfn))
<BR><BR>[Stack]<UL><LI>Max Depth = 32<LI>Call Chain = put_lfn
</UL>
<BR>[Calls]<UL><LI><a href="#[1b2]">&gt;&gt;</a>&nbsp;&nbsp;&nbsp;st_word
</UL>
<BR>[Called By]<UL><LI><a href="#[194]">&gt;&gt;</a>&nbsp;&nbsp;&nbsp;dir_register
</UL>

<P><STRONG><a name="[1af]"></a>putc_bfd</STRONG> (Thumb, 78 bytes, Stack size 24 bytes, ff.o(i.putc_bfd))
<BR><BR>[Stack]<UL><LI>Max Depth = 232 + In Cycle
<LI>Call Chain = putc_bfd &rArr;  putc_bfd (Cycle)
</UL>
<BR>[Calls]<UL><LI><a href="#[1b4]">&gt;&gt;</a>&nbsp;&nbsp;&nbsp;f_write
<LI><a href="#[1af]">&gt;&gt;</a>&nbsp;&nbsp;&nbsp;putc_bfd
</UL>
<BR>[Called By]<UL><LI><a href="#[13f]">&gt;&gt;</a>&nbsp;&nbsp;&nbsp;f_puts
<LI><a href="#[1af]">&gt;&gt;</a>&nbsp;&nbsp;&nbsp;putc_bfd
</UL>

<P><STRONG><a name="[1b0]"></a>putc_flush</STRONG> (Thumb, 44 bytes, Stack size 16 bytes, ff.o(i.putc_flush))
<BR><BR>[Stack]<UL><LI>Max Depth = 224<LI>Call Chain = putc_flush &rArr; f_write &rArr; create_chain &rArr; put_fat &rArr; move_window &rArr; sync_window &rArr; disk_write
</UL>
<BR>[Calls]<UL><LI><a href="#[1b4]">&gt;&gt;</a>&nbsp;&nbsp;&nbsp;f_write
</UL>
<BR>[Called By]<UL><LI><a href="#[13f]">&gt;&gt;</a>&nbsp;&nbsp;&nbsp;f_puts
</UL>

<P><STRONG><a name="[1ae]"></a>putc_init</STRONG> (Thumb, 10 bytes, Stack size 0 bytes, ff.o(i.putc_init))
<BR><BR>[Called By]<UL><LI><a href="#[13f]">&gt;&gt;</a>&nbsp;&nbsp;&nbsp;f_puts
</UL>

<P><STRONG><a name="[1ab]"></a>remove_chain</STRONG> (Thumb, 154 bytes, Stack size 32 bytes, ff.o(i.remove_chain))
<BR><BR>[Stack]<UL><LI>Max Depth = 136<LI>Call Chain = remove_chain &rArr; put_fat &rArr; move_window &rArr; sync_window &rArr; disk_write
</UL>
<BR>[Calls]<UL><LI><a href="#[185]">&gt;&gt;</a>&nbsp;&nbsp;&nbsp;put_fat
<LI><a href="#[184]">&gt;&gt;</a>&nbsp;&nbsp;&nbsp;get_fat
</UL>
<BR>[Called By]<UL><LI><a href="#[13e]">&gt;&gt;</a>&nbsp;&nbsp;&nbsp;f_open
</UL>

<P><STRONG><a name="[1aa]"></a>st_clust</STRONG> (Thumb, 36 bytes, Stack size 16 bytes, ff.o(i.st_clust))
<BR><BR>[Stack]<UL><LI>Max Depth = 16<LI>Call Chain = st_clust
</UL>
<BR>[Calls]<UL><LI><a href="#[1b2]">&gt;&gt;</a>&nbsp;&nbsp;&nbsp;st_word
</UL>
<BR>[Called By]<UL><LI><a href="#[13e]">&gt;&gt;</a>&nbsp;&nbsp;&nbsp;f_open
<LI><a href="#[198]">&gt;&gt;</a>&nbsp;&nbsp;&nbsp;f_sync
</UL>

<P><STRONG><a name="[1a8]"></a>st_dword</STRONG> (Thumb, 24 bytes, Stack size 0 bytes, ff.o(i.st_dword))
<BR><BR>[Called By]<UL><LI><a href="#[13e]">&gt;&gt;</a>&nbsp;&nbsp;&nbsp;f_open
<LI><a href="#[198]">&gt;&gt;</a>&nbsp;&nbsp;&nbsp;f_sync
<LI><a href="#[1b3]">&gt;&gt;</a>&nbsp;&nbsp;&nbsp;sync_fs
<LI><a href="#[185]">&gt;&gt;</a>&nbsp;&nbsp;&nbsp;put_fat
</UL>

<P><STRONG><a name="[1b2]"></a>st_word</STRONG> (Thumb, 12 bytes, Stack size 0 bytes, ff.o(i.st_word))
<BR><BR>[Called By]<UL><LI><a href="#[198]">&gt;&gt;</a>&nbsp;&nbsp;&nbsp;f_sync
<LI><a href="#[1b3]">&gt;&gt;</a>&nbsp;&nbsp;&nbsp;sync_fs
<LI><a href="#[1aa]">&gt;&gt;</a>&nbsp;&nbsp;&nbsp;st_clust
<LI><a href="#[197]">&gt;&gt;</a>&nbsp;&nbsp;&nbsp;put_lfn
<LI><a href="#[185]">&gt;&gt;</a>&nbsp;&nbsp;&nbsp;put_fat
</UL>

<P><STRONG><a name="[18e]"></a>sum_sfn</STRONG> (Thumb, 32 bytes, Stack size 12 bytes, ff.o(i.sum_sfn))
<BR><BR>[Stack]<UL><LI>Max Depth = 12<LI>Call Chain = sum_sfn
</UL>
<BR>[Called By]<UL><LI><a href="#[194]">&gt;&gt;</a>&nbsp;&nbsp;&nbsp;dir_register
<LI><a href="#[192]">&gt;&gt;</a>&nbsp;&nbsp;&nbsp;dir_read
<LI><a href="#[18d]">&gt;&gt;</a>&nbsp;&nbsp;&nbsp;dir_find
</UL>

<P><STRONG><a name="[1b3]"></a>sync_fs</STRONG> (Thumb, 134 bytes, Stack size 16 bytes, ff.o(i.sync_fs))
<BR><BR>[Stack]<UL><LI>Max Depth = 64<LI>Call Chain = sync_fs &rArr; sync_window &rArr; disk_write
</UL>
<BR>[Calls]<UL><LI><a href="#[190]">&gt;&gt;</a>&nbsp;&nbsp;&nbsp;sync_window
<LI><a href="#[1b2]">&gt;&gt;</a>&nbsp;&nbsp;&nbsp;st_word
<LI><a href="#[1a8]">&gt;&gt;</a>&nbsp;&nbsp;&nbsp;st_dword
<LI><a href="#[189]">&gt;&gt;</a>&nbsp;&nbsp;&nbsp;mem_set
<LI><a href="#[19e]">&gt;&gt;</a>&nbsp;&nbsp;&nbsp;disk_write
<LI><a href="#[1b8]">&gt;&gt;</a>&nbsp;&nbsp;&nbsp;disk_ioctl
</UL>
<BR>[Called By]<UL><LI><a href="#[198]">&gt;&gt;</a>&nbsp;&nbsp;&nbsp;f_sync
</UL>

<P><STRONG><a name="[190]"></a>sync_window</STRONG> (Thumb, 82 bytes, Stack size 24 bytes, ff.o(i.sync_window))
<BR><BR>[Stack]<UL><LI>Max Depth = 48<LI>Call Chain = sync_window &rArr; disk_write
</UL>
<BR>[Calls]<UL><LI><a href="#[19e]">&gt;&gt;</a>&nbsp;&nbsp;&nbsp;disk_write
</UL>
<BR>[Called By]<UL><LI><a href="#[1b3]">&gt;&gt;</a>&nbsp;&nbsp;&nbsp;sync_fs
<LI><a href="#[17e]">&gt;&gt;</a>&nbsp;&nbsp;&nbsp;move_window
<LI><a href="#[18c]">&gt;&gt;</a>&nbsp;&nbsp;&nbsp;dir_next
</UL>

<P><STRONG><a name="[199]"></a>validate</STRONG> (Thumb, 60 bytes, Stack size 16 bytes, ff.o(i.validate))
<BR><BR>[Stack]<UL><LI>Max Depth = 32<LI>Call Chain = validate &rArr; disk_status
</UL>
<BR>[Calls]<UL><LI><a href="#[1b6]">&gt;&gt;</a>&nbsp;&nbsp;&nbsp;disk_status
</UL>
<BR>[Called By]<UL><LI><a href="#[1b4]">&gt;&gt;</a>&nbsp;&nbsp;&nbsp;f_write
<LI><a href="#[165]">&gt;&gt;</a>&nbsp;&nbsp;&nbsp;f_read
<LI><a href="#[166]">&gt;&gt;</a>&nbsp;&nbsp;&nbsp;f_lseek
<LI><a href="#[163]">&gt;&gt;</a>&nbsp;&nbsp;&nbsp;f_closedir
<LI><a href="#[140]">&gt;&gt;</a>&nbsp;&nbsp;&nbsp;f_close
<LI><a href="#[198]">&gt;&gt;</a>&nbsp;&nbsp;&nbsp;f_sync
<LI><a href="#[19b]">&gt;&gt;</a>&nbsp;&nbsp;&nbsp;f_readdir
</UL>

<P><STRONG><a name="[103]"></a>DrawChar</STRONG> (Thumb, 416 bytes, Stack size 200 bytes, stm32_lcd.o(i.DrawChar))
<BR><BR>[Stack]<UL><LI>Max Depth = 232<LI>Call Chain = DrawChar &rArr; UTIL_LCD_FillRGBRect
</UL>
<BR>[Calls]<UL><LI><a href="#[104]">&gt;&gt;</a>&nbsp;&nbsp;&nbsp;UTIL_LCD_FillRGBRect
</UL>
<BR>[Called By]<UL><LI><a href="#[176]">&gt;&gt;</a>&nbsp;&nbsp;&nbsp;UTIL_LCD_DisplayChar
</UL>

<P><STRONG><a name="[178]"></a>_printf_core</STRONG> (Thumb, 748 bytes, Stack size 96 bytes, printf6.o(i._printf_core), UNUSED)
<BR><BR>[Calls]<UL><LI><a href="#[17b]">&gt;&gt;</a>&nbsp;&nbsp;&nbsp;__aeabi_uidivmod
<LI><a href="#[17a]">&gt;&gt;</a>&nbsp;&nbsp;&nbsp;_printf_pre_padding
<LI><a href="#[17c]">&gt;&gt;</a>&nbsp;&nbsp;&nbsp;_printf_post_padding
</UL>
<BR>[Called By]<UL><LI><a href="#[179]">&gt;&gt;</a>&nbsp;&nbsp;&nbsp;__0sprintf$6
<LI><a href="#[177]">&gt;&gt;</a>&nbsp;&nbsp;&nbsp;__0printf$6
</UL>

<P><STRONG><a name="[17c]"></a>_printf_post_padding</STRONG> (Thumb, 36 bytes, Stack size 24 bytes, printf6.o(i._printf_post_padding), UNUSED)
<BR><BR>[Called By]<UL><LI><a href="#[178]">&gt;&gt;</a>&nbsp;&nbsp;&nbsp;_printf_core
</UL>

<P><STRONG><a name="[17a]"></a>_printf_pre_padding</STRONG> (Thumb, 46 bytes, Stack size 24 bytes, printf6.o(i._printf_pre_padding), UNUSED)
<BR><BR>[Called By]<UL><LI><a href="#[178]">&gt;&gt;</a>&nbsp;&nbsp;&nbsp;_printf_core
</UL>

<P><STRONG><a name="[a7]"></a>_sputc</STRONG> (Thumb, 10 bytes, Stack size 0 bytes, printf6.o(i._sputc))
<BR><BR>[Called By]<UL><LI><a href="#[179]">&gt;&gt;</a>&nbsp;&nbsp;&nbsp;__0sprintf$6
</UL>
<BR>[Address Reference Count : 1]<UL><LI> printf6.o(i.__0sprintf$6)
</UL><P>
<H3>
Undefined Global Symbols
</H3><HR></body></html>
