<html>
<body>
<pre>
<h1>µVision Build Log</h1>
<h2>Tool Versions:</h2>
IDE-Version: µVision V5.35.0.0
Copyright (C) 2021 ARM Ltd and ARM Germany GmbH. All rights reserved.
License Information: Vlad Kul, Home, LIC=LJWP0-BNB0K-683FC-7JZWN-TC5L0-KUJN4
 
Tool Versions:
Toolchain:       MDK-ARM Professional  Version: 5.35.0.2
Toolchain Path:  C:\Keil_v5\ARM\ARMCC\Bin
C Compiler:      Armcc.exe V5.06 update 7 (build 960)
Assembler:       Armasm.exe V5.06 update 7 (build 960)
Linker/Locator:  ArmLink.exe V5.06 update 7 (build 960)
Library Manager: ArmAr.exe V5.06 update 7 (build 960)
Hex Converter:   FromElf.exe V5.06 update 7 (build 960)
CPU DLL:         SARMCM3.DLL V5.35.0.2
Dialog DLL:      DCM.DLL V1.17.3.0
Target DLL:      STLink\ST-LINKIII-KEIL_SWO.dll V3.0.9.0
Dialog DLL:      TCM.DLL V1.53.0.0
 
<h2>Project:</h2>
C:\GitHub\NUCLEO-H745_Adafruit_1_8_TFT_V2\NUCLEO-H745_Adafruit_1_8_TFT_V2\MDK-ARM\Project.uvprojx
Project File Date:  04/05/2024

<h2>Output:</h2>
*** Using Compiler 'V5.06 update 7 (build 960)', folder: 'C:\Keil_v5\ARM\ARMCC\Bin'
Rebuild target 'STM32H745ZI_Nucleo_CM7'
Note: source file '../CM7/Src/main.c' - object file renamed from 'STM32H745ZI_Nucleo_CM7\main.o' to 'STM32H745ZI_Nucleo_CM7\main_1.o'.
Note: source file '../CM7/Src/stm32h7xx_hal_msp.c' - object file renamed from 'STM32H745ZI_Nucleo_CM7\stm32h7xx_hal_msp.o' to 'STM32H745ZI_Nucleo_CM7\stm32h7xx_hal_msp_1.o'.
Note: source file '../CM7/Src/stm32h7xx_it.c' - object file renamed from 'STM32H745ZI_Nucleo_CM7\stm32h7xx_it.o' to 'STM32H745ZI_Nucleo_CM7\stm32h7xx_it_1.o'.
Note: source file '../CM7/Src/stm32h7xx_nucleo_bus.c' - object file renamed from 'STM32H745ZI_Nucleo_CM7\stm32h7xx_nucleo_bus.o' to 'STM32H745ZI_Nucleo_CM7\stm32h7xx_nucleo_bus_1.o'.
compiling st7735_reg.c...
compiling adafruit_seesaw.c...
compiling st7735.c...
compiling adafruit_802_sd.c...
compiling adafruit_802.c...
compiling stm32h7xx_hal.c...
compiling system_stm32h7xx.c...
compiling stm32h7xx_nucleo.c...
compiling adafruit_802_lcd.c...
compiling stm32h7xx_hal_adc.c...
compiling stm32h7xx_hal_cortex.c...
compiling stm32h7xx_hal_adc_ex.c...
compiling stm32h7xx_hal_dma_ex.c...
compiling stm32h7xx_hal_flash_ex.c...
compiling stm32h7xx_hal_gpio.c...
compiling stm32h7xx_hal_flash.c...
compiling stm32h7xx_hal_dma.c...
compiling stm32h7xx_hal_hsem.c...
compiling stm32h7xx_hal_spi.c...
compiling stm32h7xx_hal_rcc_ex.c...
compiling stm32h7xx_hal_pwr.c...
compiling stm32h7xx_hal_pwr_ex.c...
compiling stm32h7xx_hal_spi_ex.c...
compiling stm32h7xx_hal_exti.c...
compiling stm32h7xx_hal_rcc.c...
compiling stm32h7xx_hal_uart.c...
compiling fatfs_storage.c...
compiling sd_diskio.c...
compiling stm32h7xx_hal_i2c_ex.c...
compiling stm32h7xx_hal_uart_ex.c...
assembling startup_stm32h745xx.s...
compiling diskio.c...
compiling ff.c...
compiling ff_gen_drv.c...
compiling syscall.c...
compiling unicode.c...
compiling stm32_lcd.c...
compiling retarget_io.c...
compiling stm32h7xx_hal_i2c.c...
compiling main.c...
compiling stm32h7xx_hal_msp.c...
compiling fatfs_sd.c...
compiling stm32h7xx_nucleo_bus.c...
compiling stm32h7xx_it.c...
linking...
Program Size: Code=41088 RO-data=17516 RW-data=288 ZI-data=23632  
FromELF: creating hex file...
"STM32H745ZI_Nucleo_CM7\STM32H745ZI_Nucleo_CM7.axf" - 0 Error(s), 0 Warning(s).

<h2>Software Packages used:</h2>

Package Vendor: ARM
                http://www.keil.com/pack/ARM.CMSIS.5.8.0.pack
                ARM.CMSIS.5.8.0
                CMSIS (Common Microcontroller Software Interface Standard)
   * Component: CORE Version: 5.5.0

Package Vendor: Keil
                http://www.keil.com/pack/Keil.ARM_Compiler.1.6.3.pack
                Keil.ARM_Compiler.1.6.3
                Keil ARM Compiler extensions for ARM Compiler 5 and ARM Compiler 6
   * Component: STDERR Variant: ITM Version: 1.2.0
   * Component: STDIN Variant: ITM Version: 1.2.0
   * Component: STDOUT Variant: ITM Version: 1.2.0

Package Vendor: Keil
                http://www.keil.com/pack/Keil.STM32H7xx_DFP.2.7.0.pack
                Keil.STM32H7xx_DFP.2.7.0
                STMicroelectronics STM32H7 Series Device Support and Examples

<h2>Collection of Component include folders:</h2>
  .\RTE\_STM32H745ZI_Nucleo_CM7
  C:\Users\Âëàäèìèð\AppData\Local\Arm\Packs\ARM\CMSIS\5.8.0\CMSIS\Core\Include
  C:\Users\Âëàäèìèð\AppData\Local\Arm\Packs\Keil\STM32H7xx_DFP\2.7.0\Drivers\CMSIS\Device\ST\STM32H7xx\Include

<h2>Collection of Component Files used:</h2>

   * Component: ARM::CMSIS:CORE:5.5.0

   * Component: Keil.ARM Compiler::Compiler:I/O:STDERR:ITM:1.2.0
      Source file:   Source\retarget_io.c

   * Component: Keil.ARM Compiler::Compiler:I/O:STDIN:ITM:1.2.0
      Source file:   Source\retarget_io.c

   * Component: Keil.ARM Compiler::Compiler:I/O:STDOUT:ITM:1.2.0
      Source file:   Source\retarget_io.c
Build Time Elapsed:  00:02:10
</pre>
</body>
</html>
